67.87.250.252 - - [04/Oct/2005:03:31:50 +0000] "GET /projorangetempl.css HTTP/1.1" 200 831 "http://www.newspiritcompany.com/withspring.html" "Mozilla/4.0 (compatible; MSIE 6.0; Windows NT 5.1; SV1)"
67.87.250.252 - - [04/Oct/2005:03:31:50 +0000] "GET /imgs/spring_diagram01.jpg HTTP/1.1" 200 36128 "http://www.newspiritcompany.com/withspring.html" "Mozilla/4.0 (compatible; MSIE 6.0; Windows NT 5.1; SV1)"
67.87.250.252 - - [04/Oct/2005:03:31:50 +0000] "GET /imgs/spring_code01.jpg HTTP/1.1" 200 19449 "http://www.newspiritcompany.com/withspring.html" "Mozilla/4.0 (compatible; MSIE 6.0; Windows NT 5.1; SV1)"
67.87.250.252 - - [04/Oct/2005:03:31:50 +0000] "GET /imgs/CarPicture03.jpg HTTP/1.1" 200 52268 "http://www.newspiritcompany.com/withspring.html" "Mozilla/4.0 (compatible; MSIE 6.0; Windows NT 5.1; SV1)"
67.87.250.252 - - [04/Oct/2005:03:31:50 +0000] "GET /imgs/spring_cluster01.jpg HTTP/1.1" 200 73893 "http://www.newspiritcompany.com/withspring.html" "Mozilla/4.0 (compatible; MSIE 6.0; Windows NT 5.1; SV1)"
150.101.115.54 - - [04/Oct/2005:03:33:32 +0000] "GET /blog/article/197/gentoo-setup-and-migrating-from-php4-to-php5 HTTP/1.1" 200 2003 "http://www.google.com.au/search?hs=dBc&hl=en&client=firefox&rls=org.mozilla%3Aen-US%3Aunofficial&q=mod_php+gentoo+setup&btnG=Search&meta=" "Mozilla/5.0 (X11; U; Linux i686; en-US; rv:1.7.10) Gecko/20050927 Firefox/1.0.6"
150.101.115.54 - - [04/Oct/2005:03:33:34 +0000] "GET /blog/textpattern/css.php?s=article HTTP/1.1" 200 895 "http://newspiritcompany.com/blog/article/197/gentoo-setup-and-migrating-from-php4-to-php5" "Mozilla/5.0 (X11; U; Linux i686; en-US; rv:1.7.10) Gecko/20050927 Firefox/1.0.6"
150.101.115.54 - - [04/Oct/2005:03:33:34 +0000] "GET /blog/images/17.jpg HTTP/1.1" 200 20827 "http://newspiritcompany.com/blog/article/197/gentoo-setup-and-migrating-from-php4-to-php5" "Mozilla/5.0 (X11; U; Linux i686; en-US; rv:1.7.10) Gecko/20050927 Firefox/1.0.6"
150.101.115.54 - - [04/Oct/2005:03:33:35 +0000] "GET /imgs/new_background_grey.gif HTTP/1.1" 200 17404 "http://newspiritcompany.com/blog/article/197/gentoo-setup-and-migrating-from-php4-to-php5" "Mozilla/5.0 (X11; U; Linux i686; en-US; rv:1.7.10) Gecko/20050927 Firefox/1.0.6"
150.101.115.54 - - [04/Oct/2005:03:33:35 +0000] "GET /imgs/little_box.gif HTTP/1.1" 200 73 "http://newspiritcompany.com/blog/article/197/gentoo-setup-and-migrating-from-php4-to-php5" "Mozilla/5.0 (X11; U; Linux i686; en-US; rv:1.7.10) Gecko/20050927 Firefox/1.0.6"
150.101.115.54 - - [04/Oct/2005:03:33:35 +0000] "GET /favicon.ico HTTP/1.1" 404 183 "-" "Mozilla/5.0 (X11; U; Linux i686; en-US; rv:1.7.10) Gecko/20050927 Firefox/1.0.6"
38.119.96.102 - - [04/Oct/2005:03:34:32 +0000] "GET /lispstart.html HTTP/1.0" 200 4954 "-" "NutchCVS/0.8-dev (Nutch; http://lucene.apache.org/nutch/bot.html; nutch-agent@lucene.apache.org)"
65.214.44.78 - - [04/Oct/2005:03:36:44 +0000] "GET /retroevolution/vb_code05.htm HTTP/1.0" 304 - "-" "Mozilla/2.0 (compatible; Ask Jeeves/Teoma; +http://sp.ask.com/docs/about/tech_crawling.html)"
64.235.246.135 - - [04/Oct/2005:03:38:30 +0000] "GET / HTTP/1.0" 200 4013 "http://64.235.246.135/ZIPPER/index.htm" "Mozilla/5.0 (X11; U; Linux i686; rv:1.7.3)"
67.110.129.200 - - [04/Oct/2005:03:39:32 +0000] "GET / HTTP/1.1" 200 4013 "-" "Java/1.4.2_09"
67.110.129.200 - - [04/Oct/2005:03:39:33 +0000] "GET /lispstart.html HTTP/1.1" 200 4954 "-" "Java/1.4.2_09"
67.110.129.200 - - [04/Oct/2005:03:39:36 +0000] "GET /main.htm HTTP/1.1" 200 21206 "-" "Java/1.4.2_09"
67.110.129.200 - - [04/Oct/2005:03:39:40 +0000] "GET /newprojects.html HTTP/1.1" 200 2809 "-" "Java/1.4.2_09"
67.110.129.200 - - [04/Oct/2005:03:39:41 +0000] "GET /pdfarticles.html HTTP/1.1" 200 9230 "-" "Java/1.4.2_09"
67.110.129.200 - - [04/Oct/2005:03:39:43 +0000] "GET /phoenixproj.html HTTP/1.1" 200 8440 "-" "Java/1.4.2_09"
67.110.129.200 - - [04/Oct/2005:03:39:45 +0000] "GET /software.htm HTTP/1.1" 200 8752 "-" "Java/1.4.2_09"
67.110.129.200 - - [04/Oct/2005:03:39:46 +0000] "GET /stop_poverty_now.html HTTP/1.1" 200 5227 "-" "Java/1.4.2_09"
67.110.129.200 - - [04/Oct/2005:03:39:47 +0000] "GET /factorintro.html HTTP/1.1" 200 21765 "-" "Java/1.4.2_09"
67.110.129.200 - - [04/Oct/2005:03:39:50 +0000] "GET /lisp_dsls.html HTTP/1.1" 200 11036 "-" "Java/1.4.2_09"
67.110.129.200 - - [04/Oct/2005:03:39:51 +0000] "GET /lispfileio.html HTTP/1.1" 200 4303 "-" "Java/1.4.2_09"
67.110.129.200 - - [04/Oct/2005:03:39:52 +0000] "GET /lispsockets.html HTTP/1.1" 200 2561 "-" "Java/1.4.2_09"
67.110.129.200 - - [04/Oct/2005:03:39:52 +0000] "GET /simplecrawler.html HTTP/1.1" 200 12312 "-" "Java/1.4.2_09"
67.110.129.200 - - [04/Oct/2005:03:39:53 +0000] "GET /about.htm HTTP/1.1" 200 6953 "-" "Java/1.4.2_09"
67.110.129.200 - - [04/Oct/2005:03:39:53 +0000] "GET /blogspace.htm HTTP/1.1" 200 23850 "-" "Java/1.4.2_09"
67.110.129.200 - - [04/Oct/2005:03:39:55 +0000] "GET /business.htm HTTP/1.1" 200 7563 "-" "Java/1.4.2_09"
67.110.129.200 - - [04/Oct/2005:03:39:57 +0000] "GET /contact.htm HTTP/1.1" 200 4743 "-" "Java/1.4.2_09"
67.110.129.200 - - [04/Oct/2005:03:39:58 +0000] "GET /enterprise.htm HTTP/1.1" 200 5353 "-" "Java/1.4.2_09"
67.110.129.200 - - [04/Oct/2005:03:39:59 +0000] "GET /factorintor.html HTTP/1.1" 301 252 "-" "Java/1.4.2_09"
67.110.129.200 - - [04/Oct/2005:03:40:00 +0000] "GET /factorintro.html HTTP/1.1" 200 21765 "-" "Java/1.4.2_09"
67.110.129.200 - - [04/Oct/2005:03:40:05 +0000] "GET /index.htm HTTP/1.1" 300 413 "-" "Java/1.4.2_09"
67.110.129.200 - - [04/Oct/2005:03:40:06 +0000] "GET /java.htm HTTP/1.1" 200 9367 "-" "Java/1.4.2_09"
67.110.129.200 - - [04/Oct/2005:03:40:07 +0000] "GET /mostpopldownloads.html HTTP/1.1" 200 43511 "-" "Java/1.4.2_09"
67.110.129.200 - - [04/Oct/2005:03:40:10 +0000] "GET /mostpopular.html HTTP/1.1" 200 115390 "-" "Java/1.4.2_09"
67.110.129.200 - - [04/Oct/2005:03:40:19 +0000] "GET /navigation.html HTTP/1.1" 200 107303 "-" "Java/1.4.2_09"
67.110.129.200 - - [04/Oct/2005:03:40:26 +0000] "GET /news.htm HTTP/1.1" 200 648 "-" "Java/1.4.2_09"
67.110.129.200 - - [04/Oct/2005:03:40:26 +0000] "GET /opensource.htm HTTP/1.1" 200 5207 "-" "Java/1.4.2_09"
67.110.129.200 - - [04/Oct/2005:03:40:27 +0000] "GET /peoplegoodthings.html HTTP/1.1" 200 4448 "-" "Java/1.4.2_09"
67.110.129.200 - - [04/Oct/2005:03:40:28 +0000] "GET /python_for_java.html HTTP/1.1" 200 12019 "-" "Java/1.4.2_09"
67.110.129.200 - - [04/Oct/2005:03:40:28 +0000] "GET /shotgun.htm HTTP/1.1" 200 9778 "-" "Java/1.4.2_09"
67.110.129.200 - - [04/Oct/2005:03:40:29 +0000] "GET /sitemap.htm HTTP/1.1" 200 12199 "-" "Java/1.4.2_09"
67.110.129.200 - - [04/Oct/2005:03:40:30 +0000] "GET /techatlanta.htm HTTP/1.1" 200 8723 "-" "Java/1.4.2_09"
67.110.129.200 - - [04/Oct/2005:03:40:31 +0000] "GET /techyork.htm HTTP/1.1" 200 5487 "-" "Java/1.4.2_09"
67.110.129.200 - - [04/Oct/2005:03:40:32 +0000] "GET /techwriting.html HTTP/1.1" 200 6821 "-" "Java/1.4.2_09"
67.110.129.200 - - [04/Oct/2005:03:40:33 +0000] "GET /ph_ftp.html HTTP/1.1" 200 2735 "-" "Java/1.4.2_09"
67.110.129.200 - - [04/Oct/2005:03:40:34 +0000] "GET /phoenix_jython.html HTTP/1.1" 200 5682 "-" "Java/1.4.2_09"
67.110.129.200 - - [04/Oct/2005:03:40:35 +0000] "GET /BookSoftwarePerspective.htm HTTP/1.1" 200 5097 "-" "Java/1.4.2_09"
67.110.129.200 - - [04/Oct/2005:03:40:35 +0000] "GET /CreateAnOS.htm HTTP/1.1" 200 5056 "-" "Java/1.4.2_09"
67.110.129.200 - - [04/Oct/2005:03:40:36 +0000] "GET /ejb01.htm HTTP/1.1" 200 35729 "-" "Java/1.4.2_09"
67.110.129.200 - - [04/Oct/2005:03:40:39 +0000] "GET /javaccintro.htm HTTP/1.1" 200 12360 "-" "Java/1.4.2_09"
129.89.126.220 - - [04/Oct/2005:03:40:40 +0000] "GET /politicalforay.html HTTP/1.1" 200 2316 "-" "Mozilla/4.0 (compatible; MSIE 6.0; Windows NT 5.1; SV1; .NET CLR 1.1.4322)"
129.89.126.220 - - [04/Oct/2005:03:40:40 +0000] "GET /projorangetempl.css HTTP/1.1" 200 2696 "http://www.newspiritcompany.com/politicalforay.html" "Mozilla/4.0 (compatible; MSIE 6.0; Windows NT 5.1; SV1; .NET CLR 1.1.4322)"
67.110.129.200 - - [04/Oct/2005:03:40:40 +0000] "GET /neuralnetjava.htm HTTP/1.1" 200 6400 "-" "Java/1.4.2_09"
67.110.129.200 - - [04/Oct/2005:03:40:41 +0000] "GET /python.htm HTTP/1.1" 200 5227 "-" "Java/1.4.2_09"
67.110.129.200 - - [04/Oct/2005:03:40:42 +0000] "GET /win32_fact_sockets.html HTTP/1.1" 200 39012 "-" "Java/1.4.2_09"
67.110.129.200 - - [04/Oct/2005:03:40:45 +0000] "GET /win32_factor_example.html HTTP/1.1" 200 49955 "-" "Java/1.4.2_09"
67.110.129.200 - - [04/Oct/2005:03:40:48 +0000] "GET /simplecrawler2.html HTTP/1.1" 200 5308 "-" "Java/1.4.2_09"
129.89.126.220 - - [04/Oct/2005:03:40:50 +0000] "GET /politicalforay.html HTTP/1.1" 200 2316 "-" "Mozilla/4.0 (compatible; MSIE 6.0; Windows NT 5.1; SV1; .NET CLR 1.1.4322)"
129.89.126.220 - - [04/Oct/2005:03:40:50 +0000] "GET /projorangetempl.css HTTP/1.1" 304 - "http://www.newspiritcompany.com/politicalforay.html" "Mozilla/4.0 (compatible; MSIE 6.0; Windows NT 5.1; SV1; .NET CLR 1.1.4322)"
129.89.126.220 - - [04/Oct/2005:03:40:52 +0000] "GET /src/getpreparedaug.pdf HTTP/1.1" 200 81581 "-" "Mozilla/4.0 (compatible; MSIE 6.0; Windows NT 5.1; SV1; .NET CLR 1.1.4322)"
68.142.250.200 - - [04/Oct/2005:03:41:38 +0000] "GET /blog/article/151/what-did-you-buy HTTP/1.0" 200 1375 "-" "Mozilla/5.0 (compatible; Yahoo! Slurp; http://help.yahoo.com/help/us/ysearch/slurp)"
66.249.71.18 - - [04/Oct/2005:03:44:38 +0000] "GET /jythonunitandjdom.html HTTP/1.0" 200 10422 "-" "Googlebot/2.1 (+http://www.google.com/bot.html)"
129.89.126.220 - - [04/Oct/2005:03:40:52 +0000] "GET /src/getpreparedaug.pdf HTTP/1.1" 200 81581 "http://www.newspiritcompany.com/politicalforay.html" "Mozilla/4.0 (compatible; MSIE 6.0; Windows NT 5.1; SV1; .NET CLR 1.1.4322)"
202.108.22.81 - - [04/Oct/2005:03:47:29 +0000] "GET / HTTP/1.1" 412 234 "-" "Baiduspider+(+http://www.baidu.com/search/spider.htm)"
202.96.63.16 - - [04/Oct/2005:03:47:37 +0000] "HEAD /imgs/building_the_app_numbers01.jpg HTTP/1.1" 200 - "-" "Mozilla/4.0 (compatible; MSIE 6.0; Windows NT 5.0)"
207.46.98.42 - - [04/Oct/2005:03:47:56 +0000] "GET /spiritforum/post.php?tid=34&qid=38 HTTP/1.0" 200 11739 "-" "msnbot/1.0 (+http://search.msn.com/msnbot.htm)"
61.152.169.27 - - [04/Oct/2005:03:49:37 +0000] "GET /newprojects.html HTTP/1.1" 200 2809 "http://www.newspiritcompany.com/newprojects.html" "Mozilla/4.0 (compatible; MSIE 6.0; Windows NT 5.1; SV1; .NET CLR 1.1.4322)"
66.246.218.107 - - [04/Oct/2005:03:50:09 +0000] "GET /retroevolution/gismvc/RawConnectJAVA.htm HTTP/1.1" 200 4236 "http://mc.ashgabad.su" "Mozilla/4.0 (compatible; MSIE 5.01; Windows NT 5.0; MRA 4.1 (build 00975))"
66.246.218.107 - - [04/Oct/2005:03:50:09 +0000] "GET /retroevolution/gismvc/RawConnectJAVA.htm HTTP/1.1" 412 218 "http://hydrocodone.mc.azerbaijan.su/buy-hydrocodone/175.nhtml" "Mozilla/4.0 (compatible; MSIE 5.01; Windows NT 5.0; MRA 4.1 (build 00975))"
65.214.44.78 - - [04/Oct/2005:03:50:49 +0000] "GET /retroevolution/vb_code04.htm HTTP/1.0" 304 - "-" "Mozilla/2.0 (compatible; Ask Jeeves/Teoma; +http://sp.ask.com/docs/about/tech_crawling.html)"
68.142.250.136 - - [04/Oct/2005:03:51:53 +0000] "GET /blog?atom=1 HTTP/1.0" 301 204 "-" "Mozilla/5.0 (compatible; Yahoo! Slurp; http://help.yahoo.com/help/us/ysearch/slurp)"
68.142.250.136 - - [04/Oct/2005:03:51:53 +0000] "GET /blog/?atom=1 HTTP/1.0" 200 3636 "-" "Mozilla/5.0 (compatible; Yahoo! Slurp; http://help.yahoo.com/help/us/ysearch/slurp)"
207.7.108.165 - - [04/Oct/2005:04:01:20 +0000] "GET /blog/?rss=1 HTTP/1.1" 304 - "-" "TextPlanet : The People on TextDrive http://textplanet.net/ Planet/0.2 http://www.planetplanet.org/ UltraLiberalFeedParser/2.7.6 +http://diveintomark.org/projects/feed_parser/"
65.214.44.78 - - [04/Oct/2005:04:04:37 +0000] "GET /tomclient_HelloTomClientMain.html HTTP/1.0" 200 951 "-" "Mozilla/2.0 (compatible; Ask Jeeves/Teoma; +http://sp.ask.com/docs/about/tech_crawling.html)"
210.55.128.254 - - [04/Oct/2005:04:11:00 +0000] "GET /imgs/save_junit_again01.jpg HTTP/1.0" 200 47509 "http://jroller.com/page/berlinbrown" "Mozilla/5.0 (Windows; U; Windows NT 5.1; en-US; rv:1.7.10) Gecko/20050716 Firefox/1.0.6"
210.55.128.254 - - [04/Oct/2005:04:11:02 +0000] "GET /blog/images/26.jpg HTTP/1.0" 200 55517 "http://jroller.com/page/berlinbrown" "Mozilla/5.0 (Windows; U; Windows NT 5.1; en-US; rv:1.7.10) Gecko/20050716 Firefox/1.0.6"
193.148.15.2 - - [04/Oct/2005:04:11:36 +0000] "GET /imgs/save_junit_again01.jpg HTTP/1.0" 200 47509 "http://jroller.com/page/berlinbrown?entry=adding_generic_based_testing_to" "Mozilla/5.0 (X11; U; Linux i686; ru-RU; rv:1.7.12) Gecko/20050921 Red Hat/1.0.7-1.4.1 Firefox/1.0.7"
66.249.64.28 - - [04/Oct/2005:04:13:37 +0000] "GET /src/nodes.scm.html HTTP/1.0" 200 2550 "-" "Googlebot/2.1 (+http://www.google.com/bot.html)"
66.246.218.107 - - [04/Oct/2005:04:17:34 +0000] "GET /retroevolution/ArcIMSConnectJavaHTTP.htm HTTP/1.1" 200 4095 "http://mc.ashgabad.su" "Mozilla/4.0 (compatible; MSIE 5.01; Windows NT 5.0; MRA 4.1 (build 00975))"
66.246.218.107 - - [04/Oct/2005:04:17:34 +0000] "GET /retroevolution/ArcIMSConnectJavaHTTP.htm HTTP/1.1" 412 216 "http://hydrocodone.mc.azerbaijan.su/buy-hydrocodone/424.nhtml" "Mozilla/4.0 (compatible; MSIE 5.01; Windows NT 5.0; MRA 4.1 (build 00975))"
65.214.44.78 - - [04/Oct/2005:04:18:29 +0000] "GET /retroevolution/jsp_home.htm HTTP/1.0" 200 3225 "-" "Mozilla/2.0 (compatible; Ask Jeeves/Teoma; +http://sp.ask.com/docs/about/tech_crawling.html)"
207.46.98.42 - - [04/Oct/2005:04:27:05 +0000] "GET /spiritforum/post.php?tid=34&qid=41 HTTP/1.0" 200 10833 "-" "msnbot/1.0 (+http://search.msn.com/msnbot.htm)"
216.148.212.188 - - [04/Oct/2005:04:29:12 +0000] "GET /blog/?rss=1 HTTP/1.1" 304 20 "-" "Bloglines/2.1 (http://www.bloglines.com; 1 subscriber)"
65.214.44.78 - - [04/Oct/2005:04:32:10 +0000] "GET /retroevolution/src/cat.htm HTTP/1.0" 304 - "-" "Mozilla/2.0 (compatible; Ask Jeeves/Teoma; +http://sp.ask.com/docs/about/tech_crawling.html)"
63.242.122.41 - - [04/Oct/2005:04:44:02 +0000] "GET /imgs/drawrobot.jpg HTTP/1.0" 200 11896 "http://www.jroller.com/page/berlinbrown/20050926" "Opera/8.02 (Windows NT 5.1; U; en)"
63.242.122.41 - - [04/Oct/2005:04:44:02 +0000] "GET /blog/images/26.jpg HTTP/1.0" 200 55517 "http://www.jroller.com/page/berlinbrown/20050926" "Opera/8.02 (Windows NT 5.1; U; en)"
63.242.122.41 - - [04/Oct/2005:04:44:02 +0000] "GET /imgs/numbers_and_web_interface03.jpg HTTP/1.0" 200 149323 "http://www.jroller.com/page/berlinbrown/20050926" "Opera/8.02 (Windows NT 5.1; U; en)"
65.214.44.78 - - [04/Oct/2005:04:45:50 +0000] "GET /retroevolution/webdemo/search.htm HTTP/1.0" 200 1593 "-" "Mozilla/2.0 (compatible; Ask Jeeves/Teoma; +http://sp.ask.com/docs/about/tech_crawling.html)"
66.196.91.165 - - [04/Oct/2005:04:49:12 +0000] "GET /robots.txt HTTP/1.0" 404 182 "-" "Mozilla/5.0 (compatible; Yahoo! Slurp; http://help.yahoo.com/help/us/ysearch/slurp)"
66.196.91.168 - - [04/Oct/2005:04:49:12 +0000] "GET /osdev1.html HTTP/1.0" 304 - "-" "Mozilla/5.0 (compatible; Yahoo! Slurp; http://help.yahoo.com/help/us/ysearch/slurp)"
68.142.249.75 - - [04/Oct/2005:04:49:49 +0000] "GET /robots.txt HTTP/1.0" 404 182 "-" "Mozilla/5.0 (compatible; Yahoo! Slurp; http://help.yahoo.com/help/us/ysearch/slurp)"
68.142.249.82 - - [04/Oct/2005:04:49:50 +0000] "GET /spiritforum/viewtopic.php?pid=41 HTTP/1.0" 200 3397 "-" "Mozilla/5.0 (compatible; Yahoo! Slurp; http://help.yahoo.com/help/us/ysearch/slurp)"
66.246.218.107 - - [04/Oct/2005:04:52:10 +0000] "GET /retroevolution/gismvc/RawConnectJAVA.htm HTTP/1.1" 200 4236 "http://mc.ashgabad.su" "Mozilla/4.0 (compatible; MSIE 5.01; Windows NT 5.0; MRA 4.1 (build 00975))"
66.246.218.107 - - [04/Oct/2005:04:52:10 +0000] "GET /retroevolution/gismvc/RawConnectJAVA.htm HTTP/1.1" 412 218 "http://hydrocodone.mc.azerbaijan.su/buy-hydrocodone/391.nhtml" "Mozilla/4.0 (compatible; MSIE 5.01; Windows NT 5.0; MRA 4.1 (build 00975))"
203.34.166.245 - - [04/Oct/2005:04:52:47 +0000] "GET /imgs/save_junit_again01.jpg HTTP/1.1" 200 47509 "http://www.jroller.com/page/berlinbrown" "Mozilla/4.0 (compatible; MSIE 6.0; Windows NT 5.0)"
203.34.166.245 - - [04/Oct/2005:04:52:47 +0000] "GET /blog/images/26.jpg HTTP/1.1" 200 55517 "http://www.jroller.com/page/berlinbrown" "Mozilla/4.0 (compatible; MSIE 6.0; Windows NT 5.0)"
207.46.98.42 - - [04/Oct/2005:04:52:58 +0000] "GET /robots.txt HTTP/1.0" 404 208 "-" "msnbot/1.0 (+http://search.msn.com/msnbot.htm)"
207.46.98.42 - - [04/Oct/2005:04:52:58 +0000] "GET /spiritforum/post.php?tid=37&qid=44 HTTP/1.0" 200 10501 "-" "msnbot/1.0 (+http://search.msn.com/msnbot.htm)"
68.142.249.21 - - [04/Oct/2005:04:55:43 +0000] "GET /spiritforum/viewtopic.php?id=72 HTTP/1.0" 200 1715 "-" "Mozilla/5.0 (compatible; Yahoo! Slurp; http://help.yahoo.com/help/us/ysearch/slurp)"
68.142.249.51 - - [04/Oct/2005:04:57:13 +0000] "GET /robots.txt HTTP/1.0" 404 182 "-" "Mozilla/5.0 (compatible; Yahoo! Slurp; http://help.yahoo.com/help/us/ysearch/slurp)"
68.142.250.161 - - [04/Oct/2005:04:57:13 +0000] "GET /blog HTTP/1.0" 301 198 "-" "Mozilla/5.0 (compatible; Yahoo! Slurp; http://help.yahoo.com/help/us/ysearch/slurp)"
68.142.250.161 - - [04/Oct/2005:04:57:13 +0000] "GET /blog/ HTTP/1.0" 200 8953 "-" "Mozilla/5.0 (compatible; Yahoo! Slurp; http://help.yahoo.com/help/us/ysearch/slurp)"
68.142.250.171 - - [04/Oct/2005:04:58:01 +0000] "GET /retroevolution/ArcIMSConnectJavaHTTP.htm HTTP/1.0" 200 4095 "-" "Mozilla/5.0 (compatible; Yahoo! Slurp; http://help.yahoo.com/help/us/ysearch/slurp)"
65.214.44.78 - - [04/Oct/2005:04:59:42 +0000] "GET /retroevolution/gismvc/VIEW.htm HTTP/1.0" 304 - "-" "Mozilla/2.0 (compatible; Ask Jeeves/Teoma; +http://sp.ask.com/docs/about/tech_crawling.html)"
69.199.24.3 - - [04/Oct/2005:04:59:55 +0000] "GET /blog/images/26.jpg HTTP/1.1" 200 55517 "http://jroller.com/page/berlinbrown" "Mozilla/5.0 (Windows; U; Windows NT 5.1; en-US; rv:1.7.8) Gecko/20050511 Firefox/1.0.4"
69.199.24.3 - - [04/Oct/2005:04:59:56 +0000] "GET /imgs/save_junit_again01.jpg HTTP/1.1" 200 47509 "http://jroller.com/page/berlinbrown" "Mozilla/5.0 (Windows; U; Windows NT 5.1; en-US; rv:1.7.8) Gecko/20050511 Firefox/1.0.4"
207.7.108.165 - - [04/Oct/2005:05:00:37 +0000] "GET /blog/?rss=1 HTTP/1.1" 304 - "-" "TextPlanet : The People on TextDrive http://textplanet.net/ Planet/0.2 http://www.planetplanet.org/ UltraLiberalFeedParser/2.7.6 +http://diveintomark.org/projects/feed_parser/"
24.63.230.233 - - [04/Oct/2005:05:03:06 +0000] "GET /imgs/save_junit_again01.jpg HTTP/1.1" 200 47509 "http://jroller.com/page/berlinbrown?entry=adding_generic_based_testing_to" "Mozilla/4.0 (compatible; MSIE 6.0; Windows NT 5.1; SV1; Crazy Browser 1.0.5; .NET CLR 1.1.4322; .NET CLR 2.0.50215)"
24.63.230.233 - - [04/Oct/2005:05:05:56 +0000] "GET /blog/images/26.jpg HTTP/1.1" 200 55517 "http://jroller.com/page/berlinbrown/20051001" "Mozilla/4.0 (compatible; MSIE 6.0; Windows NT 5.1; SV1; Crazy Browser 1.0.5; .NET CLR 1.1.4322; .NET CLR 2.0.50215)"
24.63.230.233 - - [04/Oct/2005:05:05:59 +0000] "GET /imgs/numbers_and_web_interface03.jpg HTTP/1.1" 200 149323 "http://jroller.com/page/berlinbrown/20051001" "Mozilla/4.0 (compatible; MSIE 6.0; Windows NT 5.1; SV1; Crazy Browser 1.0.5; .NET CLR 1.1.4322; .NET CLR 2.0.50215)"
24.63.230.233 - - [04/Oct/2005:05:06:13 +0000] "GET /imgs/save_junit_again01.jpg HTTP/1.1" 304 - "http://jroller.com/page/berlinbrown/Weblog?catname=%2FJava" "Mozilla/4.0 (compatible; MSIE 6.0; Windows NT 5.1; SV1; Crazy Browser 1.0.5; .NET CLR 1.1.4322; .NET CLR 2.0.50215)"
24.63.230.233 - - [04/Oct/2005:05:06:13 +0000] "GET /imgs/drawrobot.jpg HTTP/1.1" 200 11896 "http://jroller.com/page/berlinbrown/Weblog?catname=%2FJava" "Mozilla/4.0 (compatible; MSIE 6.0; Windows NT 5.1; SV1; Crazy Browser 1.0.5; .NET CLR 1.1.4322; .NET CLR 2.0.50215)"
24.63.230.233 - - [04/Oct/2005:05:06:13 +0000] "GET /imgs/building_the_app_numbers01.jpg HTTP/1.1" 200 81484 "http://jroller.com/page/berlinbrown/Weblog?catname=%2FJava" "Mozilla/4.0 (compatible; MSIE 6.0; Windows NT 5.1; SV1; Crazy Browser 1.0.5; .NET CLR 1.1.4322; .NET CLR 2.0.50215)"
66.249.64.49 - - [04/Oct/2005:05:06:57 +0000] "GET /robots.txt HTTP/1.0" 404 208 "-" "Googlebot/2.1 (+http://www.google.com/bot.html)"
66.249.64.49 - - [04/Oct/2005:05:06:57 +0000] "GET /blog/article/224/junit-testing-with-other-frameworks HTTP/1.0" 200 5568 "-" "Googlebot/2.1 (+http://www.google.com/bot.html)"
82.77.200.17 - - [04/Oct/2005:05:07:29 +0000] "GET /imgs/save_junit_again01.jpg HTTP/1.1" 200 47509 "http://jroller.com/page/berlinbrown?entry=adding_generic_based_testing_to" "Mozilla/4.0 (compatible; MSIE 6.0; Windows NT 5.1; en) Opera 8.0"
82.45.246.79 - - [04/Oct/2005:05:10:22 +0000] "GET /imgs/save_junit_again01.jpg HTTP/1.1" 200 47509 "http://jroller.com/page/berlinbrown?entry=adding_generic_based_testing_to" "Mozilla/5.0 (Macintosh; U; PPC Mac OS X; en-us) AppleWebKit/412.7 (KHTML, like Gecko) Safari/412.5"
66.249.64.14 - - [04/Oct/2005:05:12:06 +0000] "GET /blog/article/223/speroproject-watch-more-highlevel-requirements HTTP/1.0" 200 3672 "-" "Googlebot/2.1 (+http://www.google.com/bot.html)"
202.57.128.9 - - [04/Oct/2005:05:12:19 +0000] "GET /newprojects.html HTTP/1.1" 200 1314 "http://www.jroller.com/page/berlinbrown?entry=more_lisp_snippets_simple_html" "Mozilla/5.0 (Windows; U; Windows NT 5.1; en-US; rv:1.9a1) Gecko/20051003 Firefox/1.6a1"
65.214.44.78 - - [04/Oct/2005:05:13:26 +0000] "GET /retroevolution/fileio/InputObj.htm HTTP/1.0" 304 - "-" "Mozilla/2.0 (compatible; Ask Jeeves/Teoma; +http://sp.ask.com/docs/about/tech_crawling.html)"
64.142.39.247 - - [04/Oct/2005:05:21:05 +0000] "GET /imgs/save_junit_again01.jpg HTTP/1.1" 200 47509 "http://bloglines.com/myblogs_display?sub=13386007&site=1976776" "Mozilla/5.0 (X11; U; Linux i686; en-US; rv:1.7.12) Gecko/20050926 Firefox/1.0.7 (Ubuntu package 1.0.7)"
66.246.218.107 - - [04/Oct/2005:05:22:07 +0000] "GET /retroevolution/ArcIMSConnectJavaHTTP.htm HTTP/1.1" 200 4095 "http://mc.ashgabad.su" "Mozilla/4.0 (compatible; MSIE 5.01; Windows NT 5.0; MRA 4.1 (build 00975))"
66.246.218.107 - - [04/Oct/2005:05:22:07 +0000] "GET /retroevolution/ArcIMSConnectJavaHTTP.htm HTTP/1.1" 412 216 "http://hydrocodone.mc.azerbaijan.su/buy-hydrocodone/630.nhtml" "Mozilla/4.0 (compatible; MSIE 5.01; Windows NT 5.0; MRA 4.1 (build 00975))"
220.106.129.126 - - [04/Oct/2005:05:22:18 +0000] "GET /newprojects.html HTTP/1.1" 200 1314 "http://jroller.com/page/berlinbrown?entry=more_lisp_snippets_simple_html" "Mozilla/4.0 (compatible; MSIE 6.0; Windows NT 5.1; .NET CLR 2.0.40607)"
65.214.44.78 - - [04/Oct/2005:05:29:38 +0000] "GET /robots.txt HTTP/1.0" 404 208 "-" "Mozilla/2.0 (compatible; Ask Jeeves/Teoma; +http://sp.ask.com/docs/about/tech_crawling.html)"
65.214.44.78 - - [04/Oct/2005:05:29:50 +0000] "GET /retroevolution/src/hibernatecfg.htm HTTP/1.0" 200 851 "-" "Mozilla/2.0 (compatible; Ask Jeeves/Teoma; +http://sp.ask.com/docs/about/tech_crawling.html)"
24.4.253.35 - - [04/Oct/2005:05:35:16 +0000] "GET /ejb01.htm HTTP/1.1" 304 - "-" "Mozilla/4.0 (compatible; MSIE 6.0; Windows NT 5.0; .NET CLR 1.1.4322)"
24.4.253.35 - - [04/Oct/2005:05:35:17 +0000] "GET /beta/imgs/snapshot_seaimg01.jpg HTTP/1.1" 304 - "http://newspiritcompany.com/ejb01.htm" "Mozilla/4.0 (compatible; MSIE 6.0; Windows NT 5.0; .NET CLR 1.1.4322)"
24.4.253.35 - - [04/Oct/2005:05:35:17 +0000] "GET /imgs/ros_banner.jpg HTTP/1.1" 304 - "http://newspiritcompany.com/ejb01.htm" "Mozilla/4.0 (compatible; MSIE 6.0; Windows NT 5.0; .NET CLR 1.1.4322)"
24.4.253.35 - - [04/Oct/2005:05:35:17 +0000] "GET /imgs/NewJBoss01.jpg HTTP/1.1" 304 - "http://newspiritcompany.com/ejb01.htm" "Mozilla/4.0 (compatible; MSIE 6.0; Windows NT 5.0; .NET CLR 1.1.4322)"
24.4.253.35 - - [04/Oct/2005:05:35:17 +0000] "GET /imgs/jboss_init01.jpg HTTP/1.1" 304 - "http://newspiritcompany.com/ejb01.htm" "Mozilla/4.0 (compatible; MSIE 6.0; Windows NT 5.0; .NET CLR 1.1.4322)"
24.4.253.35 - - [04/Oct/2005:05:35:17 +0000] "GET /imgs/jboss_script02.jpg HTTP/1.1" 304 - "http://newspiritcompany.com/ejb01.htm" "Mozilla/4.0 (compatible; MSIE 6.0; Windows NT 5.0; .NET CLR 1.1.4322)"
24.4.253.35 - - [04/Oct/2005:05:35:17 +0000] "GET /imgs/jboss_init03.jpg HTTP/1.1" 304 - "http://newspiritcompany.com/ejb01.htm" "Mozilla/4.0 (compatible; MSIE 6.0; Windows NT 5.0; .NET CLR 1.1.4322)"
24.4.253.35 - - [04/Oct/2005:05:35:17 +0000] "GET /imgs/jboss_agent01.jpg HTTP/1.1" 304 - "http://newspiritcompany.com/ejb01.htm" "Mozilla/4.0 (compatible; MSIE 6.0; Windows NT 5.0; .NET CLR 1.1.4322)"
24.4.253.35 - - [04/Oct/2005:05:35:17 +0000] "GET /imgs/jboss_uninstall01.jpg HTTP/1.1" 304 - "http://newspiritcompany.com/ejb01.htm" "Mozilla/4.0 (compatible; MSIE 6.0; Windows NT 5.0; .NET CLR 1.1.4322)"
24.4.253.35 - - [04/Oct/2005:05:35:17 +0000] "GET /imgs/jms_mysql_changes.jpg HTTP/1.1" 304 - "http://newspiritcompany.com/ejb01.htm" "Mozilla/4.0 (compatible; MSIE 6.0; Windows NT 5.0; .NET CLR 1.1.4322)"
24.4.253.35 - - [04/Oct/2005:05:35:17 +0000] "GET /beta/imgs/snapshot_build03.jpg HTTP/1.1" 304 - "http://newspiritcompany.com/ejb01.htm" "Mozilla/4.0 (compatible; MSIE 6.0; Windows NT 5.0; .NET CLR 1.1.4322)"
24.4.253.35 - - [04/Oct/2005:05:35:17 +0000] "GET /beta/imgs/snapshot_build04.jpg HTTP/1.1" 304 - "http://newspiritcompany.com/ejb01.htm" "Mozilla/4.0 (compatible; MSIE 6.0; Windows NT 5.0; .NET CLR 1.1.4322)"
24.4.253.35 - - [04/Oct/2005:05:35:17 +0000] "GET /imgs/snapshot_jboss_deploy.jpg HTTP/1.1" 304 - "http://newspiritcompany.com/ejb01.htm" "Mozilla/4.0 (compatible; MSIE 6.0; Windows NT 5.0; .NET CLR 1.1.4322)"
66.249.66.130 - - [04/Oct/2005:05:35:18 +0000] "GET /robots.txt HTTP/1.1" 404 182 "-" "Mediapartners-Google/2.1"
66.249.66.130 - - [04/Oct/2005:05:35:18 +0000] "GET /ejb01.htm HTTP/1.1" 200 12171 "-" "Mediapartners-Google/2.1"
59.181.96.25 - - [04/Oct/2005:05:36:05 +0000] "GET /imgs/save_junit_again01.jpg HTTP/1.1" 200 47509 "http://www.jroller.com/page/berlinbrown?entry=adding_generic_based_testing_to" "Mozilla/4.0 (compatible; MSIE 6.0; Windows NT 5.1; en) Opera 8.02"
199.40.206.3 - - [04/Oct/2005:05:39:02 +0000] "GET /imgs/save_junit_again01.jpg HTTP/1.0" 200 47509 "http://www.jroller.com/page/berlinbrown?entry=adding_generic_based_testing_to" "Mozilla/4.0 (compatible; MSIE 6.0; Windows NT 5.1; Maxthon; .NET CLR 1.1.4322)"
66.249.71.3 - - [04/Oct/2005:05:41:45 +0000] "GET /blog/ HTTP/1.0" 200 28852 "-" "Googlebot/2.1 (+http://www.google.com/bot.html)"
65.214.44.78 - - [04/Oct/2005:05:43:28 +0000] "GET /retroevolution/webdemo/mapserver.htm HTTP/1.0" 304 - "-" "Mozilla/2.0 (compatible; Ask Jeeves/Teoma; +http://sp.ask.com/docs/about/tech_crawling.html)"
66.246.218.107 - - [04/Oct/2005:05:44:33 +0000] "GET /retroevolution/gismvc/RawConnectJAVA.htm HTTP/1.1" 200 4236 "http://mc.ashgabad.su" "Mozilla/4.0 (compatible; MSIE 5.01; Windows NT 5.0; MRA 4.1 (build 00975))"
66.246.218.107 - - [04/Oct/2005:05:44:33 +0000] "GET /retroevolution/gismvc/RawConnectJAVA.htm HTTP/1.1" 412 218 "http://hydrocodone.mc.azerbaijan.su/buy-hydrocodone/276.nhtml" "Mozilla/4.0 (compatible; MSIE 5.01; Windows NT 5.0; MRA 4.1 (build 00975))"
64.34.145.195 - - [04/Oct/2005:05:46:56 +0000] "GET /robots.txt HTTP/1.0" 404 208 "-" "SBIder/0.8-dev (SBIder; http://www.sitesell.com/sbider.html; http://support.sitesell.com/contact-support.html)"
64.34.145.195 - - [04/Oct/2005:05:47:23 +0000] "GET /lispfileio.html HTTP/1.0" 200 4303 "-" "SBIder/0.8-dev (SBIder; http://www.sitesell.com/sbider.html; http://support.sitesell.com/contact-support.html)"
64.203.57.78 - - [04/Oct/2005:05:48:59 +0000] "GET /imgs/simple_lisp_code.jpg HTTP/1.1" 200 102833 "http://images.google.com/imgres?imgurl=http://www.newspiritcompany.com/imgs/simple_lisp_code.jpg&imgrefurl=http://www.jroller.com/page/berlinbrown/20050903&h=583&w=600&sz=101&tbnid=B-jKrvjM8_wJ:&tbnh=129&tbnw=133&hl=en&prev=/images%3Fq%3Dlisp%2Bcode%26svnum%3D10%26hl%3Den%26lr%3D%26c2coff%3D1%26safe%3Doff%26sa%3DG&frame=small" "Mozilla/5.0 (X11; U; Linux i686; en-US; rv:1.7.8) Gecko/20050610 Firefox/1.0.4 StumbleUpon/1.9993 (Debian package 1.0.4-3)"
64.203.57.78 - - [04/Oct/2005:05:49:06 +0000] "GET /imgs/numbers_initial_project01.jpg HTTP/1.1" 200 27022 "http://www.jroller.com/page/berlinbrown/20050903" "Mozilla/5.0 (X11; U; Linux i686; en-US; rv:1.7.8) Gecko/20050610 Firefox/1.0.4 StumbleUpon/1.9993 (Debian package 1.0.4-3)"
64.203.57.78 - - [04/Oct/2005:05:49:06 +0000] "GET /imgs/numbers_MajorComponents.jpg HTTP/1.1" 200 41770 "http://www.jroller.com/page/berlinbrown/20050903" "Mozilla/5.0 (X11; U; Linux i686; en-US; rv:1.7.8) Gecko/20050610 Firefox/1.0.4 StumbleUpon/1.9993 (Debian package 1.0.4-3)"
64.203.57.78 - - [04/Oct/2005:05:49:06 +0000] "GET /imgs/opensource_development_stack01_sm.jpg HTTP/1.1" 200 50328 "http://www.jroller.com/page/berlinbrown/20050903" "Mozilla/5.0 (X11; U; Linux i686; en-US; rv:1.7.8) Gecko/20050610 Firefox/1.0.4 StumbleUpon/1.9993 (Debian package 1.0.4-3)"
64.203.57.78 - - [04/Oct/2005:05:49:06 +0000] "GET /imgs/xml_gives_crash01.jpg HTTP/1.1" 200 69434 "http://www.jroller.com/page/berlinbrown/20050903" "Mozilla/5.0 (X11; U; Linux i686; en-US; rv:1.7.8) Gecko/20050610 Firefox/1.0.4 StumbleUpon/1.9993 (Debian package 1.0.4-3)"
212.145.70.36 - - [04/Oct/2005:05:50:35 +0000] "GET /imgs/save_junit_again01.jpg HTTP/1.1" 200 47509 "http://jroller.com/page/berlinbrown?entry=adding_generic_based_testing_to" "Mozilla/5.0 (Windows; U; Windows NT 5.1; en-US; rv:1.7.12) Gecko/20050915 Firefox/1.0.7"
66.249.71.56 - - [04/Oct/2005:05:53:07 +0000] "GET /blog/article/223/speroproject-watch-more-highlevel-requirements HTTP/1.0" 200 3672 "-" "Googlebot/2.1 (+http://www.google.com/bot.html)"
64.34.145.195 - - [04/Oct/2005:05:53:35 +0000] "GET /shotgun.htm HTTP/1.0" 200 9778 "-" "SBIder/0.8-dev (SBIder; http://www.sitesell.com/sbider.html; http://support.sitesell.com/contact-support.html)"
65.214.44.78 - - [04/Oct/2005:05:57:06 +0000] "GET /retroevolution/webdemo/struts.htm HTTP/1.0" 200 1340 "-" "Mozilla/2.0 (compatible; Ask Jeeves/Teoma; +http://sp.ask.com/docs/about/tech_crawling.html)"
66.249.71.50 - - [04/Oct/2005:05:58:59 +0000] "GET /blog/article/206/bash-and-more-script-tutorials HTTP/1.0" 200 4686 "-" "Googlebot/2.1 (+http://www.google.com/bot.html)"
207.7.108.165 - - [04/Oct/2005:06:01:20 +0000] "GET /blog/?rss=1 HTTP/1.1" 304 - "-" "TextPlanet : The People on TextDrive http://textplanet.net/ Planet/0.2 http://www.planetplanet.org/ UltraLiberalFeedParser/2.7.6 +http://diveintomark.org/projects/feed_parser/"
64.34.145.195 - - [04/Oct/2005:06:01:33 +0000] "GET /news.htm HTTP/1.0" 200 648 "-" "SBIder/0.8-dev (SBIder; http://www.sitesell.com/sbider.html; http://support.sitesell.com/contact-support.html)"
64.34.145.195 - - [04/Oct/2005:06:01:39 +0000] "GET /software.htm HTTP/1.0" 200 8752 "-" "SBIder/0.8-dev (SBIder; http://www.sitesell.com/sbider.html; http://support.sitesell.com/contact-support.html)"
64.34.145.195 - - [04/Oct/2005:06:01:44 +0000] "GET /phoenixproj.html HTTP/1.0" 200 8440 "-" "SBIder/0.8-dev (SBIder; http://www.sitesell.com/sbider.html; http://support.sitesell.com/contact-support.html)"
64.34.145.195 - - [04/Oct/2005:06:01:51 +0000] "GET /about.htm HTTP/1.0" 200 6953 "-" "SBIder/0.8-dev (SBIder; http://www.sitesell.com/sbider.html; http://support.sitesell.com/contact-support.html)"
66.249.71.9 - - [04/Oct/2005:06:04:09 +0000] "GET /blog/article/221/part-2---religion-is-important HTTP/1.0" 200 4285 "-" "Googlebot/2.1 (+http://www.google.com/bot.html)"
66.249.64.14 - - [04/Oct/2005:06:04:10 +0000] "GET /blog/article/209/defending-relgion-on-the-internet-is-tough HTTP/1.0" 200 7884 "-" "Googlebot/2.1 (+http://www.google.com/bot.html)"
66.249.71.15 - - [04/Oct/2005:06:04:16 +0000] "GET /blog/article/222/religion-and-the--constitution HTTP/1.0" 200 4197 "-" "Googlebot/2.1 (+http://www.google.com/bot.html)"
66.249.64.10 - - [04/Oct/2005:06:05:44 +0000] "GET /blog/article/220/because-religion-is-important HTTP/1.0" 200 4498 "-" "Googlebot/2.1 (+http://www.google.com/bot.html)"
66.196.101.98 - - [04/Oct/2005:06:09:12 +0000] "GET /robots.txt HTTP/1.0" 404 182 "-" "Mozilla/5.0 (compatible; Yahoo! Slurp; http://help.yahoo.com/help/us/ysearch/slurp)"
66.196.101.92 - - [04/Oct/2005:06:09:12 +0000] "GET / HTTP/1.0" 200 1791 "-" "Mozilla/5.0 (compatible; Yahoo! Slurp; http://help.yahoo.com/help/us/ysearch/slurp)"
65.214.44.78 - - [04/Oct/2005:06:10:56 +0000] "GET /retroevolution/copy_paste_asp.htm HTTP/1.0" 200 2764 "-" "Mozilla/2.0 (compatible; Ask Jeeves/Teoma; +http://sp.ask.com/docs/about/tech_crawling.html)"
66.246.218.107 - - [04/Oct/2005:06:11:26 +0000] "GET /retroevolution/ArcIMSConnectJavaHTTP.htm HTTP/1.1" 200 4095 "http://mc.ashgabad.su" "Mozilla/4.0 (compatible; MSIE 5.01; Windows NT 5.0; MRA 4.1 (build 00975))"
66.246.218.107 - - [04/Oct/2005:06:11:26 +0000] "GET /retroevolution/ArcIMSConnectJavaHTTP.htm HTTP/1.1" 412 216 "http://hydrocodone.mc.azerbaijan.su/buy-hydrocodone/191.nhtml" "Mozilla/4.0 (compatible; MSIE 5.01; Windows NT 5.0; MRA 4.1 (build 00975))"
213.244.3.18 - - [04/Oct/2005:06:15:00 +0000] "GET /newprojects.html HTTP/1.0" 200 1314 "http://www.jroller.com/page/berlinbrown?entry=more_lisp_snippets_simple_html" "Mozilla/5.0 (Windows; U; Windows NT 5.1; fr-FR; rv:1.7.12) Gecko/20050919 Firefox/1.0.7"
213.244.3.18 - - [04/Oct/2005:06:15:01 +0000] "GET /favicon.ico HTTP/1.0" 404 183 "-" "Mozilla/5.0 (Windows; U; Windows NT 5.1; fr-FR; rv:1.7.12) Gecko/20050919 Firefox/1.0.7"
136.165.83.254 - - [04/Oct/2005:06:18:29 +0000] "GET /retroevolution/tiger.htm HTTP/1.1" 200 3277 "http://search.yahoo.com/search?p=install+jdk+5.0+linux+edit+add+line&ei=UTF-8&rls=org.mozilla:en-US:unofficial" "Mozilla/5.0 (X11; U; Linux i686; en-US; rv:1.7.7) Gecko/20050418 Firefox/1.0.3 (Debian package 1.0.3-1)"
136.165.83.254 - - [04/Oct/2005:06:18:29 +0000] "GET /retroevolution/stylesheets/home.css HTTP/1.1" 200 642 "http://newspiritcompany.com/retroevolution/tiger.htm" "Mozilla/5.0 (X11; U; Linux i686; en-US; rv:1.7.7) Gecko/20050418 Firefox/1.0.3 (Debian package 1.0.3-1)"
136.165.83.254 - - [04/Oct/2005:06:18:30 +0000] "GET /retroevolution/imgs/new_logo06.jpg HTTP/1.1" 200 14387 "http://newspiritcompany.com/retroevolution/tiger.htm" "Mozilla/5.0 (X11; U; Linux i686; en-US; rv:1.7.7) Gecko/20050418 Firefox/1.0.3 (Debian package 1.0.3-1)"
136.165.83.254 - - [04/Oct/2005:06:18:30 +0000] "GET /retroevolution/imgs/snapshot_java01.jpg HTTP/1.1" 200 16766 "http://newspiritcompany.com/retroevolution/tiger.htm" "Mozilla/5.0 (X11; U; Linux i686; en-US; rv:1.7.7) Gecko/20050418 Firefox/1.0.3 (Debian package 1.0.3-1)"
66.249.66.130 - - [04/Oct/2005:06:18:30 +0000] "GET /retroevolution/tiger.htm HTTP/1.1" 200 3277 "-" "Mediapartners-Google/2.1"
136.165.83.254 - - [04/Oct/2005:06:18:30 +0000] "GET /retroevolution/imgs/snapshot_lookfeel HTTP/1.1" 200 36856 "http://newspiritcompany.com/retroevolution/tiger.htm" "Mozilla/5.0 (X11; U; Linux i686; en-US; rv:1.7.7) Gecko/20050418 Firefox/1.0.3 (Debian package 1.0.3-1)"
136.165.83.254 - - [04/Oct/2005:06:18:30 +0000] "GET /retroevolution/imgs/snapshot_portage.jpg HTTP/1.1" 200 46265 "http://newspiritcompany.com/retroevolution/tiger.htm" "Mozilla/5.0 (X11; U; Linux i686; en-US; rv:1.7.7) Gecko/20050418 Firefox/1.0.3 (Debian package 1.0.3-1)"
136.165.83.254 - - [04/Oct/2005:06:18:30 +0000] "GET /retroevolution/imgs/snapshot_java02.jpg HTTP/1.1" 200 24653 "http://newspiritcompany.com/retroevolution/tiger.htm" "Mozilla/5.0 (X11; U; Linux i686; en-US; rv:1.7.7) Gecko/20050418 Firefox/1.0.3 (Debian package 1.0.3-1)"
136.165.83.254 - - [04/Oct/2005:06:18:31 +0000] "GET /retroevolution/imgs/snapshot_vm02.jpg HTTP/1.1" 200 51938 "http://newspiritcompany.com/retroevolution/tiger.htm" "Mozilla/5.0 (X11; U; Linux i686; en-US; rv:1.7.7) Gecko/20050418 Firefox/1.0.3 (Debian package 1.0.3-1)"
136.165.83.254 - - [04/Oct/2005:06:18:31 +0000] "GET /favicon.ico HTTP/1.1" 404 183 "-" "Mozilla/5.0 (X11; U; Linux i686; en-US; rv:1.7.7) Gecko/20050418 Firefox/1.0.3 (Debian package 1.0.3-1)"
65.214.44.78 - - [04/Oct/2005:06:24:35 +0000] "GET /retroevolution/ant/ant_mbean.htm HTTP/1.0" 304 - "-" "Mozilla/2.0 (compatible; Ask Jeeves/Teoma; +http://sp.ask.com/docs/about/tech_crawling.html)"
202.108.22.81 - - [04/Oct/2005:06:25:06 +0000] "GET / HTTP/1.1" 412 234 "-" "Baiduspider+(+http://www.baidu.com/search/spider.htm)"
68.142.249.75 - - [04/Oct/2005:06:25:39 +0000] "GET /robots.txt HTTP/1.0" 404 182 "-" "Mozilla/5.0 (compatible; Yahoo! Slurp; http://help.yahoo.com/help/us/ysearch/slurp)"
68.142.251.192 - - [04/Oct/2005:06:25:54 +0000] "GET /blog/article/222/religion-and-the--constitution HTTP/1.0" 200 1773 "-" "Mozilla/5.0 (compatible; Yahoo! Slurp; http://help.yahoo.com/help/us/ysearch/slurp)"
207.46.98.42 - - [04/Oct/2005:06:30:43 +0000] "GET /spiritforum/post.php?tid=22&qid=26 HTTP/1.0" 200 5358 "-" "msnbot/1.0 (+http://search.msn.com/msnbot.htm)"
65.214.44.78 - - [04/Oct/2005:06:38:20 +0000] "GET /ejb/session_HelloWorldSession.html HTTP/1.0" 304 - "-" "Mozilla/2.0 (compatible; Ask Jeeves/Teoma; +http://sp.ask.com/docs/about/tech_crawling.html)"
216.148.212.187 - - [04/Oct/2005:06:39:06 +0000] "GET /blog/?rss=1 HTTP/1.1" 304 20 "-" "Bloglines/2.1 (http://www.bloglines.com; 1 subscriber)"
194.98.7.155 - - [04/Oct/2005:06:41:06 +0000] "GET /retroevolution/hibernate.htm HTTP/1.0" 200 16896 "http://www.google.fr/search?q=oscache+hibernate+configuration&hl=fr&lr=&start=30&sa=N" "Mozilla/4.0 (compatible; MSIE 6.0; Windows NT 5.0)"
194.98.7.155 - - [04/Oct/2005:06:41:06 +0000] "GET /retroevolution/imgs/new_logo06.jpg HTTP/1.0" 200 14387 "http://www.newspiritcompany.com/retroevolution/hibernate.htm" "Mozilla/4.0 (compatible; MSIE 6.0; Windows NT 5.0)"
194.98.7.155 - - [04/Oct/2005:06:41:06 +0000] "GET /retroevolution/stylesheets/home.css HTTP/1.0" 200 1708 "http://www.newspiritcompany.com/retroevolution/hibernate.htm" "Mozilla/4.0 (compatible; MSIE 6.0; Windows NT 5.0)"
194.98.7.155 - - [04/Oct/2005:06:41:07 +0000] "GET /retroevolution/imgs/snapshot_lib03.jpg HTTP/1.0" 200 79314 "http://www.newspiritcompany.com/retroevolution/hibernate.htm" "Mozilla/4.0 (compatible; MSIE 6.0; Windows NT 5.0)"
194.98.7.155 - - [04/Oct/2005:06:41:07 +0000] "GET /retroevolution/imgs/hibernate_pic03.jpg HTTP/1.0" 200 68085 "http://www.newspiritcompany.com/retroevolution/hibernate.htm" "Mozilla/4.0 (compatible; MSIE 6.0; Windows NT 5.0)"
194.98.7.155 - - [04/Oct/2005:06:41:07 +0000] "GET /retroevolution/imgs/snapshot_eclipse07.jpg HTTP/1.0" 200 91586 "http://www.newspiritcompany.com/retroevolution/hibernate.htm" "Mozilla/4.0 (compatible; MSIE 6.0; Windows NT 5.0)"
194.98.7.155 - - [04/Oct/2005:06:41:07 +0000] "GET /retroevolution/imgs/snapshot_deploy03.jpg HTTP/1.0" 200 76077 "http://www.newspiritcompany.com/retroevolution/hibernate.htm" "Mozilla/4.0 (compatible; MSIE 6.0; Windows NT 5.0)"
194.98.7.155 - - [04/Oct/2005:06:41:08 +0000] "GET /retroevolution/imgs/snapshot_jmxconsole01.jpg HTTP/1.0" 200 90528 "http://www.newspiritcompany.com/retroevolution/hibernate.htm" "Mozilla/4.0 (compatible; MSIE 6.0; Windows NT 5.0)"
194.98.7.155 - - [04/Oct/2005:06:41:08 +0000] "GET /retroevolution/imgs/snapshot_jmxconsole02.jpg HTTP/1.0" 200 70121 "http://www.newspiritcompany.com/retroevolution/hibernate.htm" "Mozilla/4.0 (compatible; MSIE 6.0; Windows NT 5.0)"
203.91.193.6 - - [04/Oct/2005:06:49:13 +0000] "GET /imgs/save_junit_again01.jpg HTTP/1.1" 200 47509 "http://jroller.com/page/berlinbrown?entry=adding_generic_based_testing_to" "Mozilla/5.0 (Windows; U; Windows NT 5.1; en-US; rv:1.8b4) Gecko/20050908 Firefox/1.4"
65.214.44.78 - - [04/Oct/2005:06:52:14 +0000] "GET /retroevolution/webdemo/gomain.htm HTTP/1.0" 200 1917 "-" "Mozilla/2.0 (compatible; Ask Jeeves/Teoma; +http://sp.ask.com/docs/about/tech_crawling.html)"
66.249.71.15 - - [04/Oct/2005:06:52:53 +0000] "GET /blog/article/222/religion-and-the--constitution HTTP/1.0" 200 4197 "-" "Googlebot/2.1 (+http://www.google.com/bot.html)"
71.112.207.245 - - [04/Oct/2005:06:54:43 +0000] "GET / HTTP/1.1" 200 1789 "http://www.aeyh.com/youngstown-ohio-lawyer.html" "http://www.aeqk.com/jewelry-store-titanium.html"
71.112.207.245 - - [04/Oct/2005:06:54:43 +0000] "GET / HTTP/1.1" 200 1789 "http://www.aeyq.com/equity-home-loan-tax.html" "http://www.aeqb.com/ring-simulated-tanzanite.html"
71.112.207.245 - - [04/Oct/2005:06:54:44 +0000] "GET / HTTP/1.1" 412 187 "http://www.aeyl.com/south-haven-michigan-home-mortgage.html" "http://www.aeqb.com/ring-simulated-tanzanite.html"
71.112.207.245 - - [04/Oct/2005:06:54:44 +0000] "GET / HTTP/1.1" 200 1789 "http://www.aeyj.com/apartment-austin-guide-texas.html" "http://www.aeqk.com/jewelry-store-titanium.html"
71.112.207.245 - - [04/Oct/2005:06:54:44 +0000] "GET / HTTP/1.1" 200 1789 "http://www.johncreality.com/" "http://www.aeqk.com/jewelry-store-titanium.html"
71.112.207.245 - - [04/Oct/2005:06:54:44 +0000] "GET / HTTP/1.1" 200 1789 "http://www.aeym.com/alaska-day-tour.html" "http://www.aeqk.com/jewelry-store-titanium.html"
71.112.207.245 - - [04/Oct/2005:06:54:44 +0000] "GET / HTTP/1.1" 200 1789 "http://www.aexv.com/hotel-st-louis.html" "http://www.aeqk.com/jewelry-store-titanium.html"
71.112.207.245 - - [04/Oct/2005:06:54:44 +0000] "GET / HTTP/1.1" 200 1789 "http://www.aeyk.com/attorney-malpractice-pennsylvania.html" "http://www.aeqk.com/jewelry-store-titanium.html"
71.112.207.245 - - [04/Oct/2005:06:54:44 +0000] "GET / HTTP/1.1" 200 1789 "http://www.aexz.com/" "http://www.aeqb.com/ring-simulated-tanzanite.html"
71.112.207.245 - - [04/Oct/2005:06:54:44 +0000] "GET / HTTP/1.1" 200 1789 "http://www.jccleanngproducts.com/golf-ireland-package-vacation.html" "http://www.aeqk.com/jewelry-store-titanium.html"
71.112.207.245 - - [04/Oct/2005:06:54:45 +0000] "GET / HTTP/1.1" 200 1789 "http://www.hitchikerstothegalaxy.com/espn-football.html" "http://www.aeqb.com/ring-simulated-tanzanite.html"
71.112.207.245 - - [04/Oct/2005:06:54:44 +0000] "GET / HTTP/1.1" 200 1789 "http://www.jccustomguns.com/disney-downloadable-game.html" "http://www.aeqk.com/jewelry-store-titanium.html"
71.112.207.245 - - [04/Oct/2005:06:54:45 +0000] "GET / HTTP/1.1" 200 1789 "http://www.furnitureulimited.com/baseball-catcher-equipment.html" "http://www.aeqb.com/ring-simulated-tanzanite.html"
71.112.207.245 - - [04/Oct/2005:06:54:45 +0000] "GET / HTTP/1.1" 200 1789 "http://www.deepscubadiving.com/donruss-baseball-card-values.html" "http://www.aeqk.com/jewelry-store-titanium.html"
71.112.207.245 - - [04/Oct/2005:06:54:45 +0000] "GET / HTTP/1.1" 200 1789 "http://www.carcleeners.com/wholesale-sports-memorabilia.html" "http://www.aeqk.com/jewelry-store-titanium.html"
66.246.218.107 - - [04/Oct/2005:06:56:23 +0000] "GET /retroevolution/gismvc/RawConnectJAVA.htm HTTP/1.1" 200 4236 "http://mc.ashgabad.su" "Mozilla/4.0 (compatible; MSIE 5.01; Windows NT 5.0; MRA 4.1 (build 00975))"
66.246.218.107 - - [04/Oct/2005:06:56:23 +0000] "GET /retroevolution/gismvc/RawConnectJAVA.htm HTTP/1.1" 412 218 "http://hydrocodone.mc.azerbaijan.su/buy-hydrocodone/535.nhtml" "Mozilla/4.0 (compatible; MSIE 5.01; Windows NT 5.0; MRA 4.1 (build 00975))"
218.228.219.238 - - [04/Oct/2005:06:56:51 +0000] "GET /retroevolution/vb/src/src/src/src/src/src/src/src/src/src/src/src/src/src/src/src/src/src/src/src/src/src/src/src/oracle.txt HTTP/1.1" 200 3094 "http://search.msn.co.jp/results.aspx?v=1&RS=CHECKED&CY=ja&FORM=MSNH&q=src" "Mozilla/4.0 (compatible; MSIE 6.0; Windows NT 5.1; SV1)"
218.228.219.238 - - [04/Oct/2005:06:56:53 +0000] "GET /retroevolution/vb/src/src/src/src/src/src/src/src/src/src/src/src/src/src/src/src/src/src/src/src/src/src/src/src/javascript/abData.js HTTP/1.1" 200 3094 "http://newspiritcompany.com/retroevolution/vb/src/src/src/src/src/src/src/src/src/src/src/src/src/src/src/src/src/src/src/src/src/src/src/src/oracle.txt" "Mozilla/4.0 (compatible; MSIE 6.0; Windows NT 5.1; SV1)"
218.228.219.238 - - [04/Oct/2005:06:56:54 +0000] "GET /retroevolution/vb/src/src/src/src/src/src/src/src/src/src/src/src/src/src/src/src/src/src/src/src/src/src/src/src/imgs/retroPageTitle.jpg HTTP/1.1" 200 12579 "http://newspiritcompany.com/retroevolution/vb/src/src/src/src/src/src/src/src/src/src/src/src/src/src/src/src/src/src/src/src/src/src/src/src/oracle.txt" "Mozilla/4.0 (compatible; MSIE 6.0; Windows NT 5.1; SV1)"
218.228.219.238 - - [04/Oct/2005:06:56:54 +0000] "GET /retroevolution/vb/src/src/src/src/src/src/src/src/src/src/src/src/src/src/src/src/src/src/src/src/src/src/src/src/imgs/t_Mega1.jpg HTTP/1.1" 200 12579 "http://newspiritcompany.com/retroevolution/vb/src/src/src/src/src/src/src/src/src/src/src/src/src/src/src/src/src/src/src/src/src/src/src/src/oracle.txt" "Mozilla/4.0 (compatible; MSIE 6.0; Windows NT 5.1; SV1)"
218.228.219.238 - - [04/Oct/2005:06:56:55 +0000] "GET /retroevolution/vb/src/src/src/src/src/src/src/src/src/src/src/src/src/src/src/src/src/src/src/src/src/src/src/src/imgs/t_news1.jpg HTTP/1.1" 200 12579 "http://newspiritcompany.com/retroevolution/vb/src/src/src/src/src/src/src/src/src/src/src/src/src/src/src/src/src/src/src/src/src/src/src/src/oracle.txt" "Mozilla/4.0 (compatible; MSIE 6.0; Windows NT 5.1; SV1)"
218.228.219.238 - - [04/Oct/2005:06:56:55 +0000] "GET /retroevolution/vb/src/src/src/src/src/src/src/src/src/src/src/src/src/src/src/src/src/src/src/src/src/src/src/src/imgs/t_About1.jpg HTTP/1.1" 200 12579 "http://newspiritcompany.com/retroevolution/vb/src/src/src/src/src/src/src/src/src/src/src/src/src/src/src/src/src/src/src/src/src/src/src/src/oracle.txt" "Mozilla/4.0 (compatible; MSIE 6.0; Windows NT 5.1; SV1)"
218.228.219.238 - - [04/Oct/2005:06:56:56 +0000] "GET /retroevolution/vb/src/src/src/src/src/src/src/src/src/src/src/src/src/src/src/src/src/src/src/src/src/src/src/src/imgs/t_Biology1.jpg HTTP/1.1" 200 12579 "http://newspiritcompany.com/retroevolution/vb/src/src/src/src/src/src/src/src/src/src/src/src/src/src/src/src/src/src/src/src/src/src/src/src/oracle.txt" "Mozilla/4.0 (compatible; MSIE 6.0; Windows NT 5.1; SV1)"
218.228.219.238 - - [04/Oct/2005:06:56:57 +0000] "GET /retroevolution/vb/src/src/src/src/src/src/src/src/src/src/src/src/src/src/src/src/src/src/src/src/src/src/src/src/imgs/t_General1.jpg HTTP/1.1" 200 12579 "http://newspiritcompany.com/retroevolution/vb/src/src/src/src/src/src/src/src/src/src/src/src/src/src/src/src/src/src/src/src/src/src/src/src/oracle.txt" "Mozilla/4.0 (compatible; MSIE 6.0; Windows NT 5.1; SV1)"
218.228.219.238 - - [04/Oct/2005:06:56:57 +0000] "GET /retroevolution/vb/src/src/src/src/src/src/src/src/src/src/src/src/src/src/src/src/src/src/src/src/src/src/src/src/imgs/t_Misc1.jpg HTTP/1.1" 200 12579 "http://newspiritcompany.com/retroevolution/vb/src/src/src/src/src/src/src/src/src/src/src/src/src/src/src/src/src/src/src/src/src/src/src/src/oracle.txt" "Mozilla/4.0 (compatible; MSIE 6.0; Windows NT 5.1; SV1)"
218.228.219.238 - - [04/Oct/2005:06:56:58 +0000] "GET /retroevolution/vb/src/src/src/src/src/src/src/src/src/src/src/src/src/src/src/src/src/src/src/src/src/src/src/src/imgs/t_GIS1.jpg HTTP/1.1" 200 12579 "http://newspiritcompany.com/retroevolution/vb/src/src/src/src/src/src/src/src/src/src/src/src/src/src/src/src/src/src/src/src/src/src/src/src/oracle.txt" "Mozilla/4.0 (compatible; MSIE 6.0; Windows NT 5.1; SV1)"
218.228.219.238 - - [04/Oct/2005:06:56:59 +0000] "GET /retroevolution/vb/src/src/src/src/src/src/src/src/src/src/src/src/src/src/src/src/src/src/src/src/src/src/src/src/imgs/t_Resources1.jpg HTTP/1.1" 200 12579 "http://newspiritcompany.com/retroevolution/vb/src/src/src/src/src/src/src/src/src/src/src/src/src/src/src/src/src/src/src/src/src/src/src/src/oracle.txt" "Mozilla/4.0 (compatible; MSIE 6.0; Windows NT 5.1; SV1)"
218.228.219.238 - - [04/Oct/2005:06:56:59 +0000] "GET /retroevolution/vb/src/src/src/src/src/src/src/src/src/src/src/src/src/src/src/src/src/src/src/src/src/src/src/src/imgs/t_MiscLinks1.jpg HTTP/1.1" 200 12579 "http://newspiritcompany.com/retroevolution/vb/src/src/src/src/src/src/src/src/src/src/src/src/src/src/src/src/src/src/src/src/src/src/src/src/oracle.txt" "Mozilla/4.0 (compatible; MSIE 6.0; Windows NT 5.1; SV1)"
218.228.219.238 - - [04/Oct/2005:06:57:00 +0000] "GET /retroevolution/vb/src/src/src/src/src/src/src/src/src/src/src/src/src/src/src/src/src/src/src/src/src/src/src/src/imgs/t_Flash1.jpg HTTP/1.1" 200 12579 "http://newspiritcompany.com/retroevolution/vb/src/src/src/src/src/src/src/src/src/src/src/src/src/src/src/src/src/src/src/src/src/src/src/src/oracle.txt" "Mozilla/4.0 (compatible; MSIE 6.0; Windows NT 5.1; SV1)"
218.228.219.238 - - [04/Oct/2005:06:57:00 +0000] "GET /retroevolution/vb/src/src/src/src/src/src/src/src/src/src/src/src/src/src/src/src/src/src/src/src/src/src/src/src/imgs/t_SVG1.jpg HTTP/1.1" 200 12579 "http://newspiritcompany.com/retroevolution/vb/src/src/src/src/src/src/src/src/src/src/src/src/src/src/src/src/src/src/src/src/src/src/src/src/oracle.txt" "Mozilla/4.0 (compatible; MSIE 6.0; Windows NT 5.1; SV1)"
218.228.219.238 - - [04/Oct/2005:06:57:01 +0000] "GET /retroevolution/vb/src/src/src/src/src/src/src/src/src/src/src/src/src/src/src/src/src/src/src/src/src/src/src/src/imgs/t_SiteStats1.jpg HTTP/1.1" 200 12579 "http://newspiritcompany.com/retroevolution/vb/src/src/src/src/src/src/src/src/src/src/src/src/src/src/src/src/src/src/src/src/src/src/src/src/oracle.txt" "Mozilla/4.0 (compatible; MSIE 6.0; Windows NT 5.1; SV1)"
68.142.250.194 - - [04/Oct/2005:07:00:52 +0000] "GET /retroevolution/webdemo/gomain.htm HTTP/1.0" 200 1917 "-" "Mozilla/5.0 (compatible; Yahoo! Slurp; http://help.yahoo.com/help/us/ysearch/slurp)"
207.7.108.165 - - [04/Oct/2005:07:01:04 +0000] "GET /blog/?rss=1 HTTP/1.1" 304 - "-" "TextPlanet : The People on TextDrive http://textplanet.net/ Planet/0.2 http://www.planetplanet.org/ UltraLiberalFeedParser/2.7.6 +http://diveintomark.org/projects/feed_parser/"
66.249.71.47 - - [04/Oct/2005:07:03:31 +0000] "GET /blog/article/208/me-defending-religion HTTP/1.0" 200 4293 "-" "Googlebot/2.1 (+http://www.google.com/bot.html)"
