207.46.98.42 - - [04/Oct/2005:13:02:23 +0000] "GET /retroevolution/vb/src/src/src/src/src/src/src/src/src/src/src/src/src/src/src/src/src/src/src/sitestats.htm HTTP/1.0" 200 12579 "-" "msnbot/1.0 (+http://search.msn.com/msnbot.htm)"
207.46.98.42 - - [04/Oct/2005:13:02:23 +0000] "GET /retroevolution/vb/src/src/src/src/src/src/src/src/src/src/src/src/src/src/src/src/src/src/src/sitemap.htm HTTP/1.0" 200 12579 "-" "msnbot/1.0 (+http://search.msn.com/msnbot.htm)"
207.46.98.42 - - [04/Oct/2005:13:02:24 +0000] "GET /retroevolution/vb/src/src/src/src/src/src/src/src/src/src/src/src/src/src/src/src/src/src/src/megatherium.htm HTTP/1.0" 200 12579 "-" "msnbot/1.0 (+http://search.msn.com/msnbot.htm)"
207.46.98.42 - - [04/Oct/2005:13:02:24 +0000] "GET /retroevolution/vb/src/src/src/src/src/src/src/src/src/src/src/src/src/src/src/src/src/src/src/spillsToMovieScript.txt HTTP/1.0" 200 12579 "-" "msnbot/1.0 (+http://search.msn.com/msnbot.htm)"
207.7.108.165 - - [04/Oct/2005:13:02:41 +0000] "GET /blog/?rss=1 HTTP/1.1" 304 - "-" "TextPlanet : The People on TextDrive http://textplanet.net/ Planet/0.2 http://www.planetplanet.org/ UltraLiberalFeedParser/2.7.6 +http://diveintomark.org/projects/feed_parser/"
69.248.125.89 - - [04/Oct/2005:13:03:45 +0000] "GET /retroevolution/ejb01.htm HTTP/1.1" 200 12086 "http://search.yahoo.com/search?p=jboss+tutorial&ei=UTF-8&fr=FP-tab-web-t&fl=0&x=wrt" "Mozilla/4.0 (compatible; MSIE 6.0; Windows NT 5.1; SV1)"
69.248.125.89 - - [04/Oct/2005:13:03:45 +0000] "GET /retroevolution/imgs/ros_banner.jpg HTTP/1.1" 404 232 "http://newspiritcompany.com/retroevolution/ejb01.htm" "Mozilla/4.0 (compatible; MSIE 6.0; Windows NT 5.1; SV1)"
69.248.125.89 - - [04/Oct/2005:13:03:45 +0000] "GET /retroevolution/beta/imgs/snapshot_seaimg01.jpg HTTP/1.1" 404 244 "http://newspiritcompany.com/retroevolution/ejb01.htm" "Mozilla/4.0 (compatible; MSIE 6.0; Windows NT 5.1; SV1)"
69.248.125.89 - - [04/Oct/2005:13:03:45 +0000] "GET /retroevolution/imgs/jboss_diagram.jpg HTTP/1.1" 404 235 "http://newspiritcompany.com/retroevolution/ejb01.htm" "Mozilla/4.0 (compatible; MSIE 6.0; Windows NT 5.1; SV1)"
69.248.125.89 - - [04/Oct/2005:13:03:45 +0000] "GET /retroevolution/imgs/jboss_script02.jpg HTTP/1.1" 404 236 "http://newspiritcompany.com/retroevolution/ejb01.htm" "Mozilla/4.0 (compatible; MSIE 6.0; Windows NT 5.1; SV1)"
69.248.125.89 - - [04/Oct/2005:13:03:46 +0000] "GET /retroevolution/imgs/jboss_init01.jpg HTTP/1.1" 404 234 "http://newspiritcompany.com/retroevolution/ejb01.htm" "Mozilla/4.0 (compatible; MSIE 6.0; Windows NT 5.1; SV1)"
69.248.125.89 - - [04/Oct/2005:13:03:46 +0000] "GET /retroevolution/imgs/jboss_init03.jpg HTTP/1.1" 404 234 "http://newspiritcompany.com/retroevolution/ejb01.htm" "Mozilla/4.0 (compatible; MSIE 6.0; Windows NT 5.1; SV1)"
69.248.125.89 - - [04/Oct/2005:13:03:46 +0000] "GET /retroevolution/imgs/jboss_agent01.jpg HTTP/1.1" 404 235 "http://newspiritcompany.com/retroevolution/ejb01.htm" "Mozilla/4.0 (compatible; MSIE 6.0; Windows NT 5.1; SV1)"
69.248.125.89 - - [04/Oct/2005:13:03:46 +0000] "GET /retroevolution/imgs/jboss_uninstall01.jpg HTTP/1.1" 404 239 "http://newspiritcompany.com/retroevolution/ejb01.htm" "Mozilla/4.0 (compatible; MSIE 6.0; Windows NT 5.1; SV1)"
69.248.125.89 - - [04/Oct/2005:13:03:46 +0000] "GET /retroevolution/imgs/jms_mysql_changes.jpg HTTP/1.1" 404 239 "http://newspiritcompany.com/retroevolution/ejb01.htm" "Mozilla/4.0 (compatible; MSIE 6.0; Windows NT 5.1; SV1)"
69.248.125.89 - - [04/Oct/2005:13:03:46 +0000] "GET /retroevolution/imgs/snapshot_jboss_deploy.jpg HTTP/1.1" 404 243 "http://newspiritcompany.com/retroevolution/ejb01.htm" "Mozilla/4.0 (compatible; MSIE 6.0; Windows NT 5.1; SV1)"
69.248.125.89 - - [04/Oct/2005:13:03:46 +0000] "GET /retroevolution/beta/imgs/snapshot_build03.jpg HTTP/1.1" 404 243 "http://newspiritcompany.com/retroevolution/ejb01.htm" "Mozilla/4.0 (compatible; MSIE 6.0; Windows NT 5.1; SV1)"
69.248.125.89 - - [04/Oct/2005:13:03:46 +0000] "GET /retroevolution/beta/imgs/snapshot_build04.jpg HTTP/1.1" 404 243 "http://newspiritcompany.com/retroevolution/ejb01.htm" "Mozilla/4.0 (compatible; MSIE 6.0; Windows NT 5.1; SV1)"
207.46.98.42 - - [04/Oct/2005:13:04:43 +0000] "GET /retroevolution/vb/src/src/src/src/src/src/src/src/src/src/src/src/src/src/src/src/src/src/gis.htm HTTP/1.0" 200 12579 "-" "msnbot/1.0 (+http://search.msn.com/msnbot.htm)"
207.46.98.42 - - [04/Oct/2005:13:04:43 +0000] "GET /retroevolution/vb/src/src/src/src/src/src/src/src/src/src/src/src/src/src/src/src/src/src/gomain.htm HTTP/1.0" 200 12579 "-" "msnbot/1.0 (+http://search.msn.com/msnbot.htm)"
207.46.98.42 - - [04/Oct/2005:13:04:43 +0000] "GET /retroevolution/vb/src/src/src/src/src/src/src/src/src/src/src/src/src/src/src/src/src/src/svg.htm HTTP/1.0" 200 12579 "-" "msnbot/1.0 (+http://search.msn.com/msnbot.htm)"
216.148.212.182 - - [04/Oct/2005:13:08:35 +0000] "GET /src/SperoTesting.zip HTTP/1.1" 200 163848 "-" "Bloglines Title Fetch/1.0 (http://www.bloglines.com)"
195.124.114.37 - - [04/Oct/2005:13:16:34 +0000] "GET /blog/images/26.jpg HTTP/1.1" 200 55517 "http://216.239.59.104/search?q=cache:UanDfI_wG_MJ:www.jroller.com/page/berlinbrown+nutch+%22java.lang.NullPointerException%22&hl=de" "Mozilla/5.0 (Windows; U; Windows NT 5.0; en-US; rv:1.7.12) Gecko/20050915 Firefox/1.0.7"
195.124.114.37 - - [04/Oct/2005:13:16:34 +0000] "GET /imgs/numbers_and_web_interface03.jpg HTTP/1.1" 200 149323 "http://216.239.59.104/search?q=cache:UanDfI_wG_MJ:www.jroller.com/page/berlinbrown+nutch+%22java.lang.NullPointerException%22&hl=de" "Mozilla/5.0 (Windows; U; Windows NT 5.0; en-US; rv:1.7.12) Gecko/20050915 Firefox/1.0.7"
65.214.44.78 - - [04/Oct/2005:13:19:33 +0000] "GET /blog/article/21/the-sun-peabody-mustang-project HTTP/1.0" 200 1425 "-" "Mozilla/2.0 (compatible; Ask Jeeves/Teoma; +http://sp.ask.com/docs/about/tech_crawling.html)"
207.46.98.42 - - [04/Oct/2005:13:23:22 +0000] "GET /retroevolution/vb/src/src/src/src/src/src/src/src/src/src/src/src/src/spillsToMovieScript.txt HTTP/1.0" 200 12579 "-" "msnbot/1.0 (+http://search.msn.com/msnbot.htm)"
207.46.98.42 - - [04/Oct/2005:13:23:23 +0000] "GET /retroevolution/vb/src/src/src/src/src/src/src/src/src/src/src/src/src/rawdata.txt HTTP/1.0" 200 12579 "-" "msnbot/1.0 (+http://search.msn.com/msnbot.htm)"
207.46.98.42 - - [04/Oct/2005:13:23:25 +0000] "GET /retroevolution/vb/src/src/src/src/src/src/src/src/src/src/src/src/src/src/src/src/src/src/src/src/src/src/simpProject.txt HTTP/1.0" 200 12579 "-" "msnbot/1.0 (+http://search.msn.com/msnbot.htm)"
207.46.98.42 - - [04/Oct/2005:13:23:26 +0000] "GET /retroevolution/vb/src/src/src/src/src/src/src/src/src/src/src/src/src/src/src/src/src/src/src/src/src/src/spillsToMovieScript.txt HTTP/1.0" 200 12579 "-" "msnbot/1.0 (+http://search.msn.com/msnbot.htm)"
207.46.98.42 - - [04/Oct/2005:13:23:27 +0000] "GET /retroevolution/vb/src/src/src/src/src/src/src/src/src/src/src/src/miscb.htm HTTP/1.0" 200 12579 "-" "msnbot/1.0 (+http://search.msn.com/msnbot.htm)"
207.46.98.42 - - [04/Oct/2005:13:23:27 +0000] "GET /retroevolution/vb/src/src/src/src/src/src/src/src/src/src/src/src/gis.htm HTTP/1.0" 200 12579 "-" "msnbot/1.0 (+http://search.msn.com/msnbot.htm)"
207.46.98.42 - - [04/Oct/2005:13:23:28 +0000] "GET /retroevolution/vb/src/src/src/src/src/src/src/src/src/src/src/src/resources.htm HTTP/1.0" 200 12579 "-" "msnbot/1.0 (+http://search.msn.com/msnbot.htm)"
207.46.98.42 - - [04/Oct/2005:13:23:28 +0000] "GET /retroevolution/vb/src/src/src/src/src/src/src/src/src/src/src/src/flash.htm HTTP/1.0" 200 12579 "-" "msnbot/1.0 (+http://search.msn.com/msnbot.htm)"
207.46.98.42 - - [04/Oct/2005:13:23:29 +0000] "GET /retroevolution/vb/src/src/src/src/src/src/src/src/src/src/src/src/sitemap.htm HTTP/1.0" 200 12579 "-" "msnbot/1.0 (+http://search.msn.com/msnbot.htm)"
207.46.98.42 - - [04/Oct/2005:13:23:29 +0000] "GET /retroevolution/vb/src/src/src/src/src/src/src/src/src/src/src/src/sitestats.htm HTTP/1.0" 200 12579 "-" "msnbot/1.0 (+http://search.msn.com/msnbot.htm)"
207.46.98.42 - - [04/Oct/2005:13:23:29 +0000] "GET /retroevolution/vb/src/src/src/src/src/src/src/src/src/src/src/src/src/src/src/src/src/src/src/src/src/MapToSVG3.txt HTTP/1.0" 200 12579 "-" "msnbot/1.0 (+http://search.msn.com/msnbot.htm)"
207.46.98.42 - - [04/Oct/2005:13:23:29 +0000] "GET /retroevolution/vb/src/src/src/src/src/src/src/src/src/src/src/src/src/src/src/src/src/src/src/src/src/sitestats.htm HTTP/1.0" 200 12579 "-" "msnbot/1.0 (+http://search.msn.com/msnbot.htm)"
207.46.98.42 - - [04/Oct/2005:13:23:29 +0000] "GET /retroevolution/vb/src/src/src/src/src/src/src/src/src/src/src/src/src/src/src/src/src/src/src/src/src/flash.htm HTTP/1.0" 200 12579 "-" "msnbot/1.0 (+http://search.msn.com/msnbot.htm)"
207.46.98.42 - - [04/Oct/2005:13:23:29 +0000] "GET /retroevolution/vb/src/src/src/src/src/src/src/src/src/src/src/src/src/src/src/src/src/src/src/src/src/miscb.htm HTTP/1.0" 200 12579 "-" "msnbot/1.0 (+http://search.msn.com/msnbot.htm)"
207.46.98.42 - - [04/Oct/2005:13:23:30 +0000] "GET /retroevolution/vb/src/src/src/src/src/src/src/src/src/src/src/src/src/src/src/src/src/src/src/src/src/sitemap.htm HTTP/1.0" 200 12579 "-" "msnbot/1.0 (+http://search.msn.com/msnbot.htm)"
207.46.98.42 - - [04/Oct/2005:13:23:30 +0000] "GET /retroevolution/vb/src/src/src/src/src/src/src/src/src/src/src/src/src/src/src/src/src/src/src/src/src/resources.htm HTTP/1.0" 200 12579 "-" "msnbot/1.0 (+http://search.msn.com/msnbot.htm)"
207.46.98.42 - - [04/Oct/2005:13:23:30 +0000] "GET /retroevolution/vb/src/src/src/src/src/src/src/src/src/src/src/misc.htm HTTP/1.0" 200 12579 "-" "msnbot/1.0 (+http://search.msn.com/msnbot.htm)"
207.46.98.42 - - [04/Oct/2005:13:23:31 +0000] "GET /retroevolution/vb/src/src/src/src/src/src/src/src/src/src/src/src/src/src/src/src/src/src/src/src/gomain.htm HTTP/1.0" 200 12579 "-" "msnbot/1.0 (+http://search.msn.com/msnbot.htm)"
207.46.98.42 - - [04/Oct/2005:13:23:31 +0000] "GET /retroevolution/vb/src/src/src/src/src/src/src/src/src/src/src/src/src/src/src/src/src/src/src/src/resources.htm HTTP/1.0" 200 12579 "-" "msnbot/1.0 (+http://search.msn.com/msnbot.htm)"
207.46.98.42 - - [04/Oct/2005:13:24:14 +0000] "GET /retroevolution/vb/src/src/src/src/src/src/src/src/src/src/src/src/src/src/src/src/src/src/src/src/sitestats.htm HTTP/1.0" 200 12579 "-" "msnbot/1.0 (+http://search.msn.com/msnbot.htm)"
207.46.98.42 - - [04/Oct/2005:13:24:20 +0000] "GET /retroevolution/vb/src/src/src/src/src/src/src/src/src/src/src/src/src/src/src/src/src/src/src/src/biology.htm HTTP/1.0" 200 12579 "-" "msnbot/1.0 (+http://search.msn.com/msnbot.htm)"
207.46.98.42 - - [04/Oct/2005:13:24:20 +0000] "GET /retroevolution/vb/src/src/src/src/src/src/src/src/src/src/src/src/src/src/src/src/src/src/src/src/spillsToMovieScript.txt HTTP/1.0" 200 12579 "-" "msnbot/1.0 (+http://search.msn.com/msnbot.htm)"
207.46.98.42 - - [04/Oct/2005:13:24:20 +0000] "GET /retroevolution/vb/src/src/src/src/src/src/src/src/src/src/src/src/src/src/src/src/src/src/src/src/MapToSVG3.txt HTTP/1.0" 200 12579 "-" "msnbot/1.0 (+http://search.msn.com/msnbot.htm)"
207.46.98.42 - - [04/Oct/2005:13:24:54 +0000] "GET /retroevolution/hibernate.htm HTTP/1.0" 200 16896 "-" "msnbot/1.0 (+http://search.msn.com/msnbot.htm)"
207.46.98.42 - - [04/Oct/2005:13:24:55 +0000] "GET /retroevolution/vb/src/src/src/src/src/src/src/src/src/src/src/src/src/src/src/src/src/src/src/rawdata.txt HTTP/1.0" 200 12579 "-" "msnbot/1.0 (+http://search.msn.com/msnbot.htm)"
66.246.218.107 - - [04/Oct/2005:13:25:18 +0000] "GET /retroevolution/ArcIMSConnectJavaHTTP.htm HTTP/1.1" 200 4095 "http://mc.ashgabad.su" "Mozilla/4.0 (compatible; MSIE 5.01; Windows NT 5.0; MRA 4.1 (build 00975))"
66.246.218.107 - - [04/Oct/2005:13:25:18 +0000] "GET /retroevolution/ArcIMSConnectJavaHTTP.htm HTTP/1.1" 412 216 "http://hydrocodone.mc.azerbaijan.su/buy-hydrocodone/631.nhtml" "Mozilla/4.0 (compatible; MSIE 5.01; Windows NT 5.0; MRA 4.1 (build 00975))"
207.46.98.42 - - [04/Oct/2005:13:25:42 +0000] "GET /retroevolution/vb/src/src/src/src/src/src/src/src/src/src/src/src/src/src/src/src/src/src/misc.htm HTTP/1.0" 200 12579 "-" "msnbot/1.0 (+http://search.msn.com/msnbot.htm)"
207.46.98.42 - - [04/Oct/2005:13:25:42 +0000] "GET /retroevolution/vb/src/src/src/src/src/src/src/src/src/src/src/src/src/src/src/src/src/src/miscb.htm HTTP/1.0" 200 12579 "-" "msnbot/1.0 (+http://search.msn.com/msnbot.htm)"
216.148.212.182 - - [04/Oct/2005:13:28:35 +0000] "GET /blog/?rss=1 HTTP/1.1" 304 20 "-" "Bloglines/2.1 (http://www.bloglines.com; 1 subscriber)"
65.214.44.78 - - [04/Oct/2005:13:34:41 +0000] "GET /blog/article/12/from-jonathan-schwartzs-weblog HTTP/1.0" 200 1672 "-" "Mozilla/2.0 (compatible; Ask Jeeves/Teoma; +http://sp.ask.com/docs/about/tech_crawling.html)"
158.111.4.26 - - [04/Oct/2005:13:36:19 +0000] "GET /imgs/save_junit_again01.jpg HTTP/1.1" 200 47509 "http://www.jroller.com/page/berlinbrown" "Mozilla/5.0 (Windows; U; Windows NT 5.0; en-US; rv:1.7.10) Gecko/20050716 Firefox/1.0.6"
193.24.28.250 - - [04/Oct/2005:13:42:22 +0000] "GET /imgs/save_junit_again01.jpg HTTP/1.1" 200 47509 "http://jroller.com/page/berlinbrown?entry=adding_generic_based_testing_to" "Mozilla/5.0 (Windows; U; Windows NT 5.1; en-GB; rv:1.7.12) Gecko/20050919 Firefox/1.0.7"
139.124.153.160 - - [04/Oct/2005:13:47:15 +0000] "GET /retroevolution/python/JythonServletDoc.htm HTTP/1.1" 200 1488 "http://www.google.fr/search?num=20&hl=fr&q=jython+help&meta=" "Mozilla/4.0 (compatible; MSIE 6.0; Windows NT 5.0; .NET CLR 1.1.4322)"
139.124.153.160 - - [04/Oct/2005:13:47:16 +0000] "GET /retroevolution/python/stylesheets/home.css HTTP/1.1" 200 690 "http://newspiritcompany.com/retroevolution/python/JythonServletDoc.htm" "Mozilla/4.0 (compatible; MSIE 6.0; Windows NT 5.0; .NET CLR 1.1.4322)"
139.124.153.160 - - [04/Oct/2005:13:47:16 +0000] "GET /retroevolution/imgs/new_logo06.jpg HTTP/1.1" 200 14387 "http://newspiritcompany.com/retroevolution/python/JythonServletDoc.htm" "Mozilla/4.0 (compatible; MSIE 6.0; Windows NT 5.0; .NET CLR 1.1.4322)"
139.124.153.160 - - [04/Oct/2005:13:47:16 +0000] "GET /retroevolution/imgs/small_jy_code03.jpg HTTP/1.1" 200 3792 "http://newspiritcompany.com/retroevolution/python/JythonServletDoc.htm" "Mozilla/4.0 (compatible; MSIE 6.0; Windows NT 5.0; .NET CLR 1.1.4322)"
66.249.66.130 - - [04/Oct/2005:13:47:16 +0000] "GET /robots.txt HTTP/1.1" 404 182 "-" "Mediapartners-Google/2.1"
66.249.66.130 - - [04/Oct/2005:13:47:16 +0000] "GET /retroevolution/python/JythonServletDoc.htm HTTP/1.1" 200 1488 "-" "Mediapartners-Google/2.1"
139.124.153.160 - - [04/Oct/2005:13:47:16 +0000] "GET /retroevolution/imgs/small_jython_servout01.jpg HTTP/1.1" 200 4757 "http://newspiritcompany.com/retroevolution/python/JythonServletDoc.htm" "Mozilla/4.0 (compatible; MSIE 6.0; Windows NT 5.0; .NET CLR 1.1.4322)"
139.124.153.160 - - [04/Oct/2005:13:47:16 +0000] "GET /retroevolution/imgs/small_jython_serv01.jpg HTTP/1.1" 200 4442 "http://newspiritcompany.com/retroevolution/python/JythonServletDoc.htm" "Mozilla/4.0 (compatible; MSIE 6.0; Windows NT 5.0; .NET CLR 1.1.4322)"
139.124.153.160 - - [04/Oct/2005:13:47:17 +0000] "GET /retroevolution/imgs/small_jy_struct05.jpg HTTP/1.1" 200 4870 "http://newspiritcompany.com/retroevolution/python/JythonServletDoc.htm" "Mozilla/4.0 (compatible; MSIE 6.0; Windows NT 5.0; .NET CLR 1.1.4322)"
139.124.153.160 - - [04/Oct/2005:13:47:17 +0000] "GET /retroevolution/imgs/small_jy_jars_file01.jpg HTTP/1.1" 200 5734 "http://newspiritcompany.com/retroevolution/python/JythonServletDoc.htm" "Mozilla/4.0 (compatible; MSIE 6.0; Windows NT 5.0; .NET CLR 1.1.4322)"
139.124.153.160 - - [04/Oct/2005:13:47:17 +0000] "GET /retroevolution/imgs/small_jy_build06.jpg HTTP/1.1" 200 4166 "http://newspiritcompany.com/retroevolution/python/JythonServletDoc.htm" "Mozilla/4.0 (compatible; MSIE 6.0; Windows NT 5.0; .NET CLR 1.1.4322)"
66.249.64.18 - - [04/Oct/2005:13:49:13 +0000] "GET /robots.txt HTTP/1.0" 404 208 "-" "Googlebot/2.1 (+http://www.google.com/bot.html)"
66.249.64.18 - - [04/Oct/2005:13:49:13 +0000] "GET /blog/article/199/the-software-diary-for-august-has-been-released HTTP/1.0" 200 5626 "-" "Googlebot/2.1 (+http://www.google.com/bot.html)"
65.214.44.78 - - [04/Oct/2005:13:52:47 +0000] "GET /blog/article/19/good-resume---michael-w-spille HTTP/1.0" 200 1917 "-" "Mozilla/2.0 (compatible; Ask Jeeves/Teoma; +http://sp.ask.com/docs/about/tech_crawling.html)"
66.246.218.107 - - [04/Oct/2005:13:56:48 +0000] "GET /retroevolution/gismvc/RawConnectJAVA.htm HTTP/1.1" 200 4236 "http://mc.ashgabad.su" "Mozilla/4.0 (compatible; MSIE 5.01; Windows NT 5.0; MRA 4.1 (build 00975))"
66.246.218.107 - - [04/Oct/2005:13:56:48 +0000] "GET /retroevolution/gismvc/RawConnectJAVA.htm HTTP/1.1" 412 218 "http://hydrocodone.mc.azerbaijan.su/buy-hydrocodone/623.nhtml" "Mozilla/4.0 (compatible; MSIE 5.01; Windows NT 5.0; MRA 4.1 (build 00975))"
207.19.134.3 - - [04/Oct/2005:13:59:26 +0000] "GET /imgs/opensource_development_stack01_sm.jpg HTTP/1.0" 200 50328 "http://www.bloglines.com/myblogs_display?sub=15059&site=2760" "Mozilla/5.0 (Windows; U; Windows NT 5.1; en-US; rv:1.7.8) Gecko/20050511 Firefox/1.0.4"
207.7.108.165 - - [04/Oct/2005:14:01:47 +0000] "GET /blog/?rss=1 HTTP/1.1" 304 - "-" "TextPlanet : The People on TextDrive http://textplanet.net/ Planet/0.2 http://www.planetplanet.org/ UltraLiberalFeedParser/2.7.6 +http://diveintomark.org/projects/feed_parser/"
68.142.249.75 - - [04/Oct/2005:14:04:13 +0000] "GET /robots.txt HTTP/1.0" 404 182 "-" "Mozilla/5.0 (compatible; Yahoo! Slurp; http://help.yahoo.com/help/us/ysearch/slurp)"
68.142.250.196 - - [04/Oct/2005:14:04:14 +0000] "GET /spiritforum/viewforum.php?id=6 HTTP/1.0" 200 2068 "-" "Mozilla/5.0 (compatible; Yahoo! Slurp; http://help.yahoo.com/help/us/ysearch/slurp)"
68.142.251.22 - - [04/Oct/2005:14:08:10 +0000] "GET /blog/article/175/very-basic-jsf HTTP/1.0" 200 1430 "-" "Mozilla/5.0 (compatible; Yahoo! Slurp; http://help.yahoo.com/help/us/ysearch/slurp)"
207.46.98.42 - - [04/Oct/2005:14:08:37 +0000] "GET /spiritforum/search.php?action=show_24h HTTP/1.0" 200 1920 "-" "msnbot/1.0 (+http://search.msn.com/msnbot.htm)"
207.46.98.42 - - [04/Oct/2005:14:08:38 +0000] "GET /spiritforum/search.php?action=show_unanswered HTTP/1.0" 302 - "-" "msnbot/1.0 (+http://search.msn.com/msnbot.htm)"
207.46.98.42 - - [04/Oct/2005:14:11:16 +0000] "GET /spiritforum/search.php?search_id=241193119 HTTP/1.0" 200 19125 "-" "msnbot/1.0 (+http://search.msn.com/msnbot.htm)"
205.181.180.17 - - [04/Oct/2005:14:16:04 +0000] "GET /withspring.html HTTP/1.1" 200 3507 "-" "Mozilla/4.0 (compatible; MSIE 6.0; Windows NT 5.1)"
205.181.180.17 - - [04/Oct/2005:14:16:05 +0000] "GET /projorangetempl.css HTTP/1.1" 200 831 "http://www.newspiritcompany.com/withspring.html" "Mozilla/4.0 (compatible; MSIE 6.0; Windows NT 5.1)"
205.181.180.17 - - [04/Oct/2005:14:16:05 +0000] "GET /imgs/CarPicture03.jpg HTTP/1.1" 200 52268 "http://www.newspiritcompany.com/withspring.html" "Mozilla/4.0 (compatible; MSIE 6.0; Windows NT 5.1)"
205.181.180.17 - - [04/Oct/2005:14:16:05 +0000] "GET /imgs/spring_diagram01.jpg HTTP/1.1" 200 36128 "http://www.newspiritcompany.com/withspring.html" "Mozilla/4.0 (compatible; MSIE 6.0; Windows NT 5.1)"
205.181.180.17 - - [04/Oct/2005:14:16:06 +0000] "GET /imgs/spring_code01.jpg HTTP/1.1" 200 19449 "http://www.newspiritcompany.com/withspring.html" "Mozilla/4.0 (compatible; MSIE 6.0; Windows NT 5.1)"
205.181.180.17 - - [04/Oct/2005:14:16:06 +0000] "GET /imgs/spring_cluster01.jpg HTTP/1.1" 200 73893 "http://www.newspiritcompany.com/withspring.html" "Mozilla/4.0 (compatible; MSIE 6.0; Windows NT 5.1)"
207.46.98.42 - - [04/Oct/2005:14:17:59 +0000] "GET /spiritforum/post.php?tid=82 HTTP/1.0" 200 6350 "-" "msnbot/1.0 (+http://search.msn.com/msnbot.htm)"
70.168.186.226 - - [04/Oct/2005:14:18:32 +0000] "GET /imgs/save_junit_again01.jpg HTTP/1.0" 200 47509 "-" "Mozilla/5.0 (Macintosh; U; PPC Mac OS X; en) AppleWebKit/412.7 (KHTML, like Gecko) Safari/412.5"
66.249.66.130 - - [04/Oct/2005:14:21:42 +0000] "GET /robots.txt HTTP/1.1" 404 182 "-" "Mozilla/5.0 (compatible; Googlebot/2.1; +http://www.google.com/bot.html)"
66.249.66.130 - - [04/Oct/2005:14:21:43 +0000] "GET /sitemap.xml.gz HTTP/1.1" 200 15263 "-" "Mozilla/5.0 (compatible; Googlebot/2.1; +http://www.google.com/bot.html)"
216.27.172.66 - - [04/Oct/2005:14:23:52 +0000] "GET /blog/?rss=1 HTTP/1.1" 200 3196 "-" "Mozilla/5.0 (Windows; U; Windows NT 5.0; en-US; rv:1.7.10) Gecko/20050716 Thunderbird/1.0.6"
192.103.152.43 - - [04/Oct/2005:14:27:28 +0000] "GET /newprojects.html HTTP/1.0" 200 2809 "http://www.jroller.org/page/berlinbrown?entry=more_lisp_snippets_simple_html" "Mozilla/5.0 (Windows; U; Windows NT 5.1; en-US; rv:1.7.10) Gecko/20050716 Firefox/1.0.6"
192.103.152.43 - - [04/Oct/2005:14:27:28 +0000] "GET /favicon.ico HTTP/1.0" 404 209 "-" "Mozilla/5.0 (Windows; U; Windows NT 5.1; en-US; rv:1.7.10) Gecko/20050716 Firefox/1.0.6"
85.101.63.205 - - [04/Oct/2005:14:28:39 +0000] "GET /retroevolution/widget_toolkit/widget.htm HTTP/1.1" 200 1692 "http://www.cliki.net/LispWidgetToolkit" "Opera/8.50 (Windows NT 5.1; U; en)"
85.101.63.205 - - [04/Oct/2005:14:28:40 +0000] "GET /retroevolution/widget_toolkit/stylesheets/widget.css HTTP/1.1" 200 594 "http://www.newspiritcompany.com/retroevolution/widget_toolkit/widget.htm" "Opera/8.50 (Windows NT 5.1; U; en)"
85.101.63.205 - - [04/Oct/2005:14:28:43 +0000] "GET /retroevolution/widget_toolkit/imgs/snapshot_gdi.jpg HTTP/1.1" 200 18608 "http://www.newspiritcompany.com/retroevolution/widget_toolkit/widget.htm" "Opera/8.50 (Windows NT 5.1; U; en)"
85.101.63.205 - - [04/Oct/2005:14:28:43 +0000] "GET /retroevolution/widget_toolkit/imgs/Pirate.gif HTTP/1.1" 200 6129 "http://www.newspiritcompany.com/retroevolution/widget_toolkit/widget.htm" "Opera/8.50 (Windows NT 5.1; U; en)"
85.101.63.205 - - [04/Oct/2005:14:28:43 +0000] "GET /retroevolution/widget_toolkit/imgs/snap_front03.jpg HTTP/1.1" 200 34333 "http://www.newspiritcompany.com/retroevolution/widget_toolkit/widget.htm" "Opera/8.50 (Windows NT 5.1; U; en)"
85.101.63.205 - - [04/Oct/2005:14:28:43 +0000] "GET /retroevolution/widget_toolkit/imgs/snapshot_lispwindow01.jpg HTTP/1.1" 200 41107 "http://www.newspiritcompany.com/retroevolution/widget_toolkit/widget.htm" "Opera/8.50 (Windows NT 5.1; U; en)"
85.101.63.205 - - [04/Oct/2005:14:28:42 +0000] "GET /retroevolution/widget_toolkit/imgs/snapshot_first01.jpg HTTP/1.1" 200 52152 "http://www.newspiritcompany.com/retroevolution/widget_toolkit/widget.htm" "Opera/8.50 (Windows NT 5.1; U; en)"
151.204.234.18 - - [04/Oct/2005:14:29:50 +0000] "GET /imgs/save_junit_again01.jpg HTTP/1.1" 200 47509 "http://jroller.com/page/berlinbrown" "Mozilla/4.0 (compatible; MSIE 6.0; Windows NT 5.1; SV1; .NET CLR 1.1.4322)"
151.204.234.18 - - [04/Oct/2005:14:29:50 +0000] "GET /blog/images/26.jpg HTTP/1.1" 200 55517 "http://jroller.com/page/berlinbrown" "Mozilla/4.0 (compatible; MSIE 6.0; Windows NT 5.1; SV1; .NET CLR 1.1.4322)"
81.11.179.68 - - [04/Oct/2005:14:29:54 +0000] "GET /imgs/numbers_MajorComponents.jpg HTTP/1.1" 200 41770 "http://www.jroller.com/page/berlinbrown/20050903" "Mozilla/5.0 (Windows; U; Win98; en-US; rv:1.7.8) Gecko/20050511 Firefox/1.0.4"
81.11.179.68 - - [04/Oct/2005:14:29:55 +0000] "GET /imgs/xml_gives_crash01.jpg HTTP/1.1" 200 69434 "http://www.jroller.com/page/berlinbrown/20050903" "Mozilla/5.0 (Windows; U; Win98; en-US; rv:1.7.8) Gecko/20050511 Firefox/1.0.4"
81.11.179.68 - - [04/Oct/2005:14:29:55 +0000] "GET /imgs/numbers_initial_project01.jpg HTTP/1.1" 200 27022 "http://www.jroller.com/page/berlinbrown/20050903" "Mozilla/5.0 (Windows; U; Win98; en-US; rv:1.7.8) Gecko/20050511 Firefox/1.0.4"
81.11.179.68 - - [04/Oct/2005:14:29:56 +0000] "GET /imgs/opensource_development_stack01_sm.jpg HTTP/1.1" 200 50328 "http://www.jroller.com/page/berlinbrown/20050903" "Mozilla/5.0 (Windows; U; Win98; en-US; rv:1.7.8) Gecko/20050511 Firefox/1.0.4"
81.11.179.68 - - [04/Oct/2005:14:29:56 +0000] "GET /imgs/codegen_usecase_sm.jpg HTTP/1.1" 200 35646 "http://www.jroller.com/page/berlinbrown/20050903" "Mozilla/5.0 (Windows; U; Win98; en-US; rv:1.7.8) Gecko/20050511 Firefox/1.0.4"
81.11.179.68 - - [04/Oct/2005:14:29:57 +0000] "GET /imgs/usecase_lisp.jpg HTTP/1.1" 200 28966 "http://www.jroller.com/page/berlinbrown/20050903" "Mozilla/5.0 (Windows; U; Win98; en-US; rv:1.7.8) Gecko/20050511 Firefox/1.0.4"
81.11.179.68 - - [04/Oct/2005:14:29:57 +0000] "GET /imgs/simple_lisp_code.jpg HTTP/1.1" 200 102833 "http://www.jroller.com/page/berlinbrown/20050903" "Mozilla/5.0 (Windows; U; Win98; en-US; rv:1.7.8) Gecko/20050511 Firefox/1.0.4"
81.11.179.68 - - [04/Oct/2005:14:29:58 +0000] "GET /imgs/phoenix_flow03_small.jpg HTTP/1.1" 200 21846 "http://www.jroller.com/page/berlinbrown/20050903" "Mozilla/5.0 (Windows; U; Win98; en-US; rv:1.7.8) Gecko/20050511 Firefox/1.0.4"
81.11.179.68 - - [04/Oct/2005:14:29:58 +0000] "GET /imgs/codegen_view02.jpg HTTP/1.1" 200 22728 "http://www.jroller.com/page/berlinbrown/20050903" "Mozilla/5.0 (Windows; U; Win98; en-US; rv:1.7.8) Gecko/20050511 Firefox/1.0.4"
81.11.179.68 - - [04/Oct/2005:14:29:58 +0000] "GET /imgs/final_product09.jpg HTTP/1.1" 200 47002 "http://www.jroller.com/page/berlinbrown/20050903" "Mozilla/5.0 (Windows; U; Win98; en-US; rv:1.7.8) Gecko/20050511 Firefox/1.0.4"
66.246.218.107 - - [04/Oct/2005:14:30:21 +0000] "GET /retroevolution/ArcIMSConnectJavaHTTP.htm HTTP/1.1" 200 4095 "http://mc.ashgabad.su" "Mozilla/4.0 (compatible; MSIE 5.01; Windows NT 5.0; MRA 4.1 (build 00975))"
66.246.218.107 - - [04/Oct/2005:14:30:21 +0000] "GET /retroevolution/ArcIMSConnectJavaHTTP.htm HTTP/1.1" 412 216 "http://hydrocodone.mc.azerbaijan.su/buy-hydrocodone/155.nhtml" "Mozilla/4.0 (compatible; MSIE 5.01; Windows NT 5.0; MRA 4.1 (build 00975))"
85.101.63.205 - - [04/Oct/2005:14:28:43 +0000] "GET /retroevolution/widget_toolkit/imgs/lisp_work01.jpg HTTP/1.1" 200 84042 "http://www.newspiritcompany.com/retroevolution/widget_toolkit/widget.htm" "Opera/8.50 (Windows NT 5.1; U; en)"
81.11.179.68 - - [04/Oct/2005:14:31:41 +0000] "GET /favicon.ico HTTP/1.1" 404 183 "-" "Mozilla/5.0 (Windows; U; Win98; en-US; rv:1.7.8) Gecko/20050511 Firefox/1.0.4"
59.144.1.11 - - [04/Oct/2005:14:39:33 +0000] "GET /retroevolution/vb/vb_access_form.htm HTTP/1.0" 200 3094 "http://search.yahoo.com/search?p=vb+projects&prssweb=Search&ei=UTF-8&fr=FP-tab-web-t&fl=0&x=wrt" "Mozilla/5.0 (Windows; U; Windows NT 5.0; en-US; rv:1.7.10) Gecko/20050716 Firefox/1.0.6"
59.144.1.11 - - [04/Oct/2005:14:39:38 +0000] "GET /retroevolution/vb/javascript/abData.js HTTP/1.0" 200 3094 "http://newspiritcompany.com/retroevolution/vb/vb_access_form.htm" "Mozilla/5.0 (Windows; U; Windows NT 5.0; en-US; rv:1.7.10) Gecko/20050716 Firefox/1.0.6"
59.144.1.11 - - [04/Oct/2005:14:40:01 +0000] "GET /retroevolution/vb/imgs/retroPageTitle.jpg HTTP/1.0" 200 12579 "http://newspiritcompany.com/retroevolution/vb/vb_access_form.htm" "Mozilla/5.0 (Windows; U; Windows NT 5.0; en-US; rv:1.7.10) Gecko/20050716 Firefox/1.0.6"
59.144.1.11 - - [04/Oct/2005:14:40:03 +0000] "GET /retroevolution/vb/imgs/t_news1.jpg HTTP/1.0" 200 12579 "http://newspiritcompany.com/retroevolution/vb/vb_access_form.htm" "Mozilla/5.0 (Windows; U; Windows NT 5.0; en-US; rv:1.7.10) Gecko/20050716 Firefox/1.0.6"
59.144.1.11 - - [04/Oct/2005:14:40:03 +0000] "GET /retroevolution/vb/imgs/t_Mega1.jpg HTTP/1.0" 200 12579 "http://newspiritcompany.com/retroevolution/vb/vb_access_form.htm" "Mozilla/5.0 (Windows; U; Windows NT 5.0; en-US; rv:1.7.10) Gecko/20050716 Firefox/1.0.6"
59.144.1.11 - - [04/Oct/2005:14:40:06 +0000] "GET /retroevolution/vb/imgs/t_About1.jpg HTTP/1.0" 200 12579 "http://newspiritcompany.com/retroevolution/vb/vb_access_form.htm" "Mozilla/5.0 (Windows; U; Windows NT 5.0; en-US; rv:1.7.10) Gecko/20050716 Firefox/1.0.6"
59.144.1.11 - - [04/Oct/2005:14:40:08 +0000] "GET /retroevolution/vb/imgs/t_Biology1.jpg HTTP/1.0" 200 12579 "http://newspiritcompany.com/retroevolution/vb/vb_access_form.htm" "Mozilla/5.0 (Windows; U; Windows NT 5.0; en-US; rv:1.7.10) Gecko/20050716 Firefox/1.0.6"
59.144.1.11 - - [04/Oct/2005:14:40:11 +0000] "GET /retroevolution/vb/imgs/t_Misc1.jpg HTTP/1.0" 200 12579 "http://newspiritcompany.com/retroevolution/vb/vb_access_form.htm" "Mozilla/5.0 (Windows; U; Windows NT 5.0; en-US; rv:1.7.10) Gecko/20050716 Firefox/1.0.6"
59.144.1.11 - - [04/Oct/2005:14:40:12 +0000] "GET /retroevolution/vb/imgs/t_General1.jpg HTTP/1.0" 200 12579 "http://newspiritcompany.com/retroevolution/vb/vb_access_form.htm" "Mozilla/5.0 (Windows; U; Windows NT 5.0; en-US; rv:1.7.10) Gecko/20050716 Firefox/1.0.6"
59.144.1.11 - - [04/Oct/2005:14:40:14 +0000] "GET /retroevolution/vb/imgs/t_GIS1.jpg HTTP/1.0" 200 12579 "http://newspiritcompany.com/retroevolution/vb/vb_access_form.htm" "Mozilla/5.0 (Windows; U; Windows NT 5.0; en-US; rv:1.7.10) Gecko/20050716 Firefox/1.0.6"
59.144.1.11 - - [04/Oct/2005:14:40:21 +0000] "GET /retroevolution/vb/imgs/t_Resources1.jpg HTTP/1.0" 200 12579 "http://newspiritcompany.com/retroevolution/vb/vb_access_form.htm" "Mozilla/5.0 (Windows; U; Windows NT 5.0; en-US; rv:1.7.10) Gecko/20050716 Firefox/1.0.6"
59.144.1.11 - - [04/Oct/2005:14:40:23 +0000] "GET /retroevolution/vb/imgs/t_MiscLinks1.jpg HTTP/1.0" 200 12579 "http://newspiritcompany.com/retroevolution/vb/vb_access_form.htm" "Mozilla/5.0 (Windows; U; Windows NT 5.0; en-US; rv:1.7.10) Gecko/20050716 Firefox/1.0.6"
59.144.1.11 - - [04/Oct/2005:14:40:27 +0000] "GET /retroevolution/vb/imgs/t_SVG1.jpg HTTP/1.0" 200 12579 "http://newspiritcompany.com/retroevolution/vb/vb_access_form.htm" "Mozilla/5.0 (Windows; U; Windows NT 5.0; en-US; rv:1.7.10) Gecko/20050716 Firefox/1.0.6"
59.144.1.11 - - [04/Oct/2005:14:40:29 +0000] "GET /retroevolution/vb/imgs/t_Flash1.jpg HTTP/1.0" 200 12579 "http://newspiritcompany.com/retroevolution/vb/vb_access_form.htm" "Mozilla/5.0 (Windows; U; Windows NT 5.0; en-US; rv:1.7.10) Gecko/20050716 Firefox/1.0.6"
59.144.1.11 - - [04/Oct/2005:14:40:30 +0000] "GET /retroevolution/vb/imgs/t_SiteStats1.jpg HTTP/1.0" 200 12579 "http://newspiritcompany.com/retroevolution/vb/vb_access_form.htm" "Mozilla/5.0 (Windows; U; Windows NT 5.0; en-US; rv:1.7.10) Gecko/20050716 Firefox/1.0.6"
59.144.1.11 - - [04/Oct/2005:14:40:34 +0000] "GET /retroevolution/vb/imgs/t_SiteMap1.jpg HTTP/1.0" 200 12579 "http://newspiritcompany.com/retroevolution/vb/vb_access_form.htm" "Mozilla/5.0 (Windows; U; Windows NT 5.0; en-US; rv:1.7.10) Gecko/20050716 Firefox/1.0.6"
59.144.1.11 - - [04/Oct/2005:14:40:40 +0000] "GET /retroevolution/vb/imgs/t_news1.jpg HTTP/1.0" 200 12579 "http://newspiritcompany.com/retroevolution/vb/vb_access_form.htm" "Mozilla/5.0 (Windows; U; Windows NT 5.0; en-US; rv:1.7.10) Gecko/20050716 Firefox/1.0.6"
59.144.1.11 - - [04/Oct/2005:14:40:40 +0000] "GET /retroevolution/vb/imgs/t_Mega1.jpg HTTP/1.0" 200 12579 "http://newspiritcompany.com/retroevolution/vb/vb_access_form.htm" "Mozilla/5.0 (Windows; U; Windows NT 5.0; en-US; rv:1.7.10) Gecko/20050716 Firefox/1.0.6"
59.144.1.11 - - [04/Oct/2005:14:40:47 +0000] "GET /retroevolution/vb/imgs/t_About1.jpg HTTP/1.0" 200 12579 "http://newspiritcompany.com/retroevolution/vb/vb_access_form.htm" "Mozilla/5.0 (Windows; U; Windows NT 5.0; en-US; rv:1.7.10) Gecko/20050716 Firefox/1.0.6"
59.144.1.11 - - [04/Oct/2005:14:40:47 +0000] "GET /retroevolution/vb/imgs/t_General1.jpg HTTP/1.0" 200 12579 "http://newspiritcompany.com/retroevolution/vb/vb_access_form.htm" "Mozilla/5.0 (Windows; U; Windows NT 5.0; en-US; rv:1.7.10) Gecko/20050716 Firefox/1.0.6"
59.144.1.11 - - [04/Oct/2005:14:40:53 +0000] "GET /retroevolution/vb/imgs/t_MiscLinks1.jpg HTTP/1.0" 200 12579 "http://newspiritcompany.com/retroevolution/vb/vb_access_form.htm" "Mozilla/5.0 (Windows; U; Windows NT 5.0; en-US; rv:1.7.10) Gecko/20050716 Firefox/1.0.6"
59.144.1.11 - - [04/Oct/2005:14:40:56 +0000] "GET /retroevolution/vb/imgs/t_SVG1.jpg HTTP/1.0" 200 12579 "http://newspiritcompany.com/retroevolution/vb/vb_access_form.htm" "Mozilla/5.0 (Windows; U; Windows NT 5.0; en-US; rv:1.7.10) Gecko/20050716 Firefox/1.0.6"
59.144.1.11 - - [04/Oct/2005:14:40:57 +0000] "GET /retroevolution/vb/imgs/t_SiteStats1.jpg HTTP/1.0" 200 12579 "http://newspiritcompany.com/retroevolution/vb/vb_access_form.htm" "Mozilla/5.0 (Windows; U; Windows NT 5.0; en-US; rv:1.7.10) Gecko/20050716 Firefox/1.0.6"
59.144.1.11 - - [04/Oct/2005:14:40:59 +0000] "GET /retroevolution/vb/imgs/t_SiteMap1.jpg HTTP/1.0" 200 12579 "http://newspiritcompany.com/retroevolution/vb/vb_access_form.htm" "Mozilla/5.0 (Windows; U; Windows NT 5.0; en-US; rv:1.7.10) Gecko/20050716 Firefox/1.0.6"
59.144.1.11 - - [04/Oct/2005:14:41:01 +0000] "GET /retroevolution/vb/imgs/t_News2.jpg HTTP/1.0" 200 12579 "http://newspiritcompany.com/retroevolution/vb/vb_access_form.htm" "Mozilla/5.0 (Windows; U; Windows NT 5.0; en-US; rv:1.7.10) Gecko/20050716 Firefox/1.0.6"
59.144.1.11 - - [04/Oct/2005:14:41:04 +0000] "GET /retroevolution/vb/imgs/t_About2.jpg HTTP/1.0" 200 12579 "http://newspiritcompany.com/retroevolution/vb/vb_access_form.htm" "Mozilla/5.0 (Windows; U; Windows NT 5.0; en-US; rv:1.7.10) Gecko/20050716 Firefox/1.0.6"
59.144.1.11 - - [04/Oct/2005:14:41:05 +0000] "GET /retroevolution/vb/imgs/t_Mega2.jpg HTTP/1.0" 200 12579 "http://newspiritcompany.com/retroevolution/vb/vb_access_form.htm" "Mozilla/5.0 (Windows; U; Windows NT 5.0; en-US; rv:1.7.10) Gecko/20050716 Firefox/1.0.6"
59.144.1.11 - - [04/Oct/2005:14:41:06 +0000] "GET /retroevolution/vb/imgs/t_Biology2.jpg HTTP/1.0" 200 12579 "http://newspiritcompany.com/retroevolution/vb/vb_access_form.htm" "Mozilla/5.0 (Windows; U; Windows NT 5.0; en-US; rv:1.7.10) Gecko/20050716 Firefox/1.0.6"
59.144.1.11 - - [04/Oct/2005:14:41:08 +0000] "GET /retroevolution/vb/imgs/t_General2.jpg HTTP/1.0" 200 12579 "http://newspiritcompany.com/retroevolution/vb/vb_access_form.htm" "Mozilla/5.0 (Windows; U; Windows NT 5.0; en-US; rv:1.7.10) Gecko/20050716 Firefox/1.0.6"
59.144.1.11 - - [04/Oct/2005:14:41:09 +0000] "GET /retroevolution/vb/imgs/t_Misc2.jpg HTTP/1.0" 200 12579 "http://newspiritcompany.com/retroevolution/vb/vb_access_form.htm" "Mozilla/5.0 (Windows; U; Windows NT 5.0; en-US; rv:1.7.10) Gecko/20050716 Firefox/1.0.6"
59.144.1.11 - - [04/Oct/2005:14:41:11 +0000] "GET /retroevolution/vb/imgs/t_GIS2.jpg HTTP/1.0" 200 12579 "http://newspiritcompany.com/retroevolution/vb/vb_access_form.htm" "Mozilla/5.0 (Windows; U; Windows NT 5.0; en-US; rv:1.7.10) Gecko/20050716 Firefox/1.0.6"
59.144.1.11 - - [04/Oct/2005:14:41:12 +0000] "GET /retroevolution/vb/imgs/t_Resources2.jpg HTTP/1.0" 200 12579 "http://newspiritcompany.com/retroevolution/vb/vb_access_form.htm" "Mozilla/5.0 (Windows; U; Windows NT 5.0; en-US; rv:1.7.10) Gecko/20050716 Firefox/1.0.6"
59.144.1.11 - - [04/Oct/2005:14:41:15 +0000] "GET /retroevolution/vb/imgs/t_Flash2.jpg HTTP/1.0" 200 12579 "http://newspiritcompany.com/retroevolution/vb/vb_access_form.htm" "Mozilla/5.0 (Windows; U; Windows NT 5.0; en-US; rv:1.7.10) Gecko/20050716 Firefox/1.0.6"
59.144.1.11 - - [04/Oct/2005:14:41:18 +0000] "GET /retroevolution/vb/imgs/t_SVG2.jpg HTTP/1.0" 200 12579 "http://newspiritcompany.com/retroevolution/vb/vb_access_form.htm" "Mozilla/5.0 (Windows; U; Windows NT 5.0; en-US; rv:1.7.10) Gecko/20050716 Firefox/1.0.6"
59.144.1.11 - - [04/Oct/2005:14:41:20 +0000] "GET /retroevolution/vb/imgs/t_SiteStats2.jpg HTTP/1.0" 200 12579 "http://newspiritcompany.com/retroevolution/vb/vb_access_form.htm" "Mozilla/5.0 (Windows; U; Windows NT 5.0; en-US; rv:1.7.10) Gecko/20050716 Firefox/1.0.6"
59.144.1.11 - - [04/Oct/2005:14:41:22 +0000] "GET /retroevolution/vb/imgs/t_SiteMap2.jpg HTTP/1.0" 200 12579 "http://newspiritcompany.com/retroevolution/vb/vb_access_form.htm" "Mozilla/5.0 (Windows; U; Windows NT 5.0; en-US; rv:1.7.10) Gecko/20050716 Firefox/1.0.6"
59.144.1.11 - - [04/Oct/2005:14:41:23 +0000] "GET /retroevolution/vb/imgs/t_MiscLinks2.jpg HTTP/1.0" 200 12579 "http://newspiritcompany.com/retroevolution/vb/vb_access_form.htm" "Mozilla/5.0 (Windows; U; Windows NT 5.0; en-US; rv:1.7.10) Gecko/20050716 Firefox/1.0.6"
59.144.1.11 - - [04/Oct/2005:14:41:28 +0000] "GET /favicon.ico HTTP/1.0" 404 183 "-" "Mozilla/5.0 (Windows; U; Windows NT 5.0; en-US; rv:1.7.10) Gecko/20050716 Firefox/1.0.6"
59.144.1.11 - - [04/Oct/2005:14:43:57 +0000] "GET /retroevolution/vb/imgs/t_Mega1.jpg HTTP/1.0" 200 12579 "http://newspiritcompany.com/retroevolution/vb/vb_access_form.htm" "Mozilla/5.0 (Windows; U; Windows NT 5.0; en-US; rv:1.7.10) Gecko/20050716 Firefox/1.0.6"
59.144.1.11 - - [04/Oct/2005:14:43:59 +0000] "GET /retroevolution/vb/imgs/t_General1.jpg HTTP/1.0" 200 12579 "http://newspiritcompany.com/retroevolution/vb/vb_access_form.htm" "Mozilla/5.0 (Windows; U; Windows NT 5.0; en-US; rv:1.7.10) Gecko/20050716 Firefox/1.0.6"
59.144.1.11 - - [04/Oct/2005:14:44:05 +0000] "GET /retroevolution/vb/imgs/t_MiscLinks1.jpg HTTP/1.0" 200 12579 "http://newspiritcompany.com/retroevolution/vb/vb_access_form.htm" "Mozilla/5.0 (Windows; U; Windows NT 5.0; en-US; rv:1.7.10) Gecko/20050716 Firefox/1.0.6"
59.144.1.11 - - [04/Oct/2005:14:44:06 +0000] "GET /retroevolution/vb/imgs/t_SiteMap1.jpg HTTP/1.0" 200 12579 "http://newspiritcompany.com/retroevolution/vb/vb_access_form.htm" "Mozilla/5.0 (Windows; U; Windows NT 5.0; en-US; rv:1.7.10) Gecko/20050716 Firefox/1.0.6"
59.144.1.11 - - [04/Oct/2005:14:44:09 +0000] "GET /retroevolution/vb/imgs/t_SiteStats1.jpg HTTP/1.0" 200 12579 "http://newspiritcompany.com/retroevolution/vb/vb_access_form.htm" "Mozilla/5.0 (Windows; U; Windows NT 5.0; en-US; rv:1.7.10) Gecko/20050716 Firefox/1.0.6"
59.144.1.11 - - [04/Oct/2005:14:44:09 +0000] "GET /retroevolution/vb/imgs/t_SVG1.jpg HTTP/1.0" 200 12579 "http://newspiritcompany.com/retroevolution/vb/vb_access_form.htm" "Mozilla/5.0 (Windows; U; Windows NT 5.0; en-US; rv:1.7.10) Gecko/20050716 Firefox/1.0.6"
194.221.116.65 - - [04/Oct/2005:14:44:09 +0000] "GET /imgs/save_junit_again01.jpg HTTP/1.1" 200 47509 "http://jroller.com/page/berlinbrown?entry=adding_generic_based_testing_to" "Mozilla/5.0 (Windows; U; Windows NT 5.1; de-DE; rv:1.7.12) Gecko/20050919 Firefox/1.0.7"
59.144.1.11 - - [04/Oct/2005:14:44:17 +0000] "GET /retroevolution/vb/imgs/t_About1.jpg HTTP/1.0" 200 12579 "http://newspiritcompany.com/retroevolution/vb/vb_access_form.htm" "Mozilla/5.0 (Windows; U; Windows NT 5.0; en-US; rv:1.7.10) Gecko/20050716 Firefox/1.0.6"
59.144.1.11 - - [04/Oct/2005:14:44:18 +0000] "GET /retroevolution/vb/imgs/t_Mega1.jpg HTTP/1.0" 200 12579 "http://newspiritcompany.com/retroevolution/vb/vb_access_form.htm" "Mozilla/5.0 (Windows; U; Windows NT 5.0; en-US; rv:1.7.10) Gecko/20050716 Firefox/1.0.6"
59.144.1.11 - - [04/Oct/2005:14:44:25 +0000] "GET /retroevolution/vb/imgs/t_General1.jpg HTTP/1.0" 200 12579 "http://newspiritcompany.com/retroevolution/vb/vb_access_form.htm" "Mozilla/5.0 (Windows; U; Windows NT 5.0; en-US; rv:1.7.10) Gecko/20050716 Firefox/1.0.6"
59.144.1.11 - - [04/Oct/2005:14:44:30 +0000] "GET /retroevolution/vb/imgs/t_Mega1.jpg HTTP/1.0" 200 12579 "http://newspiritcompany.com/retroevolution/vb/vb_access_form.htm" "Mozilla/5.0 (Windows; U; Windows NT 5.0; en-US; rv:1.7.10) Gecko/20050716 Firefox/1.0.6"
59.144.1.11 - - [04/Oct/2005:14:44:31 +0000] "GET /retroevolution/vb/imgs/t_About1.jpg HTTP/1.0" 200 12579 "http://newspiritcompany.com/retroevolution/vb/vb_access_form.htm" "Mozilla/5.0 (Windows; U; Windows NT 5.0; en-US; rv:1.7.10) Gecko/20050716 Firefox/1.0.6"
207.46.98.42 - - [04/Oct/2005:14:44:34 +0000] "GET /spiritforum/viewforum.php?id=5 HTTP/1.0" 200 5493 "-" "msnbot/1.0 (+http://search.msn.com/msnbot.htm)"
59.144.1.11 - - [04/Oct/2005:14:44:40 +0000] "GET /retroevolution/vb/imgs/t_General1.jpg HTTP/1.0" 200 12579 "http://newspiritcompany.com/retroevolution/vb/vb_access_form.htm" "Mozilla/5.0 (Windows; U; Windows NT 5.0; en-US; rv:1.7.10) Gecko/20050716 Firefox/1.0.6"
59.144.1.11 - - [04/Oct/2005:14:44:58 +0000] "GET /retroevolution/vb/projects.htm HTTP/1.0" 200 3094 "-" "Mozilla/5.0 (Windows; U; Windows NT 5.0; en-US; rv:1.7.10) Gecko/20050716 Firefox/1.0.6"
59.144.1.11 - - [04/Oct/2005:14:45:00 +0000] "GET /retroevolution/vb/imgs/t_news1.jpg HTTP/1.0" 200 12579 "http://newspiritcompany.com/retroevolution/vb/projects.htm" "Mozilla/5.0 (Windows; U; Windows NT 5.0; en-US; rv:1.7.10) Gecko/20050716 Firefox/1.0.6"
59.144.1.11 - - [04/Oct/2005:14:45:01 +0000] "GET /retroevolution/vb/imgs/retroPageTitle.jpg HTTP/1.0" 200 12579 "http://newspiritcompany.com/retroevolution/vb/projects.htm" "Mozilla/5.0 (Windows; U; Windows NT 5.0; en-US; rv:1.7.10) Gecko/20050716 Firefox/1.0.6"
59.144.1.11 - - [04/Oct/2005:14:45:03 +0000] "GET /retroevolution/vb/imgs/t_Mega1.jpg HTTP/1.0" 200 12579 "http://newspiritcompany.com/retroevolution/vb/projects.htm" "Mozilla/5.0 (Windows; U; Windows NT 5.0; en-US; rv:1.7.10) Gecko/20050716 Firefox/1.0.6"
59.144.1.11 - - [04/Oct/2005:14:45:04 +0000] "GET /retroevolution/vb/imgs/t_About1.jpg HTTP/1.0" 200 12579 "http://newspiritcompany.com/retroevolution/vb/projects.htm" "Mozilla/5.0 (Windows; U; Windows NT 5.0; en-US; rv:1.7.10) Gecko/20050716 Firefox/1.0.6"
59.144.1.11 - - [04/Oct/2005:14:45:06 +0000] "GET /retroevolution/vb/imgs/t_General1.jpg HTTP/1.0" 200 12579 "http://newspiritcompany.com/retroevolution/vb/projects.htm" "Mozilla/5.0 (Windows; U; Windows NT 5.0; en-US; rv:1.7.10) Gecko/20050716 Firefox/1.0.6"
59.144.1.11 - - [04/Oct/2005:14:45:09 +0000] "GET /retroevolution/vb/imgs/t_MiscLinks1.jpg HTTP/1.0" 200 12579 "http://newspiritcompany.com/retroevolution/vb/projects.htm" "Mozilla/5.0 (Windows; U; Windows NT 5.0; en-US; rv:1.7.10) Gecko/20050716 Firefox/1.0.6"
59.144.1.11 - - [04/Oct/2005:14:45:13 +0000] "GET /retroevolution/vb/imgs/t_SVG1.jpg HTTP/1.0" 200 12579 "http://newspiritcompany.com/retroevolution/vb/projects.htm" "Mozilla/5.0 (Windows; U; Windows NT 5.0; en-US; rv:1.7.10) Gecko/20050716 Firefox/1.0.6"
59.144.1.11 - - [04/Oct/2005:14:45:13 +0000] "GET /retroevolution/vb/imgs/t_SiteStats1.jpg HTTP/1.0" 200 12579 "http://newspiritcompany.com/retroevolution/vb/projects.htm" "Mozilla/5.0 (Windows; U; Windows NT 5.0; en-US; rv:1.7.10) Gecko/20050716 Firefox/1.0.6"
59.144.1.11 - - [04/Oct/2005:14:45:15 +0000] "GET /retroevolution/vb/imgs/t_SiteMap1.jpg HTTP/1.0" 200 12579 "http://newspiritcompany.com/retroevolution/vb/projects.htm" "Mozilla/5.0 (Windows; U; Windows NT 5.0; en-US; rv:1.7.10) Gecko/20050716 Firefox/1.0.6"
59.144.1.11 - - [04/Oct/2005:14:45:19 +0000] "GET /retroevolution/vb/imgs/t_news1.jpg HTTP/1.0" 200 12579 "http://newspiritcompany.com/retroevolution/vb/projects.htm" "Mozilla/5.0 (Windows; U; Windows NT 5.0; en-US; rv:1.7.10) Gecko/20050716 Firefox/1.0.6"
59.144.1.11 - - [04/Oct/2005:14:45:34 +0000] "GET /retroevolution/vb/imgs/t_SVG1.jpg HTTP/1.0" 200 12579 "http://newspiritcompany.com/retroevolution/vb/projects.htm" "Mozilla/5.0 (Windows; U; Windows NT 5.0; en-US; rv:1.7.10) Gecko/20050716 Firefox/1.0.6"
59.144.1.11 - - [04/Oct/2005:14:45:38 +0000] "GET /retroevolution/vb/imgs/t_SiteMap1.jpg HTTP/1.0" 200 12579 "http://newspiritcompany.com/retroevolution/vb/projects.htm" "Mozilla/5.0 (Windows; U; Windows NT 5.0; en-US; rv:1.7.10) Gecko/20050716 Firefox/1.0.6"
59.144.1.11 - - [04/Oct/2005:14:45:41 +0000] "GET /retroevolution/vb/imgs/t_News2.jpg HTTP/1.0" 200 12579 "http://newspiritcompany.com/retroevolution/vb/projects.htm" "Mozilla/5.0 (Windows; U; Windows NT 5.0; en-US; rv:1.7.10) Gecko/20050716 Firefox/1.0.6"
59.144.1.11 - - [04/Oct/2005:14:45:45 +0000] "GET /retroevolution/vb/imgs/t_SiteStats1.jpg HTTP/1.0" 200 12579 "http://newspiritcompany.com/retroevolution/vb/projects.htm" "Mozilla/5.0 (Windows; U; Windows NT 5.0; en-US; rv:1.7.10) Gecko/20050716 Firefox/1.0.6"
59.144.1.11 - - [04/Oct/2005:14:45:46 +0000] "GET /retroevolution/vb/imgs/t_About2.jpg HTTP/1.0" 200 12579 "http://newspiritcompany.com/retroevolution/vb/projects.htm" "Mozilla/5.0 (Windows; U; Windows NT 5.0; en-US; rv:1.7.10) Gecko/20050716 Firefox/1.0.6"
59.144.1.11 - - [04/Oct/2005:14:45:50 +0000] "GET /retroevolution/vb/imgs/t_Biology2.jpg HTTP/1.0" 200 12579 "http://newspiritcompany.com/retroevolution/vb/projects.htm" "Mozilla/5.0 (Windows; U; Windows NT 5.0; en-US; rv:1.7.10) Gecko/20050716 Firefox/1.0.6"
59.144.1.11 - - [04/Oct/2005:14:45:53 +0000] "GET /retroevolution/vb/imgs/t_GIS2.jpg HTTP/1.0" 200 12579 "http://newspiritcompany.com/retroevolution/vb/projects.htm" "Mozilla/5.0 (Windows; U; Windows NT 5.0; en-US; rv:1.7.10) Gecko/20050716 Firefox/1.0.6"
59.144.1.11 - - [04/Oct/2005:14:45:53 +0000] "GET /retroevolution/vb/imgs/t_Misc2.jpg HTTP/1.0" 200 12579 "http://newspiritcompany.com/retroevolution/vb/projects.htm" "Mozilla/5.0 (Windows; U; Windows NT 5.0; en-US; rv:1.7.10) Gecko/20050716 Firefox/1.0.6"
207.46.98.42 - - [04/Oct/2005:14:46:20 +0000] "GET /retroevolution/vb/src/src/src/src/src/src/src/src/src/src/src/src/src/src/spillsToMovieScript.txt HTTP/1.0" 200 12579 "-" "msnbot/1.0 (+http://search.msn.com/msnbot.htm)"
59.144.1.11 - - [04/Oct/2005:14:46:45 +0000] "GET /retroevolution/vb/about.htm HTTP/1.0" 200 3094 "http://newspiritcompany.com/retroevolution/vb/projects.htm" "Mozilla/5.0 (Windows; U; Windows NT 5.0; en-US; rv:1.7.10) Gecko/20050716 Firefox/1.0.6"
59.144.1.11 - - [04/Oct/2005:14:46:47 +0000] "GET /retroevolution/vb/imgs/t_news1.jpg HTTP/1.0" 200 12579 "http://newspiritcompany.com/retroevolution/vb/about.htm" "Mozilla/5.0 (Windows; U; Windows NT 5.0; en-US; rv:1.7.10) Gecko/20050716 Firefox/1.0.6"
66.246.218.107 - - [04/Oct/2005:14:46:52 +0000] "GET /retroevolution/gismvc/RawConnectJAVA.htm HTTP/1.1" 412 218 "http://hydrocodone.mc.azerbaijan.su/buy-hydrocodone/752.nhtml" "Mozilla/4.0 (compatible; MSIE 5.01; Windows NT 5.0; MRA 4.1 (build 00975))"
66.246.218.107 - - [04/Oct/2005:14:46:52 +0000] "GET /retroevolution/gismvc/RawConnectJAVA.htm HTTP/1.1" 200 4236 "http://mc.ashgabad.su" "Mozilla/4.0 (compatible; MSIE 5.01; Windows NT 5.0; MRA 4.1 (build 00975))"
59.144.1.11 - - [04/Oct/2005:14:46:53 +0000] "GET /retroevolution/vb/megatherium.htm HTTP/1.0" 200 3094 "http://newspiritcompany.com/retroevolution/vb/about.htm" "Mozilla/5.0 (Windows; U; Windows NT 5.0; en-US; rv:1.7.10) Gecko/20050716 Firefox/1.0.6"
59.144.1.11 - - [04/Oct/2005:14:47:03 +0000] "GET /retroevolution/vb/src/simpProject.zip HTTP/1.0" 200 12579 "http://newspiritcompany.com/retroevolution/vb/megatherium.htm" "Mozilla/5.0 (Windows; U; Windows NT 5.0; en-US; rv:1.7.10) Gecko/20050716 Firefox/1.0.6"
59.144.1.11 - - [04/Oct/2005:14:47:10 +0000] "GET /retroevolution/vb/src/javascript/abData.js HTTP/1.0" 200 3094 "http://newspiritcompany.com/retroevolution/vb/src/simpProject.zip" "Mozilla/5.0 (Windows; U; Windows NT 5.0; en-US; rv:1.7.10) Gecko/20050716 Firefox/1.0.6"
66.249.66.130 - - [04/Oct/2005:14:47:15 +0000] "GET /sitemap.xml.gz HTTP/1.1" 200 15263 "-" "Mozilla/5.0 (compatible; Googlebot/2.1; +http://www.google.com/bot.html)"
59.144.1.11 - - [04/Oct/2005:14:47:18 +0000] "GET /retroevolution/vb/src/imgs/t_news1.jpg HTTP/1.0" 200 12579 "http://newspiritcompany.com/retroevolution/vb/src/simpProject.zip" "Mozilla/5.0 (Windows; U; Windows NT 5.0; en-US; rv:1.7.10) Gecko/20050716 Firefox/1.0.6"
59.144.1.11 - - [04/Oct/2005:14:47:19 +0000] "GET /retroevolution/vb/src/imgs/t_Mega1.jpg HTTP/1.0" 200 12579 "http://newspiritcompany.com/retroevolution/vb/src/simpProject.zip" "Mozilla/5.0 (Windows; U; Windows NT 5.0; en-US; rv:1.7.10) Gecko/20050716 Firefox/1.0.6"
59.144.1.11 - - [04/Oct/2005:14:47:21 +0000] "GET /retroevolution/vb/src/imgs/t_About1.jpg HTTP/1.0" 200 12579 "http://newspiritcompany.com/retroevolution/vb/src/simpProject.zip" "Mozilla/5.0 (Windows; U; Windows NT 5.0; en-US; rv:1.7.10) Gecko/20050716 Firefox/1.0.6"
59.144.1.11 - - [04/Oct/2005:14:47:22 +0000] "GET /retroevolution/vb/src/imgs/t_Biology1.jpg HTTP/1.0" 200 12579 "http://newspiritcompany.com/retroevolution/vb/src/simpProject.zip" "Mozilla/5.0 (Windows; U; Windows NT 5.0; en-US; rv:1.7.10) Gecko/20050716 Firefox/1.0.6"
59.144.1.11 - - [04/Oct/2005:14:47:23 +0000] "GET /retroevolution/vb/src/imgs/retroPageTitle.jpg HTTP/1.0" 200 12579 "http://newspiritcompany.com/retroevolution/vb/src/simpProject.zip" "Mozilla/5.0 (Windows; U; Windows NT 5.0; en-US; rv:1.7.10) Gecko/20050716 Firefox/1.0.6"
59.144.1.11 - - [04/Oct/2005:14:47:24 +0000] "GET /retroevolution/vb/src/imgs/t_General1.jpg HTTP/1.0" 200 12579 "http://newspiritcompany.com/retroevolution/vb/src/simpProject.zip" "Mozilla/5.0 (Windows; U; Windows NT 5.0; en-US; rv:1.7.10) Gecko/20050716 Firefox/1.0.6"
59.144.1.11 - - [04/Oct/2005:14:47:24 +0000] "GET /retroevolution/vb/src/imgs/t_Misc1.jpg HTTP/1.0" 200 12579 "http://newspiritcompany.com/retroevolution/vb/src/simpProject.zip" "Mozilla/5.0 (Windows; U; Windows NT 5.0; en-US; rv:1.7.10) Gecko/20050716 Firefox/1.0.6"
59.144.1.11 - - [04/Oct/2005:14:47:25 +0000] "GET /retroevolution/vb/src/imgs/t_Resources1.jpg HTTP/1.0" 200 12579 "http://newspiritcompany.com/retroevolution/vb/src/simpProject.zip" "Mozilla/5.0 (Windows; U; Windows NT 5.0; en-US; rv:1.7.10) Gecko/20050716 Firefox/1.0.6"
59.144.1.11 - - [04/Oct/2005:14:47:27 +0000] "GET /retroevolution/vb/src/imgs/t_MiscLinks1.jpg HTTP/1.0" 200 12579 "http://newspiritcompany.com/retroevolution/vb/src/simpProject.zip" "Mozilla/5.0 (Windows; U; Windows NT 5.0; en-US; rv:1.7.10) Gecko/20050716 Firefox/1.0.6"
59.144.1.11 - - [04/Oct/2005:14:47:29 +0000] "GET /retroevolution/vb/src/imgs/t_GIS1.jpg HTTP/1.0" 200 12579 "http://newspiritcompany.com/retroevolution/vb/src/simpProject.zip" "Mozilla/5.0 (Windows; U; Windows NT 5.0; en-US; rv:1.7.10) Gecko/20050716 Firefox/1.0.6"
59.144.1.11 - - [04/Oct/2005:14:47:29 +0000] "GET /retroevolution/vb/src/imgs/t_Flash1.jpg HTTP/1.0" 200 12579 "http://newspiritcompany.com/retroevolution/vb/src/simpProject.zip" "Mozilla/5.0 (Windows; U; Windows NT 5.0; en-US; rv:1.7.10) Gecko/20050716 Firefox/1.0.6"
59.144.1.11 - - [04/Oct/2005:14:47:31 +0000] "GET /retroevolution/vb/src/imgs/t_SVG1.jpg HTTP/1.0" 200 12579 "http://newspiritcompany.com/retroevolution/vb/src/simpProject.zip" "Mozilla/5.0 (Windows; U; Windows NT 5.0; en-US; rv:1.7.10) Gecko/20050716 Firefox/1.0.6"
