68.142.250.134 - - [04/Oct/2005:19:24:00 +0000] "GET /retroevolution/ChangelogSys.htm HTTP/1.0" 200 4500 "-" "Mozilla/5.0 (compatible; Yahoo! Slurp; http://help.yahoo.com/help/us/ysearch/slurp)"
61.247.238.124 - - [04/Oct/2005:19:28:18 +0000] "GET /imgs/spring_diagram01.jpg HTTP/1.1" 200 36128 "http://www.jroller.com/page/berlinbrown/20050721" "Mozilla/4.0 (compatible; MSIE 6.0; Windows NT 5.0; .NET CLR 1.1.4322)"
61.247.238.124 - - [04/Oct/2005:19:28:18 +0000] "GET /imgs/osdev_startup01.jpg HTTP/1.1" 200 64051 "http://www.jroller.com/page/berlinbrown/20050721" "Mozilla/4.0 (compatible; MSIE 6.0; Windows NT 5.0; .NET CLR 1.1.4322)"
68.142.249.49 - - [04/Oct/2005:19:28:37 +0000] "GET /retroevolution/fileio/ HTTP/1.0" 200 1322 "-" "Mozilla/5.0 (compatible; Yahoo! Slurp; http://help.yahoo.com/help/us/ysearch/slurp)"
129.42.184.35 - - [04/Oct/2005:19:29:28 +0000] "GET /retroevolution/hibernate.htm HTTP/1.1" 200 5591 "http://www.google.com/search?hl=en&lr=&q=hibernate+persistance" "Mozilla/4.0 (compatible; MSIE 6.0; Windows NT 5.1; .NET CLR 1.1.4322)"
129.42.184.35 - - [04/Oct/2005:19:29:28 +0000] "GET /retroevolution/imgs/new_logo06.jpg HTTP/1.1" 200 14387 "http://www.newspiritcompany.com/retroevolution/hibernate.htm" "Mozilla/4.0 (compatible; MSIE 6.0; Windows NT 5.1; .NET CLR 1.1.4322)"
129.42.184.35 - - [04/Oct/2005:19:29:28 +0000] "GET /retroevolution/stylesheets/home.css HTTP/1.1" 200 642 "http://www.newspiritcompany.com/retroevolution/hibernate.htm" "Mozilla/4.0 (compatible; MSIE 6.0; Windows NT 5.1; .NET CLR 1.1.4322)"
129.42.184.35 - - [04/Oct/2005:19:29:28 +0000] "GET /retroevolution/imgs/hibernate_pic03.jpg HTTP/1.1" 200 68085 "http://www.newspiritcompany.com/retroevolution/hibernate.htm" "Mozilla/4.0 (compatible; MSIE 6.0; Windows NT 5.1; .NET CLR 1.1.4322)"
129.42.184.35 - - [04/Oct/2005:19:29:28 +0000] "GET /retroevolution/imgs/snapshot_lib03.jpg HTTP/1.1" 200 79314 "http://www.newspiritcompany.com/retroevolution/hibernate.htm" "Mozilla/4.0 (compatible; MSIE 6.0; Windows NT 5.1; .NET CLR 1.1.4322)"
129.42.184.35 - - [04/Oct/2005:19:29:29 +0000] "GET /retroevolution/imgs/snapshot_deploy03.jpg HTTP/1.1" 200 76077 "http://www.newspiritcompany.com/retroevolution/hibernate.htm" "Mozilla/4.0 (compatible; MSIE 6.0; Windows NT 5.1; .NET CLR 1.1.4322)"
129.42.184.35 - - [04/Oct/2005:19:29:29 +0000] "GET /retroevolution/imgs/snapshot_jmxconsole01.jpg HTTP/1.1" 200 90528 "http://www.newspiritcompany.com/retroevolution/hibernate.htm" "Mozilla/4.0 (compatible; MSIE 6.0; Windows NT 5.1; .NET CLR 1.1.4322)"
129.42.184.35 - - [04/Oct/2005:19:29:29 +0000] "GET /retroevolution/imgs/snapshot_eclipse07.jpg HTTP/1.1" 200 91586 "http://www.newspiritcompany.com/retroevolution/hibernate.htm" "Mozilla/4.0 (compatible; MSIE 6.0; Windows NT 5.1; .NET CLR 1.1.4322)"
129.42.184.35 - - [04/Oct/2005:19:29:29 +0000] "GET /retroevolution/imgs/snapshot_jmxconsole02.jpg HTTP/1.1" 200 70121 "http://www.newspiritcompany.com/retroevolution/hibernate.htm" "Mozilla/4.0 (compatible; MSIE 6.0; Windows NT 5.1; .NET CLR 1.1.4322)"
200.38.82.100 - - [04/Oct/2005:19:29:47 +0000] "GET /favicon.ico HTTP/1.1" 404 183 "-" "Mozilla/5.0 (Windows; U; Windows NT 5.0; en-GB; rv:1.7.10) Gecko/20050717 Firefox/1.0.6"
129.42.184.35 - - [04/Oct/2005:19:31:56 +0000] "GET /retroevolution/src/hibernatecfg.htm HTTP/1.1" 200 851 "http://www.newspiritcompany.com/retroevolution/hibernate.htm" "Mozilla/4.0 (compatible; MSIE 6.0; Windows NT 5.1; .NET CLR 1.1.4322)"
71.112.207.245 - - [04/Oct/2005:19:34:20 +0000] "GET / HTTP/1.1" 200 1788 "http://www.aeyj.com/apartment-austin-guide-texas.html" "http://www.aeqk.com/jewelry-store-titanium.html"
220.181.18.7 - - [04/Oct/2005:19:34:39 +0000] "HEAD /src/welcomehere.mp3 HTTP/1.0" 200 - "-" "Mozilla/4.0 (compatible; MSIE 5.0; Windows 98; DigExt)"
66.76.24.34 - - [04/Oct/2005:19:35:22 +0000] "GET /retroevolution/copy_paste.htm HTTP/1.0" 200 6350 "http://www.google.com/search?hs=hZC&hl=en&lr=&client=firefox-a&rls=org.mozilla%3Aen-US%3Aofficial&q=jedit+arcxml&btnG=Search" "Mozilla/5.0 (Windows; U; Windows NT 5.1; en-US; rv:1.7.12) Gecko/20050915 Firefox/1.0.7"
66.76.24.34 - - [04/Oct/2005:19:35:22 +0000] "GET /favicon.ico HTTP/1.0" 404 183 "-" "Mozilla/5.0 (Windows; U; Windows NT 5.1; en-US; rv:1.7.12) Gecko/20050915 Firefox/1.0.7"
66.237.209.175 - - [04/Oct/2005:19:36:32 +0000] "GET /imgs/drawrobot.jpg HTTP/1.1" 200 11896 "http://www.jroller.com/page/berlinbrown/Weblog/20050914" "Mozilla/4.0 (compatible; MSIE 6.0; Windows NT 5.1; SV1; .NET CLR 1.1.4322)"
66.237.209.175 - - [04/Oct/2005:19:36:32 +0000] "GET /blog/images/26.jpg HTTP/1.1" 200 55517 "http://www.jroller.com/page/berlinbrown/Weblog/20050914" "Mozilla/4.0 (compatible; MSIE 6.0; Windows NT 5.1; SV1; .NET CLR 1.1.4322)"
66.237.209.175 - - [04/Oct/2005:19:36:32 +0000] "GET /imgs/numbers_and_web_interface03.jpg HTTP/1.1" 200 149323 "http://www.jroller.com/page/berlinbrown/Weblog/20050914" "Mozilla/4.0 (compatible; MSIE 6.0; Windows NT 5.1; SV1; .NET CLR 1.1.4322)"
66.237.209.175 - - [04/Oct/2005:19:36:33 +0000] "GET /imgs/building_the_app_numbers01.jpg HTTP/1.1" 200 81484 "http://www.jroller.com/page/berlinbrown/Weblog/20050914" "Mozilla/4.0 (compatible; MSIE 6.0; Windows NT 5.1; SV1; .NET CLR 1.1.4322)"
66.237.209.175 - - [04/Oct/2005:19:36:36 +0000] "GET /imgs/numbers_initial_project01.jpg HTTP/1.1" 304 - "http://www.jroller.com/page/berlinbrown/Weblog/20050914" "Mozilla/4.0 (compatible; MSIE 6.0; Windows NT 5.1; SV1; .NET CLR 1.1.4322)"
66.237.209.175 - - [04/Oct/2005:19:36:36 +0000] "GET /imgs/numbers_MajorComponents.jpg HTTP/1.1" 304 - "http://www.jroller.com/page/berlinbrown/Weblog/20050914" "Mozilla/4.0 (compatible; MSIE 6.0; Windows NT 5.1; SV1; .NET CLR 1.1.4322)"
66.76.24.34 - - [04/Oct/2005:19:36:46 +0000] "GET /retroevolution/copy_paste.htm HTTP/1.0" 200 6350 "http://www.google.com/search?hs=hZC&hl=en&lr=&client=firefox-a&rls=org.mozilla%3Aen-US%3Aofficial&q=jedit+arcxml&btnG=Search" "Mozilla/5.0 (Windows; U; Windows NT 5.1; en-US; rv:1.7.12) Gecko/20050915 Firefox/1.0.7"
66.246.218.107 - - [04/Oct/2005:19:37:08 +0000] "GET /retroevolution/ArcIMSConnectJavaHTTP.htm HTTP/1.1" 200 4095 "http://mc.ashgabad.su" "Mozilla/4.0 (compatible; MSIE 5.01; Windows NT 5.0; MRA 4.1 (build 00975))"
66.246.218.107 - - [04/Oct/2005:19:37:08 +0000] "GET /retroevolution/ArcIMSConnectJavaHTTP.htm HTTP/1.1" 412 216 "http://hydrocodone.mc.azerbaijan.su/buy-hydrocodone/655.nhtml" "Mozilla/4.0 (compatible; MSIE 5.01; Windows NT 5.0; MRA 4.1 (build 00975))"
83.199.1.32 - - [04/Oct/2005:19:38:17 +0000] "GET /retroevolution/hibernate.htm HTTP/1.1" 200 5591 "http://www.google.fr/search?q=hibernate+jython&hl=fr&lr=&start=10&sa=N" "Mozilla/5.0 (X11; U; Linux i686; en-US; rv:1.7.6) Gecko/20050317 Firefox/1.0.6"
83.199.1.32 - - [04/Oct/2005:19:38:17 +0000] "GET /retroevolution/stylesheets/home.css HTTP/1.1" 200 642 "http://www.newspiritcompany.com/retroevolution/hibernate.htm" "Mozilla/5.0 (X11; U; Linux i686; en-US; rv:1.7.6) Gecko/20050317 Firefox/1.0.6"
83.199.1.32 - - [04/Oct/2005:19:38:18 +0000] "GET /retroevolution/imgs/new_logo06.jpg HTTP/1.1" 200 14387 "http://www.newspiritcompany.com/retroevolution/hibernate.htm" "Mozilla/5.0 (X11; U; Linux i686; en-US; rv:1.7.6) Gecko/20050317 Firefox/1.0.6"
83.199.1.32 - - [04/Oct/2005:19:38:18 +0000] "GET /retroevolution/imgs/hibernate_pic03.jpg HTTP/1.1" 200 68085 "http://www.newspiritcompany.com/retroevolution/hibernate.htm" "Mozilla/5.0 (X11; U; Linux i686; en-US; rv:1.7.6) Gecko/20050317 Firefox/1.0.6"
83.199.1.32 - - [04/Oct/2005:19:38:18 +0000] "GET /retroevolution/imgs/snapshot_lib03.jpg HTTP/1.1" 200 79314 "http://www.newspiritcompany.com/retroevolution/hibernate.htm" "Mozilla/5.0 (X11; U; Linux i686; en-US; rv:1.7.6) Gecko/20050317 Firefox/1.0.6"
83.199.1.32 - - [04/Oct/2005:19:38:21 +0000] "GET /retroevolution/imgs/snapshot_deploy03.jpg HTTP/1.1" 200 76077 "http://www.newspiritcompany.com/retroevolution/hibernate.htm" "Mozilla/5.0 (X11; U; Linux i686; en-US; rv:1.7.6) Gecko/20050317 Firefox/1.0.6"
83.199.1.32 - - [04/Oct/2005:19:38:21 +0000] "GET /retroevolution/imgs/snapshot_eclipse07.jpg HTTP/1.1" 200 91586 "http://www.newspiritcompany.com/retroevolution/hibernate.htm" "Mozilla/5.0 (X11; U; Linux i686; en-US; rv:1.7.6) Gecko/20050317 Firefox/1.0.6"
83.199.1.32 - - [04/Oct/2005:19:38:23 +0000] "GET /retroevolution/imgs/snapshot_jmxconsole01.jpg HTTP/1.1" 200 90528 "http://www.newspiritcompany.com/retroevolution/hibernate.htm" "Mozilla/5.0 (X11; U; Linux i686; en-US; rv:1.7.6) Gecko/20050317 Firefox/1.0.6"
83.199.1.32 - - [04/Oct/2005:19:38:23 +0000] "GET /retroevolution/imgs/snapshot_jmxconsole02.jpg HTTP/1.1" 200 70121 "http://www.newspiritcompany.com/retroevolution/hibernate.htm" "Mozilla/5.0 (X11; U; Linux i686; en-US; rv:1.7.6) Gecko/20050317 Firefox/1.0.6"
83.199.1.32 - - [04/Oct/2005:19:38:26 +0000] "GET /favicon.ico HTTP/1.1" 404 183 "-" "Mozilla/5.0 (X11; U; Linux i686; en-US; rv:1.7.6) Gecko/20050317 Firefox/1.0.6"
83.199.1.32 - - [04/Oct/2005:19:39:24 +0000] "GET /favicon.ico HTTP/1.1" 404 183 "-" "Mozilla/5.0 (X11; U; Linux i686; en-US; rv:1.7.6) Gecko/20050317 Firefox/1.0.6"
83.199.1.32 - - [04/Oct/2005:19:39:48 +0000] "HEAD /retroevolution/LazyTreePyHibernate.zip HTTP/1.1" 200 - "-" "Mozilla/5.0 (X11; U; Linux i686; en-US; rv:1.7.6) Gecko/20050317 Firefox/1.0.6"
83.199.1.32 - - [04/Oct/2005:19:39:39 +0000] "GET /retroevolution/LazyTreePyHibernate.zip HTTP/1.1" 200 4238379 "http://www.newspiritcompany.com/retroevolution/hibernate.htm" "Mozilla/5.0 (X11; U; Linux i686; en-US; rv:1.7.6) Gecko/20050317 Firefox/1.0.6"
83.199.1.32 - - [04/Oct/2005:19:40:00 +0000] "GET /retroevolution/src/NewHibernateTestLin.tar.gz HTTP/1.1" 200 13325 "http://www.newspiritcompany.com/retroevolution/hibernate.htm" "Mozilla/5.0 (X11; U; Linux i686; en-US; rv:1.7.6) Gecko/20050317 Firefox/1.0.6"
62.129.121.63 - - [04/Oct/2005:19:40:24 +0000] "GET /blog/images/26.jpg HTTP/1.1" 304 - "-" "Mozilla/4.0 (compatible;)"
83.199.1.32 - - [04/Oct/2005:19:39:52 +0000] "GET /retroevolution/LazyTreePyHibernate.zip HTTP/1.1" 200 4238379 "http://www.newspiritcompany.com/retroevolution/hibernate.htm" "Mozilla/5.0 (X11; U; Linux i686; en-US; rv:1.7.6) Gecko/20050317 Firefox/1.0.6"
207.46.98.42 - - [04/Oct/2005:19:41:16 +0000] "GET /retroevolution/gismvc/DOMProcIMSJAVA.htm HTTP/1.0" 200 6616 "-" "msnbot/1.0 (+http://search.msn.com/msnbot.htm)"
207.46.98.42 - - [04/Oct/2005:19:45:46 +0000] "GET /src/test_scripts.sql.html HTTP/1.0" 200 10346 "-" "msnbot/1.0 (+http://search.msn.com/msnbot.htm)"
68.142.249.17 - - [04/Oct/2005:19:47:31 +0000] "GET /spiritforum/viewtopic.php?id=99 HTTP/1.0" 200 2134 "-" "Mozilla/5.0 (compatible; Yahoo! Slurp; http://help.yahoo.com/help/us/ysearch/slurp)"
202.108.249.130 - - [04/Oct/2005:19:48:07 +0000] "HEAD /src/welcomehere.mp3 HTTP/1.0" 200 - "-" "Mozilla/4.0 (compatible; MSIE 5.0; Windows 98; DigExt)"
85.146.124.154 - - [04/Oct/2005:19:49:24 +0000] "GET /imgs/numbers_initial_project01.jpg HTTP/1.1" 200 27022 "-" "Mozilla/4.0 (compatible; MSIE 6.0; Windows NT 5.1; SV1)"
65.160.238.180 - - [04/Oct/2005:19:49:24 +0000] "GET / HTTP/1.1" 412 234 "-" "Mozilla/4.0 (compatible; Cerberian Drtrs Version-3.2-Build-0)"
85.146.124.154 - - [04/Oct/2005:19:49:24 +0000] "GET /imgs/numbers_MajorComponents.jpg HTTP/1.1" 200 41770 "-" "Mozilla/4.0 (compatible; MSIE 6.0; Windows NT 5.1; SV1)"
217.169.46.109 - - [04/Oct/2005:19:49:24 +0000] "GET / HTTP/1.1" 412 234 "-" "Mozilla/4.0 (compatible; Cerberian Drtrs Version-3.2-Build-0)"
85.146.124.154 - - [04/Oct/2005:19:49:25 +0000] "GET /imgs/opensource_development_stack01_sm.jpg HTTP/1.1" 200 50328 "-" "Mozilla/4.0 (compatible; MSIE 6.0; Windows NT 5.1; SV1)"
85.146.124.154 - - [04/Oct/2005:19:49:25 +0000] "GET /imgs/xml_gives_crash01.jpg HTTP/1.1" 200 69434 "-" "Mozilla/4.0 (compatible; MSIE 6.0; Windows NT 5.1; SV1)"
85.146.124.154 - - [04/Oct/2005:19:49:27 +0000] "GET /imgs/usecase_lisp.jpg HTTP/1.1" 200 28966 "-" "Mozilla/4.0 (compatible; MSIE 6.0; Windows NT 5.1; SV1)"
85.146.124.154 - - [04/Oct/2005:19:49:27 +0000] "GET /imgs/codegen_usecase_sm.jpg HTTP/1.1" 200 35646 "-" "Mozilla/4.0 (compatible; MSIE 6.0; Windows NT 5.1; SV1)"
85.146.124.154 - - [04/Oct/2005:19:49:28 +0000] "GET /imgs/phoenix_flow03_small.jpg HTTP/1.1" 200 21846 "-" "Mozilla/4.0 (compatible; MSIE 6.0; Windows NT 5.1; SV1)"
85.146.124.154 - - [04/Oct/2005:19:49:29 +0000] "GET /imgs/codegen_view02.jpg HTTP/1.1" 200 22728 "-" "Mozilla/4.0 (compatible; MSIE 6.0; Windows NT 5.1; SV1)"
85.146.124.154 - - [04/Oct/2005:19:49:28 +0000] "GET /imgs/simple_lisp_code.jpg HTTP/1.1" 200 102833 "-" "Mozilla/4.0 (compatible; MSIE 6.0; Windows NT 5.1; SV1)"
85.146.124.154 - - [04/Oct/2005:19:49:30 +0000] "GET /imgs/final_product09.jpg HTTP/1.1" 200 47002 "-" "Mozilla/4.0 (compatible; MSIE 6.0; Windows NT 5.1; SV1)"
168.166.51.1 - - [04/Oct/2005:19:49:35 +0000] "GET /retroevolution/gismvc/GISJavascript.htm HTTP/1.1" 200 2293 "http://search.msn.com/results.aspx?srch=105&FORM=AS5&q=ActiveLayerIndex" "Mozilla/4.0 (compatible; MSIE 6.0; Windows NT 5.0)"
59.144.58.160 - - [04/Oct/2005:19:53:54 +0000] "GET /ejb01.htm HTTP/1.1" 200 35729 "-" "Mozilla/4.0 (compatible; MSIE 6.0; Windows NT 5.1; SV1; .NET CLR 1.1.4322)"
59.144.58.160 - - [04/Oct/2005:19:53:54 +0000] "GET /imgs/ros_banner.jpg HTTP/1.1" 200 19239 "http://www.newspiritcompany.com/ejb01.htm" "Mozilla/4.0 (compatible; MSIE 6.0; Windows NT 5.1; SV1; .NET CLR 1.1.4322)"
59.144.58.160 - - [04/Oct/2005:19:53:56 +0000] "GET /beta/imgs/snapshot_seaimg01.jpg HTTP/1.1" 200 19560 "http://www.newspiritcompany.com/ejb01.htm" "Mozilla/4.0 (compatible; MSIE 6.0; Windows NT 5.1; SV1; .NET CLR 1.1.4322)"
59.144.58.160 - - [04/Oct/2005:19:53:55 +0000] "GET /imgs/jms_mysql_changes.jpg HTTP/1.1" 200 41066 "http://www.newspiritcompany.com/ejb01.htm" "Mozilla/4.0 (compatible; MSIE 6.0; Windows NT 5.1; SV1; .NET CLR 1.1.4322)"
59.144.58.160 - - [04/Oct/2005:19:53:56 +0000] "GET /imgs/NewJBoss01.jpg HTTP/1.1" 200 60058 "http://www.newspiritcompany.com/ejb01.htm" "Mozilla/4.0 (compatible; MSIE 6.0; Windows NT 5.1; SV1; .NET CLR 1.1.4322)"
59.144.58.160 - - [04/Oct/2005:19:53:56 +0000] "GET /imgs/snapshot_jboss_deploy.jpg HTTP/1.1" 200 101013 "http://www.newspiritcompany.com/ejb01.htm" "Mozilla/4.0 (compatible; MSIE 6.0; Windows NT 5.1; SV1; .NET CLR 1.1.4322)"
59.144.58.160 - - [04/Oct/2005:19:53:58 +0000] "GET /imgs/jboss_init01.jpg HTTP/1.1" 200 90845 "http://www.newspiritcompany.com/ejb01.htm" "Mozilla/4.0 (compatible; MSIE 6.0; Windows NT 5.1; SV1; .NET CLR 1.1.4322)"
59.144.58.160 - - [04/Oct/2005:19:54:04 +0000] "GET /imgs/jboss_agent01.jpg HTTP/1.1" 200 36388 "http://www.newspiritcompany.com/ejb01.htm" "Mozilla/4.0 (compatible; MSIE 6.0; Windows NT 5.1; SV1; .NET CLR 1.1.4322)"
59.144.58.160 - - [04/Oct/2005:19:53:59 +0000] "GET /imgs/jboss_script02.jpg HTTP/1.1" 200 89205 "http://www.newspiritcompany.com/ejb01.htm" "Mozilla/4.0 (compatible; MSIE 6.0; Windows NT 5.1; SV1; .NET CLR 1.1.4322)"
59.144.58.160 - - [04/Oct/2005:19:54:03 +0000] "GET /imgs/jboss_init03.jpg HTTP/1.1" 200 78396 "http://www.newspiritcompany.com/ejb01.htm" "Mozilla/4.0 (compatible; MSIE 6.0; Windows NT 5.1; SV1; .NET CLR 1.1.4322)"
59.144.58.160 - - [04/Oct/2005:19:54:06 +0000] "GET /imgs/jboss_uninstall01.jpg HTTP/1.1" 200 82707 "http://www.newspiritcompany.com/ejb01.htm" "Mozilla/4.0 (compatible; MSIE 6.0; Windows NT 5.1; SV1; .NET CLR 1.1.4322)"
59.144.58.160 - - [04/Oct/2005:19:54:07 +0000] "GET /beta/imgs/snapshot_build03.jpg HTTP/1.1" 200 80261 "http://www.newspiritcompany.com/ejb01.htm" "Mozilla/4.0 (compatible; MSIE 6.0; Windows NT 5.1; SV1; .NET CLR 1.1.4322)"
59.144.58.160 - - [04/Oct/2005:19:54:09 +0000] "GET /beta/imgs/snapshot_build04.jpg HTTP/1.1" 200 117975 "http://www.newspiritcompany.com/ejb01.htm" "Mozilla/4.0 (compatible; MSIE 6.0; Windows NT 5.1; SV1; .NET CLR 1.1.4322)"
82.250.179.120 - - [04/Oct/2005:19:54:25 +0000] "GET /imgs/save_junit_again01.jpg HTTP/1.1" 200 47509 "http://jroller.com/page/berlinbrown?entry=adding_generic_based_testing_to" "-"
207.46.98.42 - - [04/Oct/2005:19:55:52 +0000] "GET /src/codegen-lib.lisp.html HTTP/1.0" 200 4641 "-" "msnbot/1.0 (+http://search.msn.com/msnbot.htm)"
206.208.224.161 - - [04/Oct/2005:19:56:08 +0000] "GET /imgs/spring_diagram01.jpg HTTP/1.1" 200 36128 "http://jroller.com/page/berlinbrown/20050629" "Mozilla/4.0 (compatible; MSIE 6.0; Windows NT 5.1; .NET CLR 1.1.4322)"
206.208.224.161 - - [04/Oct/2005:19:56:08 +0000] "GET /imgs/UMLClusterMain.jpg HTTP/1.1" 200 56563 "http://jroller.com/page/berlinbrown/20050629" "Mozilla/4.0 (compatible; MSIE 6.0; Windows NT 5.1; .NET CLR 1.1.4322)"
66.246.218.107 - - [04/Oct/2005:19:59:59 +0000] "GET /retroevolution/gismvc/RawConnectJAVA.htm HTTP/1.1" 200 4236 "http://mc.ashgabad.su" "Mozilla/4.0 (compatible; MSIE 5.01; Windows NT 5.0; MRA 4.1 (build 00975))"
66.246.218.107 - - [04/Oct/2005:19:59:59 +0000] "GET /retroevolution/gismvc/RawConnectJAVA.htm HTTP/1.1" 412 218 "http://hydrocodone.mc.azerbaijan.su/buy-hydrocodone/337.nhtml" "Mozilla/4.0 (compatible; MSIE 5.01; Windows NT 5.0; MRA 4.1 (build 00975))"
207.7.108.165 - - [04/Oct/2005:20:01:28 +0000] "GET /blog/?rss=1 HTTP/1.1" 304 - "-" "TextPlanet : The People on TextDrive http://textplanet.net/ Planet/0.2 http://www.planetplanet.org/ UltraLiberalFeedParser/2.7.6 +http://diveintomark.org/projects/feed_parser/"
220.181.18.7 - - [04/Oct/2005:20:03:14 +0000] "GET /src/welcomehere.mp3 HTTP/1.1" 206 8192 "-" "-"
207.46.98.42 - - [04/Oct/2005:20:06:52 +0000] "GET /src/execute-view.lisp.html HTTP/1.0" 200 9451 "-" "msnbot/1.0 (+http://search.msn.com/msnbot.htm)"
68.142.251.51 - - [04/Oct/2005:20:08:19 +0000] "GET /blog/article/213/defending-religion-again---andrew-oliver HTTP/1.0" 200 2237 "-" "Mozilla/5.0 (compatible; Yahoo! Slurp; http://help.yahoo.com/help/us/ysearch/slurp)"
12.31.97.44 - - [04/Oct/2005:20:11:22 +0000] "GET /newprojects.html HTTP/1.1" 200 1314 "http://www.jroller.com/page/berlinbrown?entry=more_lisp_snippets_simple_html" "Mozilla/5.0 (Windows; U; Windows NT 5.1; en-US; rv:1.8b4) Gecko/20050908 Firefox/1.4"
12.31.97.44 - - [04/Oct/2005:20:11:22 +0000] "GET /favicon.ico HTTP/1.1" 404 183 "-" "Mozilla/5.0 (Windows; U; Windows NT 5.1; en-US; rv:1.8b4) Gecko/20050908 Firefox/1.4"
202.108.249.130 - - [04/Oct/2005:20:12:56 +0000] "GET /src/welcomehere.mp3 HTTP/1.1" 206 8192 "-" "-"
216.148.212.188 - - [04/Oct/2005:20:19:18 +0000] "GET /blog/?rss=1 HTTP/1.1" 304 20 "-" "Bloglines/2.1 (http://www.bloglines.com; 1 subscriber)"
207.46.98.42 - - [04/Oct/2005:20:26:45 +0000] "GET /spiritforum/viewtopic.php?pid=111 HTTP/1.0" 200 5794 "-" "msnbot/1.0 (+http://search.msn.com/msnbot.htm)"
71.57.116.125 - - [04/Oct/2005:20:28:50 +0000] "GET /retroevolution/ejb01.htm HTTP/1.1" 200 12086 "http://search.yahoo.com/search?p=MySql+JBoss&sm=Yahoo%21+Search&toggle=1&ei=UTF-8&pstart=1&fr=FP-tab-web-t&b=11" "Mozilla/5.0 (Windows; U; Windows NT 5.1; en-US; rv:1.7.12) Gecko/20050915 Firefox/1.0.7"
71.57.116.125 - - [04/Oct/2005:20:28:51 +0000] "GET /retroevolution/beta/imgs/snapshot_seaimg01.jpg HTTP/1.1" 404 244 "http://newspiritcompany.com/retroevolution/ejb01.htm" "Mozilla/5.0 (Windows; U; Windows NT 5.1; en-US; rv:1.7.12) Gecko/20050915 Firefox/1.0.7"
71.57.116.125 - - [04/Oct/2005:20:28:51 +0000] "GET /retroevolution/imgs/ros_banner.jpg HTTP/1.1" 404 232 "http://newspiritcompany.com/retroevolution/ejb01.htm" "Mozilla/5.0 (Windows; U; Windows NT 5.1; en-US; rv:1.7.12) Gecko/20050915 Firefox/1.0.7"
71.57.116.125 - - [04/Oct/2005:20:28:51 +0000] "GET /retroevolution/imgs/jboss_diagram.jpg HTTP/1.1" 404 235 "http://newspiritcompany.com/retroevolution/ejb01.htm" "Mozilla/5.0 (Windows; U; Windows NT 5.1; en-US; rv:1.7.12) Gecko/20050915 Firefox/1.0.7"
71.57.116.125 - - [04/Oct/2005:20:28:51 +0000] "GET /retroevolution/imgs/jboss_init01.jpg HTTP/1.1" 404 234 "http://newspiritcompany.com/retroevolution/ejb01.htm" "Mozilla/5.0 (Windows; U; Windows NT 5.1; en-US; rv:1.7.12) Gecko/20050915 Firefox/1.0.7"
71.57.116.125 - - [04/Oct/2005:20:28:52 +0000] "GET /retroevolution/imgs/jboss_script02.jpg HTTP/1.1" 404 236 "http://newspiritcompany.com/retroevolution/ejb01.htm" "Mozilla/5.0 (Windows; U; Windows NT 5.1; en-US; rv:1.7.12) Gecko/20050915 Firefox/1.0.7"
71.57.116.125 - - [04/Oct/2005:20:28:52 +0000] "GET /retroevolution/imgs/jboss_init03.jpg HTTP/1.1" 404 234 "http://newspiritcompany.com/retroevolution/ejb01.htm" "Mozilla/5.0 (Windows; U; Windows NT 5.1; en-US; rv:1.7.12) Gecko/20050915 Firefox/1.0.7"
71.57.116.125 - - [04/Oct/2005:20:28:52 +0000] "GET /retroevolution/imgs/jboss_agent01.jpg HTTP/1.1" 404 235 "http://newspiritcompany.com/retroevolution/ejb01.htm" "Mozilla/5.0 (Windows; U; Windows NT 5.1; en-US; rv:1.7.12) Gecko/20050915 Firefox/1.0.7"
71.57.116.125 - - [04/Oct/2005:20:28:52 +0000] "GET /retroevolution/imgs/jboss_uninstall01.jpg HTTP/1.1" 404 239 "http://newspiritcompany.com/retroevolution/ejb01.htm" "Mozilla/5.0 (Windows; U; Windows NT 5.1; en-US; rv:1.7.12) Gecko/20050915 Firefox/1.0.7"
71.57.116.125 - - [04/Oct/2005:20:28:52 +0000] "GET /retroevolution/imgs/jms_mysql_changes.jpg HTTP/1.1" 404 239 "http://newspiritcompany.com/retroevolution/ejb01.htm" "Mozilla/5.0 (Windows; U; Windows NT 5.1; en-US; rv:1.7.12) Gecko/20050915 Firefox/1.0.7"
71.57.116.125 - - [04/Oct/2005:20:28:52 +0000] "GET /retroevolution/imgs/snapshot_jboss_deploy.jpg HTTP/1.1" 404 243 "http://newspiritcompany.com/retroevolution/ejb01.htm" "Mozilla/5.0 (Windows; U; Windows NT 5.1; en-US; rv:1.7.12) Gecko/20050915 Firefox/1.0.7"
71.57.116.125 - - [04/Oct/2005:20:28:52 +0000] "GET /retroevolution/beta/imgs/snapshot_build04.jpg HTTP/1.1" 404 243 "http://newspiritcompany.com/retroevolution/ejb01.htm" "Mozilla/5.0 (Windows; U; Windows NT 5.1; en-US; rv:1.7.12) Gecko/20050915 Firefox/1.0.7"
71.57.116.125 - - [04/Oct/2005:20:28:52 +0000] "GET /retroevolution/beta/imgs/snapshot_build03.jpg HTTP/1.1" 404 243 "http://newspiritcompany.com/retroevolution/ejb01.htm" "Mozilla/5.0 (Windows; U; Windows NT 5.1; en-US; rv:1.7.12) Gecko/20050915 Firefox/1.0.7"
71.57.116.125 - - [04/Oct/2005:20:28:52 +0000] "GET /favicon.ico HTTP/1.1" 404 183 "-" "Mozilla/5.0 (Windows; U; Windows NT 5.1; en-US; rv:1.7.12) Gecko/20050915 Firefox/1.0.7"
66.246.218.107 - - [04/Oct/2005:20:31:00 +0000] "GET /retroevolution/ArcIMSConnectJavaHTTP.htm HTTP/1.1" 200 4095 "http://mc.ashgabad.su" "Mozilla/4.0 (compatible; MSIE 5.01; Windows NT 5.0; MRA 4.1 (build 00975))"
66.246.218.107 - - [04/Oct/2005:20:31:00 +0000] "GET /retroevolution/ArcIMSConnectJavaHTTP.htm HTTP/1.1" 412 216 "http://hydrocodone.mc.azerbaijan.su/buy-hydrocodone/578.nhtml" "Mozilla/4.0 (compatible; MSIE 5.01; Windows NT 5.0; MRA 4.1 (build 00975))"
65.83.231.100 - - [04/Oct/2005:20:35:30 +0000] "GET /imgs/spring_diagram01.jpg HTTP/1.1" 200 36128 "http://jroller.com/page/berlinbrown/20050716;jsessionid=2qinL0KWjl_1zWVT" "Mozilla/4.0 (compatible; MSIE 6.0; Windows NT 5.1; SV1; YPC 3.2.0; .NET CLR 1.1.4322; .NET CLR 1.0.3705; .NET CLR 2.0.50215; Avalon 6.0.5070; WinFX RunTime 3.0.50215)"
65.83.231.100 - - [04/Oct/2005:20:35:30 +0000] "GET /imgs/osdev_startup01.jpg HTTP/1.1" 200 64051 "http://jroller.com/page/berlinbrown/20050716;jsessionid=2qinL0KWjl_1zWVT" "Mozilla/4.0 (compatible; MSIE 6.0; Windows NT 5.1; SV1; YPC 3.2.0; .NET CLR 1.1.4322; .NET CLR 1.0.3705; .NET CLR 2.0.50215; Avalon 6.0.5070; WinFX RunTime 3.0.50215)"
207.46.98.42 - - [04/Oct/2005:20:40:04 +0000] "GET /spiritforum/viewforum.php?id=2 HTTP/1.0" 200 18925 "-" "msnbot/1.0 (+http://search.msn.com/msnbot.htm)"
207.46.98.42 - - [04/Oct/2005:20:40:54 +0000] "GET /retroevolution/vb/src/src/src/src/src/src/src/src/src/src/src/src/src/src/oracle.txt HTTP/1.0" 200 12579 "-" "msnbot/1.0 (+http://search.msn.com/msnbot.htm)"
66.245.17.8 - - [04/Oct/2005:20:51:54 +0000] "GET /blog/article/198/links-watch-blog---entry-activegrid-and-37signals HTTP/1.1" 200 1833 "http://www.strategicboard.com/weblog/pivot/entry.php?id=39&t=tagentry_template.htm&tag=ActiveGrid" "Mozilla/5.0 (Windows; U; Windows NT 5.0; en-US; rv:1.7.12) Gecko/20050915 Firefox/1.0.7"
66.245.17.8 - - [04/Oct/2005:20:52:00 +0000] "GET /blog/textpattern/css.php?s=article HTTP/1.1" 200 895 "http://newspiritcompany.com/blog/article/198/links-watch-blog---entry-activegrid-and-37signals" "Mozilla/5.0 (Windows; U; Windows NT 5.0; en-US; rv:1.7.12) Gecko/20050915 Firefox/1.0.7"
66.245.17.8 - - [04/Oct/2005:20:52:01 +0000] "GET /blog/images/17.jpg HTTP/1.1" 200 20827 "http://newspiritcompany.com/blog/article/198/links-watch-blog---entry-activegrid-and-37signals" "Mozilla/5.0 (Windows; U; Windows NT 5.0; en-US; rv:1.7.12) Gecko/20050915 Firefox/1.0.7"
66.245.17.8 - - [04/Oct/2005:20:52:01 +0000] "GET /imgs/little_box.gif HTTP/1.1" 200 73 "http://newspiritcompany.com/blog/article/198/links-watch-blog---entry-activegrid-and-37signals" "Mozilla/5.0 (Windows; U; Windows NT 5.0; en-US; rv:1.7.12) Gecko/20050915 Firefox/1.0.7"
66.245.17.8 - - [04/Oct/2005:20:52:01 +0000] "GET /imgs/new_background_grey.gif HTTP/1.1" 200 17404 "http://newspiritcompany.com/blog/article/198/links-watch-blog---entry-activegrid-and-37signals" "Mozilla/5.0 (Windows; U; Windows NT 5.0; en-US; rv:1.7.12) Gecko/20050915 Firefox/1.0.7"
66.245.17.8 - - [04/Oct/2005:20:52:01 +0000] "GET /favicon.ico HTTP/1.1" 404 183 "-" "Mozilla/5.0 (Windows; U; Windows NT 5.0; en-US; rv:1.7.12) Gecko/20050915 Firefox/1.0.7"
68.123.232.214 - - [04/Oct/2005:20:54:29 +0000] "GET /blog/images/26.jpg HTTP/1.1" 200 55517 "http://www.jroller.com/page/berlinbrown" "Mozilla/4.0 (compatible; MSIE 6.0; Windows NT 5.1; SV1; .NET CLR 1.1.4322)"
68.123.232.214 - - [04/Oct/2005:20:54:29 +0000] "GET /imgs/save_junit_again01.jpg HTTP/1.1" 200 47509 "http://www.jroller.com/page/berlinbrown" "Mozilla/4.0 (compatible; MSIE 6.0; Windows NT 5.1; SV1; .NET CLR 1.1.4322)"
12.8.173.61 - - [04/Oct/2005:21:00:59 +0000] "GET /imgs/drawrobot.jpg HTTP/1.1" 200 11896 "http://www.jroller.com/page/berlinbrown/20050926" "Mozilla/4.0 (compatible; MSIE 6.0; Windows NT 5.1; SV1)"
12.8.173.61 - - [04/Oct/2005:21:01:00 +0000] "GET /blog/images/26.jpg HTTP/1.1" 200 55517 "http://www.jroller.com/page/berlinbrown/20050926" "Mozilla/4.0 (compatible; MSIE 6.0; Windows NT 5.1; SV1)"
12.8.173.61 - - [04/Oct/2005:21:00:59 +0000] "GET /imgs/numbers_and_web_interface03.jpg HTTP/1.1" 200 149323 "http://www.jroller.com/page/berlinbrown/20050926" "Mozilla/4.0 (compatible; MSIE 6.0; Windows NT 5.1; SV1)"
207.7.108.165 - - [04/Oct/2005:21:01:04 +0000] "GET /blog/?rss=1 HTTP/1.1" 304 - "-" "TextPlanet : The People on TextDrive http://textplanet.net/ Planet/0.2 http://www.planetplanet.org/ UltraLiberalFeedParser/2.7.6 +http://diveintomark.org/projects/feed_parser/"
64.124.85.80 - - [04/Oct/2005:21:02:31 +0000] "GET /robots.txt HTTP/1.1" 412 193 "-" "Mozilla/5.0 (compatible; BecomeBot/2.3; MSIE 6.0 compatible; +http://www.become.com/site_owners.html)"
83.105.60.66 - - [04/Oct/2005:21:03:03 +0000] "GET /imgs/spring_diagram01.jpg HTTP/1.1" 200 36128 "http://jroller.com/page/berlinbrown/20050629" "Mozilla/5.0 (Windows; U; Windows NT 5.1; en-US; rv:1.7.10) Gecko/20050716 Firefox/1.0.6"
83.105.60.66 - - [04/Oct/2005:21:03:03 +0000] "GET /imgs/UMLClusterMain.jpg HTTP/1.1" 200 56563 "http://jroller.com/page/berlinbrown/20050629" "Mozilla/5.0 (Windows; U; Windows NT 5.1; en-US; rv:1.7.10) Gecko/20050716 Firefox/1.0.6"
64.124.85.80 - - [04/Oct/2005:21:05:32 +0000] "GET /robots.txt HTTP/1.1" 412 193 "-" "Mozilla/5.0 (compatible; BecomeBot/2.3; MSIE 6.0 compatible; +http://www.become.com/site_owners.html)"
66.246.218.107 - - [04/Oct/2005:21:06:24 +0000] "GET /retroevolution/gismvc/RawConnectJAVA.htm HTTP/1.1" 200 4236 "http://mc.ashgabad.su" "Mozilla/4.0 (compatible; MSIE 5.01; Windows NT 5.0; MRA 4.1 (build 00975))"
66.246.218.107 - - [04/Oct/2005:21:06:24 +0000] "GET /retroevolution/gismvc/RawConnectJAVA.htm HTTP/1.1" 412 218 "http://hydrocodone.mc.azerbaijan.su/buy-hydrocodone/178.nhtml" "Mozilla/4.0 (compatible; MSIE 5.01; Windows NT 5.0; MRA 4.1 (build 00975))"
64.124.85.80 - - [04/Oct/2005:21:08:36 +0000] "GET /robots.txt HTTP/1.1" 412 193 "-" "Mozilla/5.0 (compatible; BecomeBot/2.3; MSIE 6.0 compatible; +http://www.become.com/site_owners.html)"
217.30.134.188 - - [04/Oct/2005:21:11:47 +0000] "GET /retroevolution/gismvc/ HTTP/1.1" 200 6480 "http://www.google.pl/search?q=ArcXML+java+parser+class+xml+request+response&hl=pl&lr=&start=20&sa=N" "Mozilla/4.0 (compatible; MSIE 6.0; Windows NT 5.0; .NET CLR 1.0.3705; .NET CLR 1.1.4322)"
217.30.134.188 - - [04/Oct/2005:21:11:52 +0000] "GET /retroevolution/gismvc/gismvc.css HTTP/1.1" 200 414 "http://newspiritcompany.com/retroevolution/gismvc/" "Mozilla/4.0 (compatible; MSIE 6.0; Windows NT 5.0; .NET CLR 1.0.3705; .NET CLR 1.1.4322)"
217.30.134.188 - - [04/Oct/2005:21:11:54 +0000] "GET /retroevolution/gismvc/gis_mvc01.jpg HTTP/1.1" 200 40346 "http://newspiritcompany.com/retroevolution/gismvc/" "Mozilla/4.0 (compatible; MSIE 6.0; Windows NT 5.0; .NET CLR 1.0.3705; .NET CLR 1.1.4322)"
217.30.134.188 - - [04/Oct/2005:21:11:57 +0000] "GET /retroevolution/gismvc/GISUML001small.jpg HTTP/1.1" 200 63080 "http://newspiritcompany.com/retroevolution/gismvc/" "Mozilla/4.0 (compatible; MSIE 6.0; Windows NT 5.0; .NET CLR 1.0.3705; .NET CLR 1.1.4322)"
217.30.134.188 - - [04/Oct/2005:21:12:17 +0000] "GET /retroevolution/gismvc/gis_mvc02.jpg HTTP/1.1" 200 45177 "http://newspiritcompany.com/retroevolution/gismvc/" "Mozilla/4.0 (compatible; MSIE 6.0; Windows NT 5.0; .NET CLR 1.0.3705; .NET CLR 1.1.4322)"
217.30.134.188 - - [04/Oct/2005:21:12:51 +0000] "GET /retroevolution/gismvc/gis_mvc03.jpg HTTP/1.1" 200 36768 "http://newspiritcompany.com/retroevolution/gismvc/" "Mozilla/4.0 (compatible; MSIE 6.0; Windows NT 5.0; .NET CLR 1.0.3705; .NET CLR 1.1.4322)"
217.30.134.188 - - [04/Oct/2005:21:12:52 +0000] "GET /retroevolution/gismvc/gis_mvc04.jpg HTTP/1.1" 200 35144 "http://newspiritcompany.com/retroevolution/gismvc/" "Mozilla/4.0 (compatible; MSIE 6.0; Windows NT 5.0; .NET CLR 1.0.3705; .NET CLR 1.1.4322)"
62.64.111.250 - - [04/Oct/2005:21:13:45 +0000] "GET / HTTP/1.0" 200 1790 "http://forum.textdrive.com/viewtopic.php?id=6146" "Mozilla/5.0 (Windows; U; Windows NT 5.1; en-US; rv:1.7.12) Gecko/20050915 Firefox/1.0.7"
62.64.111.250 - - [04/Oct/2005:21:13:46 +0000] "GET /imgs/Logo01.jpg HTTP/1.0" 200 21095 "http://www.newspiritcompany.com/" "Mozilla/5.0 (Windows; U; Windows NT 5.1; en-US; rv:1.7.12) Gecko/20050915 Firefox/1.0.7"
62.64.111.250 - - [04/Oct/2005:21:13:46 +0000] "GET /imgs/WithBoxes01.jpg HTTP/1.0" 200 18307 "http://www.newspiritcompany.com/" "Mozilla/5.0 (Windows; U; Windows NT 5.1; en-US; rv:1.7.12) Gecko/20050915 Firefox/1.0.7"
62.64.111.250 - - [04/Oct/2005:21:13:47 +0000] "GET /favicon.ico HTTP/1.0" 404 183 "-" "Mozilla/5.0 (Windows; U; Windows NT 5.1; en-US; rv:1.7.12) Gecko/20050915 Firefox/1.0.7"
62.64.111.250 - - [04/Oct/2005:21:14:02 +0000] "GET /main.htm HTTP/1.0" 200 6717 "http://www.newspiritcompany.com/" "Mozilla/5.0 (Windows; U; Windows NT 5.1; en-US; rv:1.7.12) Gecko/20050915 Firefox/1.0.7"
62.64.111.250 - - [04/Oct/2005:21:14:03 +0000] "GET /imgs/SpiritCompanyLarge01.jpg HTTP/1.0" 200 20426 "http://www.newspiritcompany.com/main.htm" "Mozilla/5.0 (Windows; U; Windows NT 5.1; en-US; rv:1.7.12) Gecko/20050915 Firefox/1.0.7"
62.64.111.250 - - [04/Oct/2005:21:14:03 +0000] "GET /imgs/glacier.jpg HTTP/1.0" 200 20471 "http://www.newspiritcompany.com/main.htm" "Mozilla/5.0 (Windows; U; Windows NT 5.1; en-US; rv:1.7.12) Gecko/20050915 Firefox/1.0.7"
62.64.111.250 - - [04/Oct/2005:21:14:03 +0000] "GET /imgs/marker_blue01.gif HTTP/1.0" 200 240 "http://www.newspiritcompany.com/main.htm" "Mozilla/5.0 (Windows; U; Windows NT 5.1; en-US; rv:1.7.12) Gecko/20050915 Firefox/1.0.7"
62.64.111.250 - - [04/Oct/2005:21:14:04 +0000] "GET /imgs/carrain01.jpg HTTP/1.0" 200 18537 "http://www.newspiritcompany.com/main.htm" "Mozilla/5.0 (Windows; U; Windows NT 5.1; en-US; rv:1.7.12) Gecko/20050915 Firefox/1.0.7"
62.64.111.250 - - [04/Oct/2005:21:14:04 +0000] "GET /imgs/glants_small01.jpg HTTP/1.0" 200 23401 "http://www.newspiritcompany.com/main.htm" "Mozilla/5.0 (Windows; U; Windows NT 5.1; en-US; rv:1.7.12) Gecko/20050915 Firefox/1.0.7"
62.64.111.250 - - [04/Oct/2005:21:14:05 +0000] "GET /imgs/views_page01.jpg HTTP/1.0" 200 22367 "http://www.newspiritcompany.com/main.htm" "Mozilla/5.0 (Windows; U; Windows NT 5.1; en-US; rv:1.7.12) Gecko/20050915 Firefox/1.0.7"
62.64.111.250 - - [04/Oct/2005:21:14:05 +0000] "GET /imgs/front_grass01.jpg HTTP/1.0" 200 24360 "http://www.newspiritcompany.com/main.htm" "Mozilla/5.0 (Windows; U; Windows NT 5.1; en-US; rv:1.7.12) Gecko/20050915 Firefox/1.0.7"
62.64.111.250 - - [04/Oct/2005:21:14:05 +0000] "GET /imgs/little_box.gif HTTP/1.0" 200 73 "http://www.newspiritcompany.com/main.htm" "Mozilla/5.0 (Windows; U; Windows NT 5.1; en-US; rv:1.7.12) Gecko/20050915 Firefox/1.0.7"
62.64.111.250 - - [04/Oct/2005:21:14:06 +0000] "GET /imgs/gomark01.gif HTTP/1.0" 200 65 "http://www.newspiritcompany.com/main.htm" "Mozilla/5.0 (Windows; U; Windows NT 5.1; en-US; rv:1.7.12) Gecko/20050915 Firefox/1.0.7"
62.64.111.250 - - [04/Oct/2005:21:14:06 +0000] "GET /imgs/japan_walls03.jpg HTTP/1.0" 200 20983 "http://www.newspiritcompany.com/main.htm" "Mozilla/5.0 (Windows; U; Windows NT 5.1; en-US; rv:1.7.12) Gecko/20050915 Firefox/1.0.7"
217.30.134.188 - - [04/Oct/2005:21:15:23 +0000] "GET /favicon.ico HTTP/1.1" 404 183 "-" "Mozilla/4.0 (compatible; MSIE 6.0; Windows NT 5.0; .NET CLR 1.0.3705; .NET CLR 1.1.4322)"
130.76.96.19 - - [04/Oct/2005:21:15:57 +0000] "GET /gamedev2.html HTTP/1.1" 200 4877 "http://www.google.com/search?q=%22Camera+Class%22+OpenGL+3D+C%2B%2B+source&hl=en&lr=&start=60&sa=N" "Mozilla/4.0 (compatible; MSIE 6.0; Windows NT 5.1; SV1; Boeing Kit; .NET CLR 1.1.4322)"
130.76.96.19 - - [04/Oct/2005:21:15:57 +0000] "GET /projorangetempl.css HTTP/1.1" 200 2696 "http://www.newspiritcompany.com/gamedev2.html" "Mozilla/4.0 (compatible; MSIE 6.0; Windows NT 5.1; SV1; Boeing Kit; .NET CLR 1.1.4322)"
130.76.96.19 - - [04/Oct/2005:21:15:57 +0000] "GET /imgs/Init_And_Shutdown.jpg HTTP/1.1" 200 68464 "http://www.newspiritcompany.com/gamedev2.html" "Mozilla/4.0 (compatible; MSIE 6.0; Windows NT 5.1; SV1; Boeing Kit; .NET CLR 1.1.4322)"
130.76.96.19 - - [04/Oct/2005:21:15:57 +0000] "GET /imgs/glants_model01.jpg HTTP/1.1" 200 54657 "http://www.newspiritcompany.com/gamedev2.html" "Mozilla/4.0 (compatible; MSIE 6.0; Windows NT 5.1; SV1; Boeing Kit; .NET CLR 1.1.4322)"
130.76.96.19 - - [04/Oct/2005:21:15:57 +0000] "GET /imgs/gl_lighting05.jpg HTTP/1.1" 200 62189 "http://www.newspiritcompany.com/gamedev2.html" "Mozilla/4.0 (compatible; MSIE 6.0; Windows NT 5.1; SV1; Boeing Kit; .NET CLR 1.1.4322)"
217.30.134.188 - - [04/Oct/2005:21:18:15 +0000] "GET /retroevolution/gismvc/DOMProcIMSJAVA.htm HTTP/1.1" 200 1568 "http://newspiritcompany.com/retroevolution/gismvc/" "Mozilla/4.0 (compatible; MSIE 6.0; Windows NT 5.0; .NET CLR 1.0.3705; .NET CLR 1.1.4322)"
158.111.4.25 - - [04/Oct/2005:21:19:05 +0000] "GET / HTTP/1.1" 200 1790 "-" "Mozilla/5.0 (Windows; U; Windows NT 5.0; en-US; rv:1.7.10) Gecko/20050716 Firefox/1.0.6"
158.111.4.25 - - [04/Oct/2005:21:19:05 +0000] "GET /favicon.ico HTTP/1.1" 404 183 "-" "Mozilla/5.0 (Windows; U; Windows NT 5.0; en-US; rv:1.7.10) Gecko/20050716 Firefox/1.0.6"
158.111.4.25 - - [04/Oct/2005:21:19:06 +0000] "GET /favicon.ico HTTP/1.1" 404 183 "-" "Mozilla/5.0 (Windows; U; Windows NT 5.0; en-US; rv:1.7.10) Gecko/20050716 Firefox/1.0.6"
158.111.4.25 - - [04/Oct/2005:21:19:17 +0000] "GET /imgs/save_junit_again01.jpg HTTP/1.1" 200 47509 "http://www.jroller.com/page/berlinbrown" "Mozilla/5.0 (Windows; U; Windows NT 5.0; en-US; rv:1.7.10) Gecko/20050716 Firefox/1.0.6"
80.248.110.234 - - [04/Oct/2005:21:20:42 +0000] "GET /gamedev.html HTTP/1.1" 200 1459 "http://images.google.fi/imgres?imgurl=http://www.newspiritcompany.com/imgs/game_modules01.jpg&imgrefurl=http://www.newspiritcompany.com/gamedev.html&h=360&w=500&sz=54&tbnid=E4L47_8qatAJ:&tbnh=91&tbnw=127&hl=fi&start=203&prev=/images%3Fq%3Dlinux%2Bopengl%26start%3D200%26svnum%3D10%26hl%3Dfi%26lr%3D%26client%3Dfirefox-a%26rls%3Dorg.mozilla:en-US:official%26sa%3DN" "Mozilla/5.0 (Windows; U; Windows NT 5.1; en-US; rv:1.8b4) Gecko/20050908 Firefox/1.4"
80.248.110.234 - - [04/Oct/2005:21:20:42 +0000] "GET /projorangetempl.css HTTP/1.1" 200 831 "http://www.newspiritcompany.com/gamedev.html" "Mozilla/5.0 (Windows; U; Windows NT 5.1; en-US; rv:1.8b4) Gecko/20050908 Firefox/1.4"
80.248.110.234 - - [04/Oct/2005:21:20:42 +0000] "GET /imgs/game_development01.jpg HTTP/1.1" 200 64891 "http://www.newspiritcompany.com/gamedev.html" "Mozilla/5.0 (Windows; U; Windows NT 5.1; en-US; rv:1.8b4) Gecko/20050908 Firefox/1.4"
80.248.110.234 - - [04/Oct/2005:21:20:42 +0000] "GET /imgs/game_modules01.jpg HTTP/1.1" 200 55051 "http://images.google.fi/imgres?imgurl=http://www.newspiritcompany.com/imgs/game_modules01.jpg&imgrefurl=http://www.newspiritcompany.com/gamedev.html&h=360&w=500&sz=54&tbnid=E4L47_8qatAJ:&tbnh=91&tbnw=127&hl=fi&prev=/images%3Fq%3Dlinux%2Bopengl%26start%3D200%26svnum%3D10%26hl%3Dfi%26lr%3D%26client%3Dfirefox-a%26rls%3Dorg.mozilla:en-US:official%26sa%3DN&frame=small" "Mozilla/5.0 (Windows; U; Windows NT 5.1; en-US; rv:1.8b4) Gecko/20050908 Firefox/1.4"
80.248.110.234 - - [04/Oct/2005:21:20:45 +0000] "GET /imgs/game_modules01.jpg HTTP/1.1" 206 2655 "http://www.newspiritcompany.com/gamedev.html" "Mozilla/5.0 (Windows; U; Windows NT 5.1; en-US; rv:1.8b4) Gecko/20050908 Firefox/1.4"
80.248.110.234 - - [04/Oct/2005:21:20:45 +0000] "GET /imgs/game_development01.jpg HTTP/1.1" 200 64891 "http://www.newspiritcompany.com/gamedev.html" "Mozilla/5.0 (Windows; U; Windows NT 5.1; en-US; rv:1.8b4) Gecko/20050908 Firefox/1.4"
80.248.110.234 - - [04/Oct/2005:21:20:45 +0000] "GET /imgs/gl_entry_screen03.jpg HTTP/1.1" 200 70232 "http://www.newspiritcompany.com/gamedev.html" "Mozilla/5.0 (Windows; U; Windows NT 5.1; en-US; rv:1.8b4) Gecko/20050908 Firefox/1.4"
217.30.134.188 - - [04/Oct/2005:21:26:50 +0000] "GET /retroevolution/gismvc/NewPortalJAVA.htm HTTP/1.1" 200 922 "http://newspiritcompany.com/retroevolution/gismvc/" "Mozilla/4.0 (compatible; MSIE 6.0; Windows NT 5.0; .NET CLR 1.0.3705; .NET CLR 1.1.4322)"
71.112.207.245 - - [04/Oct/2005:21:27:12 +0000] "GET / HTTP/1.1" 200 1790 "http://www.aeyj.com/apartment-austin-guide-texas.html" "http://www.aeqk.com/jewelry-store-titanium.html"
217.30.134.188 - - [04/Oct/2005:21:28:00 +0000] "GET /retroevolution/gismvc/ HTTP/1.1" 304 - "http://www.google.pl/search?q=ArcXML+java+parser+class+xml+request+response&hl=pl&lr=&start=20&sa=N" "Mozilla/4.0 (compatible; MSIE 6.0; Windows NT 5.0; .NET CLR 1.0.3705; .NET CLR 1.1.4322)"
217.30.134.188 - - [04/Oct/2005:21:28:04 +0000] "GET /retroevolution/gismvc/gis_mvc01.jpg HTTP/1.1" 304 - "http://newspiritcompany.com/retroevolution/gismvc/" "Mozilla/4.0 (compatible; MSIE 6.0; Windows NT 5.0; .NET CLR 1.0.3705; .NET CLR 1.1.4322)"
217.30.134.188 - - [04/Oct/2005:21:28:04 +0000] "GET /retroevolution/gismvc/gismvc.css HTTP/1.1" 304 - "http://newspiritcompany.com/retroevolution/gismvc/" "Mozilla/4.0 (compatible; MSIE 6.0; Windows NT 5.0; .NET CLR 1.0.3705; .NET CLR 1.1.4322)"
217.30.134.188 - - [04/Oct/2005:21:28:04 +0000] "GET /retroevolution/gismvc/gis_mvc02.jpg HTTP/1.1" 304 - "http://newspiritcompany.com/retroevolution/gismvc/" "Mozilla/4.0 (compatible; MSIE 6.0; Windows NT 5.0; .NET CLR 1.0.3705; .NET CLR 1.1.4322)"
217.30.134.188 - - [04/Oct/2005:21:28:04 +0000] "GET /retroevolution/gismvc/GISUML001small.jpg HTTP/1.1" 304 - "http://newspiritcompany.com/retroevolution/gismvc/" "Mozilla/4.0 (compatible; MSIE 6.0; Windows NT 5.0; .NET CLR 1.0.3705; .NET CLR 1.1.4322)"
217.30.134.188 - - [04/Oct/2005:21:28:07 +0000] "GET /retroevolution/gismvc/gis_mvc03.jpg HTTP/1.1" 304 - "http://newspiritcompany.com/retroevolution/gismvc/" "Mozilla/4.0 (compatible; MSIE 6.0; Windows NT 5.0; .NET CLR 1.0.3705; .NET CLR 1.1.4322)"
217.30.134.188 - - [04/Oct/2005:21:28:07 +0000] "GET /retroevolution/gismvc/gis_mvc04.jpg HTTP/1.1" 304 - "http://newspiritcompany.com/retroevolution/gismvc/" "Mozilla/4.0 (compatible; MSIE 6.0; Windows NT 5.0; .NET CLR 1.0.3705; .NET CLR 1.1.4322)"
217.30.134.188 - - [04/Oct/2005:21:28:09 +0000] "GET /retroevolution/gismvc/NewPortalSystemJAVA.htm HTTP/1.1" 200 7514 "http://newspiritcompany.com/retroevolution/gismvc/" "Mozilla/4.0 (compatible; MSIE 6.0; Windows NT 5.0; .NET CLR 1.0.3705; .NET CLR 1.1.4322)"
158.111.4.25 - - [04/Oct/2005:21:29:37 +0000] "GET / HTTP/1.1" 200 1790 "-" "Mozilla/5.0 (Windows; U; Windows NT 5.0; en-US; rv:1.7.10) Gecko/20050716 Firefox/1.0.6"
158.111.4.25 - - [04/Oct/2005:21:29:38 +0000] "GET /favicon.ico HTTP/1.1" 404 183 "-" "Mozilla/5.0 (Windows; U; Windows NT 5.0; en-US; rv:1.7.10) Gecko/20050716 Firefox/1.0.6"
158.111.4.25 - - [04/Oct/2005:21:29:38 +0000] "GET /favicon.ico HTTP/1.1" 404 183 "-" "Mozilla/5.0 (Windows; U; Windows NT 5.0; en-US; rv:1.7.10) Gecko/20050716 Firefox/1.0.6"
217.30.134.188 - - [04/Oct/2005:21:30:17 +0000] "GET /retroevolution/gismvc/gis_mvc03.jpg HTTP/1.1" 304 - "http://newspiritcompany.com/retroevolution/gismvc/" "Mozilla/4.0 (compatible; MSIE 6.0; Windows NT 5.0; .NET CLR 1.0.3705; .NET CLR 1.1.4322)"
217.30.134.188 - - [04/Oct/2005:21:30:17 +0000] "GET /retroevolution/gismvc/gis_mvc04.jpg HTTP/1.1" 304 - "http://newspiritcompany.com/retroevolution/gismvc/" "Mozilla/4.0 (compatible; MSIE 6.0; Windows NT 5.0; .NET CLR 1.0.3705; .NET CLR 1.1.4322)"
217.30.134.188 - - [04/Oct/2005:21:30:27 +0000] "GET /retroevolution/gismvc/ModelJAVA.htm HTTP/1.1" 200 1332 "http://newspiritcompany.com/retroevolution/gismvc/" "Mozilla/4.0 (compatible; MSIE 6.0; Windows NT 5.0; .NET CLR 1.0.3705; .NET CLR 1.1.4322)"
66.194.6.68 - - [04/Oct/2005:21:31:40 +0000] "GET / HTTP/1.1" 200 4013 "-" "Mozilla/4.0 (compatible; MSIE 6.0; Windows NT 5.1; Q312466)"
24.103.215.52 - - [04/Oct/2005:21:36:06 +0000] "GET /imgs/codegen_usecase_sm.jpg HTTP/1.1" 200 35646 "http://www.jroller.com/page/berlinbrown/20050824" "Mozilla/4.0 (compatible; MSIE 6.0; Windows NT 5.1; SV1)"
24.103.215.52 - - [04/Oct/2005:21:36:07 +0000] "GET /imgs/usecase_lisp.jpg HTTP/1.1" 200 28966 "http://www.jroller.com/page/berlinbrown/20050824" "Mozilla/4.0 (compatible; MSIE 6.0; Windows NT 5.1; SV1)"
24.103.215.52 - - [04/Oct/2005:21:36:06 +0000] "GET /imgs/opensource_development_stack01_sm.jpg HTTP/1.1" 200 50328 "http://www.jroller.com/page/berlinbrown/20050824" "Mozilla/4.0 (compatible; MSIE 6.0; Windows NT 5.1; SV1)"
24.103.215.52 - - [04/Oct/2005:21:36:12 +0000] "GET /imgs/phoenix_flow03_small.jpg HTTP/1.1" 200 21846 "http://www.jroller.com/page/berlinbrown/20050824" "Mozilla/4.0 (compatible; MSIE 6.0; Windows NT 5.1; SV1)"
24.103.215.52 - - [04/Oct/2005:21:36:14 +0000] "GET /imgs/simple_lisp_code.jpg HTTP/1.1" 200 102833 "http://www.jroller.com/page/berlinbrown/20050824" "Mozilla/4.0 (compatible; MSIE 6.0; Windows NT 5.1; SV1)"
24.103.215.52 - - [04/Oct/2005:21:36:20 +0000] "GET /imgs/codegen_view02.jpg HTTP/1.1" 200 22728 "http://www.jroller.com/page/berlinbrown/20050824" "Mozilla/4.0 (compatible; MSIE 6.0; Windows NT 5.1; SV1)"
24.103.215.52 - - [04/Oct/2005:21:36:22 +0000] "GET /src/tech_hiring.jpg HTTP/1.1" 200 28057 "http://www.jroller.com/page/berlinbrown/20050824" "Mozilla/4.0 (compatible; MSIE 6.0; Windows NT 5.1; SV1)"
24.103.215.52 - - [04/Oct/2005:21:36:21 +0000] "GET /imgs/final_product09.jpg HTTP/1.1" 200 47002 "http://www.jroller.com/page/berlinbrown/20050824" "Mozilla/4.0 (compatible; MSIE 6.0; Windows NT 5.1; SV1)"
24.103.215.52 - - [04/Oct/2005:21:36:26 +0000] "GET /src/microsoft_hireme.jpg HTTP/1.1" 200 9733 "http://www.jroller.com/page/berlinbrown/20050824" "Mozilla/4.0 (compatible; MSIE 6.0; Windows NT 5.1; SV1)"
24.103.215.52 - - [04/Oct/2005:21:36:26 +0000] "GET /src/staffing_picture01.jpg HTTP/1.1" 200 78999 "http://www.jroller.com/page/berlinbrown/20050824" "Mozilla/4.0 (compatible; MSIE 6.0; Windows NT 5.1; SV1)"
66.196.101.89 - - [04/Oct/2005:21:37:54 +0000] "GET /robots.txt HTTP/1.0" 404 182 "-" "Mozilla/5.0 (compatible; Yahoo! Slurp; http://help.yahoo.com/help/us/ysearch/slurp)"
66.196.101.92 - - [04/Oct/2005:21:37:54 +0000] "GET / HTTP/1.0" 200 1790 "-" "Mozilla/5.0 (compatible; Yahoo! Slurp; http://help.yahoo.com/help/us/ysearch/slurp)"
69.171.149.17 - - [04/Oct/2005:21:38:26 +0000] "GET /imgs/spring_diagram01.jpg HTTP/1.1" 200 36128 "http://jroller.com/page/berlinbrown/20050702" "Mozilla/5.0 (Windows; U; Windows NT 5.1; en-US; rv:1.7.12) Gecko/20050915 Firefox/1.0.7"
69.171.149.17 - - [04/Oct/2005:21:38:26 +0000] "GET /imgs/UMLClusterMain.jpg HTTP/1.1" 200 56563 "http://jroller.com/page/berlinbrown/20050702" "Mozilla/5.0 (Windows; U; Windows NT 5.1; en-US; rv:1.7.12) Gecko/20050915 Firefox/1.0.7"
207.46.98.42 - - [04/Oct/2005:21:38:30 +0000] "GET /spiritforum/viewtopic.php?pid=110 HTTP/1.0" 200 4559 "-" "msnbot/1.0 (+http://search.msn.com/msnbot.htm)"
66.246.218.107 - - [04/Oct/2005:21:39:07 +0000] "GET /retroevolution/ArcIMSConnectJavaHTTP.htm HTTP/1.1" 200 4095 "http://mc.ashgabad.su" "Mozilla/4.0 (compatible; MSIE 5.01; Windows NT 5.0; MRA 4.1 (build 00975))"
66.246.218.107 - - [04/Oct/2005:21:39:08 +0000] "GET /retroevolution/ArcIMSConnectJavaHTTP.htm HTTP/1.1" 412 216 "http://hydrocodone.mc.azerbaijan.su/buy-hydrocodone/317.nhtml" "Mozilla/4.0 (compatible; MSIE 5.01; Windows NT 5.0; MRA 4.1 (build 00975))"
212.87.105.170 - - [04/Oct/2005:21:42:28 +0000] "GET /imgs/save_junit_again01.jpg HTTP/1.1" 200 47509 "http://www.jroller.com/page/berlinbrown" "Mozilla/5.0 (X11; U; Linux i686; en-US; rv:1.7.8) Gecko/20050517 Firefox/1.0.4 (Debian package 1.0.4-2)"
212.87.105.170 - - [04/Oct/2005:21:42:30 +0000] "GET /blog/images/26.jpg HTTP/1.1" 200 55517 "http://www.jroller.com/page/berlinbrown" "Mozilla/5.0 (X11; U; Linux i686; en-US; rv:1.7.8) Gecko/20050517 Firefox/1.0.4 (Debian package 1.0.4-2)"
38.119.96.102 - - [04/Oct/2005:21:43:57 +0000] "GET /lispstart.html HTTP/1.0" 200 4954 "-" "updated/0.2-dev (updated; http://www.updated.com; crawler@updated.com)"
207.46.98.42 - - [04/Oct/2005:21:55:28 +0000] "GET /spiritforum/viewtopic.php?pid=108 HTTP/1.0" 200 4617 "-" "msnbot/1.0 (+http://search.msn.com/msnbot.htm)"
66.246.218.107 - - [04/Oct/2005:22:00:42 +0000] "GET /retroevolution/gismvc/RawConnectJAVA.htm HTTP/1.1" 200 4236 "http://mc.ashgabad.su" "Mozilla/4.0 (compatible; MSIE 5.01; Windows NT 5.0; MRA 4.1 (build 00975))"
66.246.218.107 - - [04/Oct/2005:22:00:42 +0000] "GET /retroevolution/gismvc/RawConnectJAVA.htm HTTP/1.1" 412 218 "http://hydrocodone.mc.azerbaijan.su/buy-hydrocodone/605.nhtml" "Mozilla/4.0 (compatible; MSIE 5.01; Windows NT 5.0; MRA 4.1 (build 00975))"
207.7.108.165 - - [04/Oct/2005:22:00:57 +0000] "GET /blog/?rss=1 HTTP/1.1" 304 - "-" "TextPlanet : The People on TextDrive http://textplanet.net/ Planet/0.2 http://www.planetplanet.org/ UltraLiberalFeedParser/2.7.6 +http://diveintomark.org/projects/feed_parser/"
216.27.172.66 - - [04/Oct/2005:22:01:31 +0000] "GET / HTTP/1.1" 200 1789 "http://discuss.joelonsoftware.com/default.asp?biz.5.222028.8" "Mozilla/5.0 (Windows; U; Windows NT 5.0; en-US; rv:1.7.10) Gecko/20050716 Firefox/1.0.6"
216.27.172.66 - - [04/Oct/2005:22:01:32 +0000] "GET /favicon.ico HTTP/1.1" 404 183 "-" "Mozilla/5.0 (Windows; U; Windows NT 5.0; en-US; rv:1.7.10) Gecko/20050716 Firefox/1.0.6"
216.27.172.66 - - [04/Oct/2005:22:01:32 +0000] "GET /favicon.ico HTTP/1.1" 404 183 "-" "Mozilla/5.0 (Windows; U; Windows NT 5.0; en-US; rv:1.7.10) Gecko/20050716 Firefox/1.0.6"
202.160.180.120 - - [04/Oct/2005:22:02:54 +0000] "GET /robots.txt HTTP/1.0" 404 182 "-" "Mozilla/5.0 (compatible; Yahoo! Slurp; http://help.yahoo.com/help/us/ysearch/slurp)"
202.160.180.194 - - [04/Oct/2005:22:02:54 +0000] "GET /gamedev.html HTTP/1.0" 200 1459 "-" "Mozilla/5.0 (compatible; Yahoo! Slurp; http://help.yahoo.com/help/us/ysearch/slurp)"
81.182.70.14 - - [04/Oct/2005:22:02:56 +0000] "GET /retroevolution/hibernate.htm HTTP/1.1" 200 5591 "http://images.google.co.hu/imgres?imgurl=http://newspiritcompany.com/retroevolution/imgs/snapshot_eclipse07.jpg&imgrefurl=http://newspiritcompany.com/retroevolution/hibernate.htm&h=450&w=600&sz=90&tbnid=5qcscpfMq1oJ:&tbnh=99&tbnw=133&hl=hu&start=13&prev=/images%3Fq%3Declipse%2Bsnapshot%26svnum%3D10%26hl%3Dhu%26lr%3D%26sa%3DG" "Mozilla/5.0 (Windows; U; Windows NT 5.1; hu; rv:1.7.6) Gecko/20050319"
81.182.70.14 - - [04/Oct/2005:22:02:56 +0000] "GET /retroevolution/stylesheets/home.css HTTP/1.1" 200 642 "http://newspiritcompany.com/retroevolution/hibernate.htm" "Mozilla/5.0 (Windows; U; Windows NT 5.1; hu; rv:1.7.6) Gecko/20050319"
81.182.70.14 - - [04/Oct/2005:22:02:57 +0000] "GET /retroevolution/imgs/new_logo06.jpg HTTP/1.1" 200 14387 "http://newspiritcompany.com/retroevolution/hibernate.htm" "Mozilla/5.0 (Windows; U; Windows NT 5.1; hu; rv:1.7.6) Gecko/20050319"
81.182.70.14 - - [04/Oct/2005:22:02:57 +0000] "GET /retroevolution/imgs/hibernate_pic03.jpg HTTP/1.1" 200 68085 "http://newspiritcompany.com/retroevolution/hibernate.htm" "Mozilla/5.0 (Windows; U; Windows NT 5.1; hu; rv:1.7.6) Gecko/20050319"
81.182.70.14 - - [04/Oct/2005:22:02:57 +0000] "GET /retroevolution/imgs/snapshot_lib03.jpg HTTP/1.1" 200 79314 "http://newspiritcompany.com/retroevolution/hibernate.htm" "Mozilla/5.0 (Windows; U; Windows NT 5.1; hu; rv:1.7.6) Gecko/20050319"
81.182.70.14 - - [04/Oct/2005:22:02:58 +0000] "GET /retroevolution/imgs/snapshot_deploy03.jpg HTTP/1.1" 200 76077 "http://newspiritcompany.com/retroevolution/hibernate.htm" "Mozilla/5.0 (Windows; U; Windows NT 5.1; hu; rv:1.7.6) Gecko/20050319"
81.182.70.14 - - [04/Oct/2005:22:02:59 +0000] "GET /retroevolution/imgs/snapshot_jmxconsole01.jpg HTTP/1.1" 200 90528 "http://newspiritcompany.com/retroevolution/hibernate.htm" "Mozilla/5.0 (Windows; U; Windows NT 5.1; hu; rv:1.7.6) Gecko/20050319"
