202.224.74.205 - - [04/Oct/2005:10:23:17 +0000] "GET /retroevolution/vb/src/src/src/src/src/src/src/src/src/src/src/src/src/src/src/src/src/src/src/src/src/src/src/src/src/src/imgs/t_Misc1.jpg HTTP/1.1" 200 12579 "http://newspiritcompany.com/retroevolution/vb/src/src/src/src/src/src/src/src/src/src/src/src/src/src/src/src/src/src/src/src/src/src/src/src/src/src/spillsToMovieScript.txt" "Mozilla/4.0 (compatible; MSIE 6.0; Windows NT 5.1; SV1)"
202.224.74.205 - - [04/Oct/2005:10:23:17 +0000] "GET /retroevolution/vb/src/src/src/src/src/src/src/src/src/src/src/src/src/src/src/src/src/src/src/src/src/src/src/src/src/src/imgs/t_GIS1.jpg HTTP/1.1" 200 12579 "http://newspiritcompany.com/retroevolution/vb/src/src/src/src/src/src/src/src/src/src/src/src/src/src/src/src/src/src/src/src/src/src/src/src/src/src/spillsToMovieScript.txt" "Mozilla/4.0 (compatible; MSIE 6.0; Windows NT 5.1; SV1)"
68.142.249.75 - - [04/Oct/2005:10:28:21 +0000] "GET /robots.txt HTTP/1.0" 404 182 "-" "Mozilla/5.0 (compatible; Yahoo! Slurp; http://help.yahoo.com/help/us/ysearch/slurp)"
68.142.250.174 - - [04/Oct/2005:10:28:21 +0000] "GET /retroevolution/vb/src/generalai.htm HTTP/1.0" 200 3094 "-" "Mozilla/5.0 (compatible; Yahoo! Slurp; http://help.yahoo.com/help/us/ysearch/slurp)"
207.46.98.42 - - [04/Oct/2005:10:32:17 +0000] "GET /spiritforum/userlist.php HTTP/1.0" 200 4468 "-" "msnbot/1.0 (+http://search.msn.com/msnbot.htm)"
207.46.98.42 - - [04/Oct/2005:10:32:20 +0000] "GET /retroevolution/vb/src/src/src/src/src/src/src/src/src/src/oracle.txt HTTP/1.0" 200 12579 "-" "msnbot/1.0 (+http://search.msn.com/msnbot.htm)"
207.46.98.42 - - [04/Oct/2005:10:32:23 +0000] "GET /retroevolution/vb/src/src/src/src/src/src/src/src/src/src/simpProject.txt HTTP/1.0" 200 12579 "-" "msnbot/1.0 (+http://search.msn.com/msnbot.htm)"
207.46.98.42 - - [04/Oct/2005:10:33:50 +0000] "GET /retroevolution/vb/src/src/src/src/src/src/src/src/src/src/rawdata.txt HTTP/1.0" 200 12579 "-" "msnbot/1.0 (+http://search.msn.com/msnbot.htm)"
207.46.98.42 - - [04/Oct/2005:10:34:08 +0000] "GET /retroevolution/vb/src/src/src/src/src/src/src/src/src/src/MapToSVG3.txt HTTP/1.0" 200 12579 "-" "msnbot/1.0 (+http://search.msn.com/msnbot.htm)"
207.46.98.42 - - [04/Oct/2005:10:34:14 +0000] "GET /retroevolution/vb/src/src/src/src/src/src/src/src/src/src/spillsToMovieScript.txt HTTP/1.0" 200 12579 "-" "msnbot/1.0 (+http://search.msn.com/msnbot.htm)"
207.46.98.42 - - [04/Oct/2005:10:34:21 +0000] "GET /retroevolution/vb/src/src/src/src/src/src/src/src/src/rawdata.txt HTTP/1.0" 200 12579 "-" "msnbot/1.0 (+http://search.msn.com/msnbot.htm)"
207.46.98.42 - - [04/Oct/2005:10:34:24 +0000] "GET /retroevolution/vb/src/src/src/src/src/src/src/src/src/oracle.txt HTTP/1.0" 200 12579 "-" "msnbot/1.0 (+http://search.msn.com/msnbot.htm)"
207.46.98.42 - - [04/Oct/2005:10:34:29 +0000] "GET /retroevolution/vb/src/src/src/src/src/src/src/src/src/spillsToMovieScript.txt HTTP/1.0" 200 12579 "-" "msnbot/1.0 (+http://search.msn.com/msnbot.htm)"
207.46.98.42 - - [04/Oct/2005:10:34:34 +0000] "GET /retroevolution/vb/src/src/src/src/src/src/src/src/src/simpProject.txt HTTP/1.0" 200 12579 "-" "msnbot/1.0 (+http://search.msn.com/msnbot.htm)"
207.46.98.42 - - [04/Oct/2005:10:34:37 +0000] "GET /retroevolution/vb/src/src/src/src/src/src/src/src/src/MapToSVG3.txt HTTP/1.0" 200 12579 "-" "msnbot/1.0 (+http://search.msn.com/msnbot.htm)"
207.46.98.42 - - [04/Oct/2005:10:34:46 +0000] "GET /retroevolution/vb/src/src/src/src/src/src/src/src/src/generalai.htm HTTP/1.0" 200 12579 "-" "msnbot/1.0 (+http://search.msn.com/msnbot.htm)"
207.46.98.42 - - [04/Oct/2005:10:34:48 +0000] "GET /retroevolution/vb/src/src/src/src/src/src/src/src/src/megatherium.htm HTTP/1.0" 200 12579 "-" "msnbot/1.0 (+http://search.msn.com/msnbot.htm)"
207.46.98.42 - - [04/Oct/2005:10:34:48 +0000] "GET /retroevolution/vb/src/src/src/src/src/src/src/src/src/misc.htm HTTP/1.0" 200 12579 "-" "msnbot/1.0 (+http://search.msn.com/msnbot.htm)"
207.46.98.42 - - [04/Oct/2005:10:34:48 +0000] "GET /retroevolution/vb/src/src/src/src/src/src/src/src/src/sitemap.htm HTTP/1.0" 200 12579 "-" "msnbot/1.0 (+http://search.msn.com/msnbot.htm)"
207.46.98.42 - - [04/Oct/2005:10:34:48 +0000] "GET /retroevolution/vb/src/src/src/src/src/src/src/src/src/resources.htm HTTP/1.0" 200 12579 "-" "msnbot/1.0 (+http://search.msn.com/msnbot.htm)"
207.46.98.42 - - [04/Oct/2005:10:34:48 +0000] "GET /retroevolution/vb/src/src/src/src/src/src/src/src/src/about.htm HTTP/1.0" 200 12579 "-" "msnbot/1.0 (+http://search.msn.com/msnbot.htm)"
207.46.98.42 - - [04/Oct/2005:10:34:48 +0000] "GET /retroevolution/vb/src/src/src/src/src/src/src/src/src/svg.htm HTTP/1.0" 200 12579 "-" "msnbot/1.0 (+http://search.msn.com/msnbot.htm)"
207.46.98.42 - - [04/Oct/2005:10:34:49 +0000] "GET /retroevolution/vb/src/src/src/src/src/src/src/src/src/flash.htm HTTP/1.0" 200 12579 "-" "msnbot/1.0 (+http://search.msn.com/msnbot.htm)"
207.46.98.42 - - [04/Oct/2005:10:34:53 +0000] "GET /retroevolution/vb/src/src/src/src/src/src/src/src/src/biology.htm HTTP/1.0" 200 12579 "-" "msnbot/1.0 (+http://search.msn.com/msnbot.htm)"
207.46.98.42 - - [04/Oct/2005:10:35:00 +0000] "GET /retroevolution/vb/src/src/src/src/src/src/src/src/src/sitestats.htm HTTP/1.0" 200 12579 "-" "msnbot/1.0 (+http://search.msn.com/msnbot.htm)"
207.46.98.42 - - [04/Oct/2005:10:36:28 +0000] "GET /retroevolution/vb/src/src/src/src/src/src/src/src/src/gomain.htm HTTP/1.0" 200 12579 "-" "msnbot/1.0 (+http://search.msn.com/msnbot.htm)"
207.46.98.42 - - [04/Oct/2005:10:36:46 +0000] "GET /retroevolution/vb/src/src/src/src/src/src/src/src/src/gis.htm HTTP/1.0" 200 12579 "-" "msnbot/1.0 (+http://search.msn.com/msnbot.htm)"
207.46.98.42 - - [04/Oct/2005:10:36:53 +0000] "GET /retroevolution/vb/src/src/src/src/src/src/src/src/src/miscb.htm HTTP/1.0" 200 12579 "-" "msnbot/1.0 (+http://search.msn.com/msnbot.htm)"
207.46.98.42 - - [04/Oct/2005:10:36:57 +0000] "GET /retroevolution/vb/src/src/src/src/src/src/src/src/gis.htm HTTP/1.0" 200 12579 "-" "msnbot/1.0 (+http://search.msn.com/msnbot.htm)"
207.46.98.42 - - [04/Oct/2005:10:37:01 +0000] "GET /retroevolution/vb/src/src/src/src/src/src/src/src/flash.htm HTTP/1.0" 200 12579 "-" "msnbot/1.0 (+http://search.msn.com/msnbot.htm)"
207.46.98.42 - - [04/Oct/2005:10:37:11 +0000] "GET /robots.txt HTTP/1.0" 404 208 "-" "msnbot/1.0 (+http://search.msn.com/msnbot.htm)"
207.46.98.42 - - [04/Oct/2005:10:37:11 +0000] "GET /retroevolution/vb/src/src/src/src/src/src/src/src/misc.htm HTTP/1.0" 200 12579 "-" "msnbot/1.0 (+http://search.msn.com/msnbot.htm)"
207.46.98.42 - - [04/Oct/2005:10:37:18 +0000] "GET /retroevolution/vb/src/src/src/src/src/src/src/src/resources.htm HTTP/1.0" 200 12579 "-" "msnbot/1.0 (+http://search.msn.com/msnbot.htm)"
207.46.98.42 - - [04/Oct/2005:10:37:21 +0000] "GET /retroevolution/vb/src/src/src/src/src/src/src/src/sitestats.htm HTTP/1.0" 200 12579 "-" "msnbot/1.0 (+http://search.msn.com/msnbot.htm)"
207.46.98.42 - - [04/Oct/2005:10:37:28 +0000] "GET /retroevolution/vb/src/src/src/src/src/src/src/src/megatherium.htm HTTP/1.0" 200 12579 "-" "msnbot/1.0 (+http://search.msn.com/msnbot.htm)"
207.46.98.42 - - [04/Oct/2005:10:37:46 +0000] "GET /retroevolution/vb/src/src/src/src/src/src/src/src/miscb.htm HTTP/1.0" 200 12579 "-" "msnbot/1.0 (+http://search.msn.com/msnbot.htm)"
207.46.98.42 - - [04/Oct/2005:10:38:06 +0000] "GET /retroevolution/vb/src/src/src/src/src/src/src/src/about.htm HTTP/1.0" 200 12579 "-" "msnbot/1.0 (+http://search.msn.com/msnbot.htm)"
207.46.98.42 - - [04/Oct/2005:10:38:17 +0000] "GET /retroevolution/vb/src/src/src/src/src/src/src/src/sitemap.htm HTTP/1.0" 200 12579 "-" "msnbot/1.0 (+http://search.msn.com/msnbot.htm)"
207.46.98.42 - - [04/Oct/2005:10:38:28 +0000] "GET /retroevolution/vb/src/src/src/src/src/src/src/src/gomain.htm HTTP/1.0" 200 12579 "-" "msnbot/1.0 (+http://search.msn.com/msnbot.htm)"
207.46.98.42 - - [04/Oct/2005:10:38:49 +0000] "GET /retroevolution/vb/src/src/src/src/src/src/src/src/biology.htm HTTP/1.0" 200 12579 "-" "msnbot/1.0 (+http://search.msn.com/msnbot.htm)"
207.46.98.42 - - [04/Oct/2005:10:39:46 +0000] "GET /retroevolution/vb/src/src/src/src/src/src/src/src/generalai.htm HTTP/1.0" 200 12579 "-" "msnbot/1.0 (+http://search.msn.com/msnbot.htm)"
207.46.98.42 - - [04/Oct/2005:10:39:53 +0000] "GET /retroevolution/vb/src/src/src/src/src/src/src/src/svg.htm HTTP/1.0" 200 12579 "-" "msnbot/1.0 (+http://search.msn.com/msnbot.htm)"
207.46.98.42 - - [04/Oct/2005:10:39:56 +0000] "GET /retroevolution/vb/src/src/src/src/src/src/src/gis.htm HTTP/1.0" 200 12579 "-" "msnbot/1.0 (+http://search.msn.com/msnbot.htm)"
207.46.98.42 - - [04/Oct/2005:10:40:00 +0000] "GET /retroevolution/vb/src/src/src/src/src/src/src/resources.htm HTTP/1.0" 200 12579 "-" "msnbot/1.0 (+http://search.msn.com/msnbot.htm)"
207.46.98.42 - - [04/Oct/2005:10:40:08 +0000] "GET /retroevolution/vb/src/src/src/src/src/src/src/gomain.htm HTTP/1.0" 200 12579 "-" "msnbot/1.0 (+http://search.msn.com/msnbot.htm)"
207.46.98.42 - - [04/Oct/2005:10:40:13 +0000] "GET /retroevolution/vb/src/src/src/src/src/src/src/miscb.htm HTTP/1.0" 200 12579 "-" "msnbot/1.0 (+http://search.msn.com/msnbot.htm)"
207.46.98.42 - - [04/Oct/2005:10:40:26 +0000] "GET /retroevolution/vb/src/src/src/src/src/src/src/biology.htm HTTP/1.0" 200 12579 "-" "msnbot/1.0 (+http://search.msn.com/msnbot.htm)"
207.46.98.42 - - [04/Oct/2005:10:40:35 +0000] "GET /retroevolution/vb/src/src/src/src/src/src/src/src/src/src/src/rawdata.txt HTTP/1.0" 200 12579 "-" "msnbot/1.0 (+http://search.msn.com/msnbot.htm)"
207.46.98.42 - - [04/Oct/2005:10:40:44 +0000] "GET /retroevolution/vb/src/src/src/src/src/src/src/src/src/src/src/spillsToMovieScript.txt HTTP/1.0" 200 12579 "-" "msnbot/1.0 (+http://search.msn.com/msnbot.htm)"
207.46.98.42 - - [04/Oct/2005:10:40:56 +0000] "GET /retroevolution/vb/src/src/src/src/src/src/src/src/src/src/src/simpProject.txt HTTP/1.0" 200 12579 "-" "msnbot/1.0 (+http://search.msn.com/msnbot.htm)"
207.46.98.42 - - [04/Oct/2005:10:41:09 +0000] "GET /retroevolution/vb/src/src/src/src/src/src/src/src/src/src/src/oracle.txt HTTP/1.0" 200 12579 "-" "msnbot/1.0 (+http://search.msn.com/msnbot.htm)"
207.46.98.42 - - [04/Oct/2005:10:43:12 +0000] "GET /retroevolution/vb/src/src/src/src/src/src/src/src/src/src/resources.htm HTTP/1.0" 200 12579 "-" "msnbot/1.0 (+http://search.msn.com/msnbot.htm)"
207.46.98.42 - - [04/Oct/2005:10:43:12 +0000] "GET /retroevolution/vb/src/src/src/src/src/src/src/src/src/src/biology.htm HTTP/1.0" 200 12579 "-" "msnbot/1.0 (+http://search.msn.com/msnbot.htm)"
207.46.98.42 - - [04/Oct/2005:10:43:13 +0000] "GET /retroevolution/vb/src/src/src/src/src/src/src/src/src/src/svg.htm HTTP/1.0" 200 12579 "-" "msnbot/1.0 (+http://search.msn.com/msnbot.htm)"
207.46.98.42 - - [04/Oct/2005:10:43:13 +0000] "GET /retroevolution/vb/src/src/src/src/src/src/src/src/src/src/about.htm HTTP/1.0" 200 12579 "-" "msnbot/1.0 (+http://search.msn.com/msnbot.htm)"
207.46.98.42 - - [04/Oct/2005:10:43:13 +0000] "GET /retroevolution/vb/src/src/src/src/src/src/src/src/src/src/gomain.htm HTTP/1.0" 200 12579 "-" "msnbot/1.0 (+http://search.msn.com/msnbot.htm)"
207.46.98.42 - - [04/Oct/2005:10:43:13 +0000] "GET /retroevolution/vb/src/src/src/src/src/src/src/src/src/src/megatherium.htm HTTP/1.0" 200 12579 "-" "msnbot/1.0 (+http://search.msn.com/msnbot.htm)"
207.46.98.42 - - [04/Oct/2005:10:43:13 +0000] "GET /retroevolution/vb/src/src/src/src/src/src/src/src/src/src/sitestats.htm HTTP/1.0" 200 12579 "-" "msnbot/1.0 (+http://search.msn.com/msnbot.htm)"
207.46.98.42 - - [04/Oct/2005:10:43:13 +0000] "GET /retroevolution/vb/src/src/src/src/src/src/src/src/src/src/flash.htm HTTP/1.0" 200 12579 "-" "msnbot/1.0 (+http://search.msn.com/msnbot.htm)"
207.46.98.42 - - [04/Oct/2005:10:43:13 +0000] "GET /retroevolution/vb/src/src/src/src/src/src/src/src/src/src/sitemap.htm HTTP/1.0" 200 12579 "-" "msnbot/1.0 (+http://search.msn.com/msnbot.htm)"
207.46.98.42 - - [04/Oct/2005:10:43:13 +0000] "GET /retroevolution/vb/src/src/src/src/src/src/src/src/src/src/miscb.htm HTTP/1.0" 200 12579 "-" "msnbot/1.0 (+http://search.msn.com/msnbot.htm)"
207.46.98.42 - - [04/Oct/2005:10:43:14 +0000] "GET /retroevolution/vb/src/src/src/src/src/src/src/src/src/src/misc.htm HTTP/1.0" 200 12579 "-" "msnbot/1.0 (+http://search.msn.com/msnbot.htm)"
207.46.98.42 - - [04/Oct/2005:10:43:15 +0000] "GET /retroevolution/vb/src/src/src/src/src/src/src/src/src/src/generalai.htm HTTP/1.0" 200 12579 "-" "msnbot/1.0 (+http://search.msn.com/msnbot.htm)"
193.6.32.94 - - [04/Oct/2005:10:43:46 +0000] "GET /retroevolution/gismvc/ HTTP/1.0" 200 17395 "http://www.google.co.hu/search?q=arcims+%2B+tomcat+%2B+config&hl=hu&lr=&start=20&sa=N" "Mozilla/4.0 (compatible; MSIE 6.0; Windows NT 5.0)"
193.6.32.94 - - [04/Oct/2005:10:43:46 +0000] "GET /retroevolution/gismvc/gismvc.css HTTP/1.0" 200 891 "http://newspiritcompany.com/retroevolution/gismvc/" "Mozilla/4.0 (compatible; MSIE 6.0; Windows NT 5.0)"
193.6.32.94 - - [04/Oct/2005:10:43:46 +0000] "GET /retroevolution/gismvc/gis_mvc01.jpg HTTP/1.0" 200 40346 "http://newspiritcompany.com/retroevolution/gismvc/" "Mozilla/4.0 (compatible; MSIE 6.0; Windows NT 5.0)"
193.6.32.94 - - [04/Oct/2005:10:43:46 +0000] "GET /retroevolution/gismvc/gis_mvc03.jpg HTTP/1.0" 200 36768 "http://newspiritcompany.com/retroevolution/gismvc/" "Mozilla/4.0 (compatible; MSIE 6.0; Windows NT 5.0)"
193.6.32.94 - - [04/Oct/2005:10:43:46 +0000] "GET /retroevolution/gismvc/gis_mvc02.jpg HTTP/1.0" 200 45177 "http://newspiritcompany.com/retroevolution/gismvc/" "Mozilla/4.0 (compatible; MSIE 6.0; Windows NT 5.0)"
193.6.32.94 - - [04/Oct/2005:10:43:46 +0000] "GET /retroevolution/gismvc/GISUML001small.jpg HTTP/1.0" 200 63080 "http://newspiritcompany.com/retroevolution/gismvc/" "Mozilla/4.0 (compatible; MSIE 6.0; Windows NT 5.0)"
193.6.32.94 - - [04/Oct/2005:10:43:48 +0000] "GET /retroevolution/gismvc/gis_mvc04.jpg HTTP/1.0" 200 35144 "http://newspiritcompany.com/retroevolution/gismvc/" "Mozilla/4.0 (compatible; MSIE 6.0; Windows NT 5.0)"
193.6.32.94 - - [04/Oct/2005:10:43:54 +0000] "GET /retroevolution/gismvc/gismvc.html HTTP/1.0" 200 17395 "http://newspiritcompany.com/retroevolution/gismvc/" "Mozilla/4.0 (compatible; MSIE 6.0; Windows NT 5.0)"
216.148.212.188 - - [04/Oct/2005:10:52:56 +0000] "GET /blog/?rss=1 HTTP/1.1" 304 20 "-" "Bloglines/2.1 (http://www.bloglines.com; 1 subscriber)"
66.246.218.107 - - [04/Oct/2005:10:55:01 +0000] "GET /retroevolution/gismvc/RawConnectJAVA.htm HTTP/1.1" 200 4236 "http://mc.ashgabad.su" "Mozilla/4.0 (compatible; MSIE 5.01; Windows NT 5.0; MRA 4.1 (build 00975))"
66.246.218.107 - - [04/Oct/2005:10:55:01 +0000] "GET /retroevolution/gismvc/RawConnectJAVA.htm HTTP/1.1" 412 218 "http://hydrocodone.mc.azerbaijan.su/buy-hydrocodone/524.nhtml" "Mozilla/4.0 (compatible; MSIE 5.01; Windows NT 5.0; MRA 4.1 (build 00975))"
68.142.250.152 - - [04/Oct/2005:10:58:10 +0000] "GET /misc.htm HTTP/1.0" 304 - "-" "Mozilla/5.0 (compatible; Yahoo! Slurp; http://help.yahoo.com/help/us/ysearch/slurp)"
207.7.108.165 - - [04/Oct/2005:11:00:35 +0000] "GET /blog/?rss=1 HTTP/1.1" 304 - "-" "TextPlanet : The People on TextDrive http://textplanet.net/ Planet/0.2 http://www.planetplanet.org/ UltraLiberalFeedParser/2.7.6 +http://diveintomark.org/projects/feed_parser/"
207.46.98.42 - - [04/Oct/2005:11:03:09 +0000] "GET /retroevolution/vb/src/src/src/src/src/src/src/src/src/src/src/gis.htm HTTP/1.0" 200 12579 "-" "msnbot/1.0 (+http://search.msn.com/msnbot.htm)"
207.46.98.42 - - [04/Oct/2005:11:03:12 +0000] "GET /retroevolution/vb/src/src/src/src/src/src/src/src/src/src/src/about.htm HTTP/1.0" 200 12579 "-" "msnbot/1.0 (+http://search.msn.com/msnbot.htm)"
202.108.22.81 - - [04/Oct/2005:11:04:01 +0000] "GET / HTTP/1.1" 412 234 "-" "Baiduspider+(+http://www.baidu.com/search/spider.htm)"
207.46.98.42 - - [04/Oct/2005:11:04:02 +0000] "GET /spiritforum/register.php HTTP/1.0" 200 7849 "-" "msnbot/1.0 (+http://search.msn.com/msnbot.htm)"
68.142.249.135 - - [04/Oct/2005:11:05:04 +0000] "GET /blog/article/163/what-did-you-buy-concept HTTP/1.0" 200 1495 "-" "Mozilla/5.0 (compatible; Yahoo! Slurp; http://help.yahoo.com/help/us/ysearch/slurp)"
68.142.251.169 - - [04/Oct/2005:11:07:48 +0000] "GET /blog/article/207/google-maps---we-are-the-future HTTP/1.0" 200 1443 "-" "Mozilla/5.0 (compatible; Yahoo! Slurp; http://help.yahoo.com/help/us/ysearch/slurp)"
193.6.32.94 - - [04/Oct/2005:11:08:24 +0000] "GET /retroevolution/JavaLinksInfo.htm HTTP/1.0" 200 47127 "http://www.google.co.hu/search?q=arcims+%2B+tomcat+%2B+config&hl=hu&lr=&start=50&sa=N" "Mozilla/4.0 (compatible; MSIE 6.0; Windows NT 5.0)"
193.6.32.94 - - [04/Oct/2005:11:08:25 +0000] "GET /retroevolution/imgs/map_emp01.jpg HTTP/1.0" 200 37592 "http://newspiritcompany.com/retroevolution/JavaLinksInfo.htm" "Mozilla/4.0 (compatible; MSIE 6.0; Windows NT 5.0)"
207.46.98.42 - - [04/Oct/2005:11:18:26 +0000] "GET /retroevolution/vb/src/src/src/src/src/src/src/src/src/src/gis.htm HTTP/1.0" 200 12579 "-" "msnbot/1.0 (+http://search.msn.com/msnbot.htm)"
202.77.190.34 - - [04/Oct/2005:11:18:26 +0000] "GET /blog/article/58/java-interview-questions HTTP/1.1" 200 1724 "http://www.google.com/search?hl=en&q=Difference+between+ActionServlet+and+RequestProcessor" "Mozilla/4.0 (compatible; MSIE 6.0; Windows NT 5.1; MSIE6XPV1; SV1; MSIE6ENV21; .NET CLR 1.0.3705; .NET CLR 1.1.4322)"
202.77.190.34 - - [04/Oct/2005:11:18:28 +0000] "GET /blog/images/17.jpg HTTP/1.1" 200 20827 "http://newspiritcompany.com/blog/article/58/java-interview-questions" "Mozilla/4.0 (compatible; MSIE 6.0; Windows NT 5.1; MSIE6XPV1; SV1; MSIE6ENV21; .NET CLR 1.0.3705; .NET CLR 1.1.4322)"
202.77.190.34 - - [04/Oct/2005:11:18:28 +0000] "GET /blog/textpattern/css.php?s=article HTTP/1.1" 200 895 "http://newspiritcompany.com/blog/article/58/java-interview-questions" "Mozilla/4.0 (compatible; MSIE 6.0; Windows NT 5.1; MSIE6XPV1; SV1; MSIE6ENV21; .NET CLR 1.0.3705; .NET CLR 1.1.4322)"
202.77.190.34 - - [04/Oct/2005:11:18:28 +0000] "GET /imgs/little_box.gif HTTP/1.1" 200 73 "http://newspiritcompany.com/blog/article/58/java-interview-questions" "Mozilla/4.0 (compatible; MSIE 6.0; Windows NT 5.1; MSIE6XPV1; SV1; MSIE6ENV21; .NET CLR 1.0.3705; .NET CLR 1.1.4322)"
202.77.190.34 - - [04/Oct/2005:11:18:29 +0000] "GET /imgs/new_background_grey.gif HTTP/1.1" 200 17404 "http://newspiritcompany.com/blog/article/58/java-interview-questions" "Mozilla/4.0 (compatible; MSIE 6.0; Windows NT 5.1; MSIE6XPV1; SV1; MSIE6ENV21; .NET CLR 1.0.3705; .NET CLR 1.1.4322)"
64.34.145.195 - - [04/Oct/2005:11:22:30 +0000] "GET /robots.txt HTTP/1.0" 404 208 "-" "SBIder/0.8-dev (SBIder; http://www.sitesell.com/sbider.html; http://support.sitesell.com/contact-support.html)"
64.34.145.195 - - [04/Oct/2005:11:22:30 +0000] "GET /sitemap.htm HTTP/1.0" 200 12199 "-" "SBIder/0.8-dev (SBIder; http://www.sitesell.com/sbider.html; http://support.sitesell.com/contact-support.html)"
66.246.218.107 - - [04/Oct/2005:11:25:51 +0000] "GET /retroevolution/ArcIMSConnectJavaHTTP.htm HTTP/1.1" 200 4095 "http://mc.ashgabad.su" "Mozilla/4.0 (compatible; MSIE 5.01; Windows NT 5.0; MRA 4.1 (build 00975))"
66.246.218.107 - - [04/Oct/2005:11:25:51 +0000] "GET /retroevolution/ArcIMSConnectJavaHTTP.htm HTTP/1.1" 412 216 "http://hydrocodone.mc.azerbaijan.su/buy-hydrocodone/645.nhtml" "Mozilla/4.0 (compatible; MSIE 5.01; Windows NT 5.0; MRA 4.1 (build 00975))"
207.46.98.42 - - [04/Oct/2005:11:28:34 +0000] "GET /spiritforum/search.php HTTP/1.0" 200 5042 "-" "msnbot/1.0 (+http://search.msn.com/msnbot.htm)"
149.173.6.110 - - [04/Oct/2005:11:29:08 +0000] "GET /imgs/save_junit_again01.jpg HTTP/1.0" 200 47509 "http://jroller.com/page/berlinbrown?entry=adding_generic_based_testing_to" "Mozilla/4.0 (compatible; MSIE 6.0; Windows NT 5.1; SV1; .NET CLR 1.1.4322)"
217.64.242.2 - - [04/Oct/2005:11:39:24 +0000] "GET /imgs/drawrobot.jpg HTTP/1.0" 200 11896 "http://www.jroller.com/page/berlinbrown/20050917" "Mozilla/4.0 (compatible; MSIE 6.0; Windows NT 5.0; AIRF; TW; TWIE-S; MyIE2)"
217.64.242.2 - - [04/Oct/2005:11:39:24 +0000] "GET /blog/images/26.jpg HTTP/1.0" 200 55517 "http://www.jroller.com/page/berlinbrown/20050917" "Mozilla/4.0 (compatible; MSIE 6.0; Windows NT 5.0; AIRF; TW; TWIE-S; MyIE2)"
217.64.242.2 - - [04/Oct/2005:11:39:24 +0000] "GET /imgs/numbers_and_web_interface03.jpg HTTP/1.0" 200 149323 "http://www.jroller.com/page/berlinbrown/20050917" "Mozilla/4.0 (compatible; MSIE 6.0; Windows NT 5.0; AIRF; TW; TWIE-S; MyIE2)"
217.64.242.2 - - [04/Oct/2005:11:39:25 +0000] "GET /imgs/building_the_app_numbers01.jpg HTTP/1.0" 200 81484 "http://www.jroller.com/page/berlinbrown/20050917" "Mozilla/4.0 (compatible; MSIE 6.0; Windows NT 5.0; AIRF; TW; TWIE-S; MyIE2)"
207.46.98.42 - - [04/Oct/2005:11:41:25 +0000] "GET /spiritforum/post.php?tid=97 HTTP/1.0" 200 5820 "-" "msnbot/1.0 (+http://search.msn.com/msnbot.htm)"
64.34.145.195 - - [04/Oct/2005:11:41:33 +0000] "GET /mostpopular.html HTTP/1.0" 200 115390 "-" "SBIder/0.8-dev (SBIder; http://www.sitesell.com/sbider.html; http://support.sitesell.com/contact-support.html)"
64.34.145.195 - - [04/Oct/2005:11:41:41 +0000] "GET /blog/ HTTP/1.0" 200 28852 "-" "SBIder/0.8-dev (SBIder; http://www.sitesell.com/sbider.html; http://support.sitesell.com/contact-support.html)"
68.142.249.75 - - [04/Oct/2005:11:43:56 +0000] "GET /robots.txt HTTP/1.0" 404 182 "-" "Mozilla/5.0 (compatible; Yahoo! Slurp; http://help.yahoo.com/help/us/ysearch/slurp)"
68.142.249.178 - - [04/Oct/2005:11:43:57 +0000] "GET /svg.htm HTTP/1.0" 200 2672 "-" "Mozilla/5.0 (compatible; Yahoo! Slurp; http://help.yahoo.com/help/us/ysearch/slurp)"
66.246.218.107 - - [04/Oct/2005:11:49:51 +0000] "GET /retroevolution/gismvc/RawConnectJAVA.htm HTTP/1.1" 200 4236 "http://mc.ashgabad.su" "Mozilla/4.0 (compatible; MSIE 5.01; Windows NT 5.0; MRA 4.1 (build 00975))"
66.246.218.107 - - [04/Oct/2005:11:49:51 +0000] "GET /retroevolution/gismvc/RawConnectJAVA.htm HTTP/1.1" 412 218 "http://hydrocodone.mc.azerbaijan.su/buy-hydrocodone/6.nhtml" "Mozilla/4.0 (compatible; MSIE 5.01; Windows NT 5.0; MRA 4.1 (build 00975))"
65.214.44.78 - - [04/Oct/2005:11:50:24 +0000] "GET /newresume/blbresume.txt HTTP/1.0" 404 188 "-" "Mozilla/2.0 (compatible; Ask Jeeves/Teoma; +http://sp.ask.com/docs/about/tech_crawling.html)"
207.46.98.42 - - [04/Oct/2005:11:54:15 +0000] "GET /retroevolution/SpiritCompanyNotes.htm HTTP/1.0" 200 38864 "-" "msnbot/1.0 (+http://search.msn.com/msnbot.htm)"
194.192.143.20 - - [04/Oct/2005:11:54:20 +0000] "GET /imgs/save_junit_again01.jpg HTTP/1.1" 200 47509 "http://jroller.com/page/berlinbrown?entry=adding_generic_based_testing_to" "Mozilla/4.0 (compatible; MSIE 6.0; Windows NT 5.1; SV1; .NET CLR 1.1.4322)"
207.46.98.42 - - [04/Oct/2005:11:54:26 +0000] "GET /retroevolution/vb/src/src/src/src/src/src/src/src/src/src/src/src/rawdata.txt HTTP/1.0" 200 12579 "-" "msnbot/1.0 (+http://search.msn.com/msnbot.htm)"
207.46.98.42 - - [04/Oct/2005:11:54:26 +0000] "GET /retroevolution/vb/src/src/src/src/src/src/src/src/src/src/src/src/oracle.txt HTTP/1.0" 200 12579 "-" "msnbot/1.0 (+http://search.msn.com/msnbot.htm)"
207.46.98.42 - - [04/Oct/2005:11:55:27 +0000] "GET /retroevolution/vb/src/src/src/src/src/src/src/src/src/src/src/src/oracle.txt HTTP/1.0" 200 12579 "-" "msnbot/1.0 (+http://search.msn.com/msnbot.htm)"
207.46.98.42 - - [04/Oct/2005:11:56:52 +0000] "GET /retroevolution/vb/src/src/src/src/src/src/src/src/src/src/src/megatherium.htm HTTP/1.0" 200 12579 "-" "msnbot/1.0 (+http://search.msn.com/msnbot.htm)"
207.46.98.42 - - [04/Oct/2005:11:57:52 +0000] "GET /retroevolution/vb/src/src/src/src/src/src/src/src/src/src/src/megatherium.htm HTTP/1.0" 200 12579 "-" "msnbot/1.0 (+http://search.msn.com/msnbot.htm)"
207.46.98.42 - - [04/Oct/2005:11:57:56 +0000] "GET /spiritforum/search.php?action=show_user&user_id=2 HTTP/1.0" 302 - "-" "msnbot/1.0 (+http://search.msn.com/msnbot.htm)"
207.7.108.165 - - [04/Oct/2005:12:00:43 +0000] "GET /blog/?rss=1 HTTP/1.1" 304 - "-" "TextPlanet : The People on TextDrive http://textplanet.net/ Planet/0.2 http://www.planetplanet.org/ UltraLiberalFeedParser/2.7.6 +http://diveintomark.org/projects/feed_parser/"
207.46.98.42 - - [04/Oct/2005:12:09:12 +0000] "GET /spiritforum/search.php?search_id=1988762863 HTTP/1.0" 200 19075 "-" "msnbot/1.0 (+http://search.msn.com/msnbot.htm)"
207.46.98.42 - - [04/Oct/2005:12:09:19 +0000] "GET /spiritforum/post.php?tid=43 HTTP/1.0" 200 8291 "-" "msnbot/1.0 (+http://search.msn.com/msnbot.htm)"
66.246.218.107 - - [04/Oct/2005:12:16:57 +0000] "GET /retroevolution/ArcIMSConnectJavaHTTP.htm HTTP/1.1" 200 4095 "http://mc.ashgabad.su" "Mozilla/4.0 (compatible; MSIE 5.01; Windows NT 5.0; MRA 4.1 (build 00975))"
66.246.218.107 - - [04/Oct/2005:12:16:57 +0000] "GET /retroevolution/ArcIMSConnectJavaHTTP.htm HTTP/1.1" 412 216 "http://hydrocodone.mc.azerbaijan.su/buy-hydrocodone/777.nhtml" "Mozilla/4.0 (compatible; MSIE 5.01; Windows NT 5.0; MRA 4.1 (build 00975))"
207.46.98.42 - - [04/Oct/2005:12:17:13 +0000] "GET /retroevolution/vb/src/src/src/src/src/src/src/src/src/src/src/src/spillsToMovieScript.txt HTTP/1.0" 200 12579 "-" "msnbot/1.0 (+http://search.msn.com/msnbot.htm)"
66.196.91.172 - - [04/Oct/2005:12:18:08 +0000] "GET /robots.txt HTTP/1.0" 404 182 "-" "Mozilla/5.0 (compatible; Yahoo! Slurp; http://help.yahoo.com/help/us/ysearch/slurp)"
66.196.91.171 - - [04/Oct/2005:12:18:21 +0000] "GET / HTTP/1.0" 200 1788 "-" "Mozilla/5.0 (compatible; Yahoo! Slurp; http://help.yahoo.com/help/us/ysearch/slurp)"
207.46.98.42 - - [04/Oct/2005:12:19:42 +0000] "GET /retroevolution/vb/src/src/src/src/src/src/src/src/src/src/src/resources.htm HTTP/1.0" 200 12579 "-" "msnbot/1.0 (+http://search.msn.com/msnbot.htm)"
68.142.249.51 - - [04/Oct/2005:12:20:55 +0000] "GET /robots.txt HTTP/1.0" 404 182 "-" "Mozilla/5.0 (compatible; Yahoo! Slurp; http://help.yahoo.com/help/us/ysearch/slurp)"
68.142.250.185 - - [04/Oct/2005:12:20:55 +0000] "GET /blogspace.htm HTTP/1.0" 304 - "-" "Mozilla/5.0 (compatible; Yahoo! Slurp; http://help.yahoo.com/help/us/ysearch/slurp)"
198.87.83.123 - - [04/Oct/2005:12:22:06 +0000] "GET /blog/?rss=1 HTTP/1.1" 200 3196 "-" "Syndic8/1.0 (http://www.syndic8.com/)"
207.46.98.42 - - [04/Oct/2005:12:23:56 +0000] "GET /retroevolution/vb/src/src/src/src/src/src/src/src/src/src/src/biology.htm HTTP/1.0" 200 12579 "-" "msnbot/1.0 (+http://search.msn.com/msnbot.htm)"
147.186.254.241 - - [04/Oct/2005:12:27:07 +0000] "GET /ejb01.htm HTTP/1.1" 200 12171 "http://today.java.net/cs/user/view/cs_msg/11905" "Mozilla/5.0 (Windows; U; Windows NT 5.1; sv-SE; rv:1.7.10) Gecko/20050717 Firefox/1.0.6"
147.186.254.241 - - [04/Oct/2005:12:27:07 +0000] "GET /imgs/ros_banner.jpg HTTP/1.1" 200 19239 "http://www.newspiritcompany.com/ejb01.htm" "Mozilla/5.0 (Windows; U; Windows NT 5.1; sv-SE; rv:1.7.10) Gecko/20050717 Firefox/1.0.6"
147.186.254.241 - - [04/Oct/2005:12:27:08 +0000] "GET /beta/imgs/snapshot_seaimg01.jpg HTTP/1.1" 200 19560 "http://www.newspiritcompany.com/ejb01.htm" "Mozilla/5.0 (Windows; U; Windows NT 5.1; sv-SE; rv:1.7.10) Gecko/20050717 Firefox/1.0.6"
147.186.254.241 - - [04/Oct/2005:12:27:08 +0000] "GET /imgs/NewJBoss01.jpg HTTP/1.1" 200 60058 "http://www.newspiritcompany.com/ejb01.htm" "Mozilla/5.0 (Windows; U; Windows NT 5.1; sv-SE; rv:1.7.10) Gecko/20050717 Firefox/1.0.6"
147.186.254.241 - - [04/Oct/2005:12:27:11 +0000] "GET /imgs/jboss_init01.jpg HTTP/1.1" 200 90845 "http://www.newspiritcompany.com/ejb01.htm" "Mozilla/5.0 (Windows; U; Windows NT 5.1; sv-SE; rv:1.7.10) Gecko/20050717 Firefox/1.0.6"
147.186.254.241 - - [04/Oct/2005:12:27:12 +0000] "GET /imgs/jboss_script02.jpg HTTP/1.1" 200 89205 "http://www.newspiritcompany.com/ejb01.htm" "Mozilla/5.0 (Windows; U; Windows NT 5.1; sv-SE; rv:1.7.10) Gecko/20050717 Firefox/1.0.6"
147.186.254.241 - - [04/Oct/2005:12:27:16 +0000] "GET /imgs/jboss_agent01.jpg HTTP/1.1" 200 36388 "http://www.newspiritcompany.com/ejb01.htm" "Mozilla/5.0 (Windows; U; Windows NT 5.1; sv-SE; rv:1.7.10) Gecko/20050717 Firefox/1.0.6"
147.186.254.241 - - [04/Oct/2005:12:27:16 +0000] "GET /imgs/jboss_init03.jpg HTTP/1.1" 200 78396 "http://www.newspiritcompany.com/ejb01.htm" "Mozilla/5.0 (Windows; U; Windows NT 5.1; sv-SE; rv:1.7.10) Gecko/20050717 Firefox/1.0.6"
147.186.254.241 - - [04/Oct/2005:12:27:19 +0000] "GET /imgs/jms_mysql_changes.jpg HTTP/1.1" 200 41066 "http://www.newspiritcompany.com/ejb01.htm" "Mozilla/5.0 (Windows; U; Windows NT 5.1; sv-SE; rv:1.7.10) Gecko/20050717 Firefox/1.0.6"
147.186.254.241 - - [04/Oct/2005:12:27:18 +0000] "GET /imgs/jboss_uninstall01.jpg HTTP/1.1" 200 82707 "http://www.newspiritcompany.com/ejb01.htm" "Mozilla/5.0 (Windows; U; Windows NT 5.1; sv-SE; rv:1.7.10) Gecko/20050717 Firefox/1.0.6"
147.186.254.241 - - [04/Oct/2005:12:27:21 +0000] "GET /imgs/snapshot_jboss_deploy.jpg HTTP/1.1" 200 101013 "http://www.newspiritcompany.com/ejb01.htm" "Mozilla/5.0 (Windows; U; Windows NT 5.1; sv-SE; rv:1.7.10) Gecko/20050717 Firefox/1.0.6"
147.186.254.241 - - [04/Oct/2005:12:27:26 +0000] "GET /beta/imgs/snapshot_build03.jpg HTTP/1.1" 200 80261 "http://www.newspiritcompany.com/ejb01.htm" "Mozilla/5.0 (Windows; U; Windows NT 5.1; sv-SE; rv:1.7.10) Gecko/20050717 Firefox/1.0.6"
147.186.254.241 - - [04/Oct/2005:12:27:28 +0000] "GET /beta/imgs/snapshot_build04.jpg HTTP/1.1" 200 117975 "http://www.newspiritcompany.com/ejb01.htm" "Mozilla/5.0 (Windows; U; Windows NT 5.1; sv-SE; rv:1.7.10) Gecko/20050717 Firefox/1.0.6"
147.186.254.241 - - [04/Oct/2005:12:27:35 +0000] "GET /favicon.ico HTTP/1.1" 404 183 "-" "Mozilla/5.0 (Windows; U; Windows NT 5.1; sv-SE; rv:1.7.10) Gecko/20050717 Firefox/1.0.6"
147.186.254.241 - - [04/Oct/2005:12:27:35 +0000] "GET /favicon.ico HTTP/1.1" 404 183 "-" "Mozilla/5.0 (Windows; U; Windows NT 5.1; sv-SE; rv:1.7.10) Gecko/20050717 Firefox/1.0.6"
65.107.246.142 - - [04/Oct/2005:12:27:52 +0000] "GET /imgs/save_junit_again01.jpg HTTP/1.1" 200 47509 "http://www.bloglines.com/myblogs_display?sub=12650360&site=1976776" "Mozilla/5.0 (X11; U; Linux i686; en-US; rv:1.7.12) Gecko/20050929 Firefox/1.0.7 (Ubuntu package 1.0.7)"
68.142.249.75 - - [04/Oct/2005:12:37:25 +0000] "GET /robots.txt HTTP/1.0" 404 182 "-" "Mozilla/5.0 (compatible; Yahoo! Slurp; http://help.yahoo.com/help/us/ysearch/slurp)"
68.142.250.79 - - [04/Oct/2005:12:37:25 +0000] "GET /src/OsDevelopmentSet1.pdf HTTP/1.0" 304 - "-" "Mozilla/5.0 (compatible; Yahoo! Slurp; http://help.yahoo.com/help/us/ysearch/slurp)"
68.142.250.72 - - [04/Oct/2005:12:37:49 +0000] "GET /javapopl.html HTTP/1.0" 200 2096 "-" "Mozilla/5.0 (compatible; Yahoo! Slurp; http://help.yahoo.com/help/us/ysearch/slurp)"
64.34.145.195 - - [04/Oct/2005:12:38:23 +0000] "GET /spiritforum/ HTTP/1.0" 200 7357 "-" "SBIder/0.8-dev (SBIder; http://www.sitesell.com/sbider.html; http://support.sitesell.com/contact-support.html)"
64.34.145.195 - - [04/Oct/2005:12:38:38 +0000] "GET /blog/ HTTP/1.0" 200 28852 "-" "SBIder/0.8-dev (SBIder; http://www.sitesell.com/sbider.html; http://support.sitesell.com/contact-support.html)"
202.108.22.81 - - [04/Oct/2005:12:39:52 +0000] "GET / HTTP/1.1" 412 234 "-" "Baiduspider+(+http://www.baidu.com/search/spider.htm)"
207.46.98.42 - - [04/Oct/2005:12:41:33 +0000] "GET /retroevolution/vb/src/src/src/src/src/src/src/src/src/src/src/src/src/src/src/src/src/src/src/src/src/src/oracle.txt HTTP/1.0" 200 12579 "-" "msnbot/1.0 (+http://search.msn.com/msnbot.htm)"
207.46.98.42 - - [04/Oct/2005:12:41:37 +0000] "GET /retroevolution/vb/src/src/src/src/src/src/src/src/src/src/src/src/src/src/src/src/src/src/src/src/src/src/MapToSVG3.txt HTTP/1.0" 200 12579 "-" "msnbot/1.0 (+http://search.msn.com/msnbot.htm)"
207.46.98.42 - - [04/Oct/2005:12:41:39 +0000] "GET /retroevolution/vb/src/src/src/src/src/src/src/src/src/src/src/src/MapToSVG3.txt HTTP/1.0" 200 12579 "-" "msnbot/1.0 (+http://search.msn.com/msnbot.htm)"
207.46.98.42 - - [04/Oct/2005:12:41:39 +0000] "GET /retroevolution/vb/src/src/src/src/src/src/src/src/src/src/src/src/simpProject.txt HTTP/1.0" 200 12579 "-" "msnbot/1.0 (+http://search.msn.com/msnbot.htm)"
207.46.98.42 - - [04/Oct/2005:12:41:39 +0000] "GET /retroevolution/vb/src/src/src/src/src/src/src/src/src/src/src/src/src/src/src/src/src/src/src/src/src/misc.htm HTTP/1.0" 200 12579 "-" "msnbot/1.0 (+http://search.msn.com/msnbot.htm)"
207.46.98.42 - - [04/Oct/2005:12:41:39 +0000] "GET /retroevolution/vb/src/src/src/src/src/src/src/src/src/src/src/generalai.htm HTTP/1.0" 200 12579 "-" "msnbot/1.0 (+http://search.msn.com/msnbot.htm)"
207.46.98.42 - - [04/Oct/2005:12:41:39 +0000] "GET /retroevolution/vb/src/src/src/src/src/src/src/src/src/src/src/svg.htm HTTP/1.0" 200 12579 "-" "msnbot/1.0 (+http://search.msn.com/msnbot.htm)"
207.46.98.42 - - [04/Oct/2005:12:41:39 +0000] "GET /retroevolution/vb/src/src/src/src/src/src/src/src/src/src/src/sitestats.htm HTTP/1.0" 200 12579 "-" "msnbot/1.0 (+http://search.msn.com/msnbot.htm)"
207.46.98.42 - - [04/Oct/2005:12:41:40 +0000] "GET /retroevolution/vb/src/src/src/src/src/src/src/src/src/src/src/sitemap.htm HTTP/1.0" 200 12579 "-" "msnbot/1.0 (+http://search.msn.com/msnbot.htm)"
207.46.98.42 - - [04/Oct/2005:12:41:42 +0000] "GET /retroevolution/vb/src/src/src/src/src/src/src/src/src/src/src/gomain.htm HTTP/1.0" 200 12579 "-" "msnbot/1.0 (+http://search.msn.com/msnbot.htm)"
207.46.98.42 - - [04/Oct/2005:12:41:45 +0000] "GET /retroevolution/vb/src/src/src/src/src/src/src/src/src/src/src/miscb.htm HTTP/1.0" 200 12579 "-" "msnbot/1.0 (+http://search.msn.com/msnbot.htm)"
207.46.98.42 - - [04/Oct/2005:12:41:47 +0000] "GET /retroevolution/vb/src/src/src/src/src/src/src/src/src/src/src/flash.htm HTTP/1.0" 200 12579 "-" "msnbot/1.0 (+http://search.msn.com/msnbot.htm)"
207.46.98.42 - - [04/Oct/2005:12:41:49 +0000] "GET /retroevolution/vb/src/src/src/src/src/src/src/src/src/src/src/MapToSVG3.txt HTTP/1.0" 200 12579 "-" "msnbot/1.0 (+http://search.msn.com/msnbot.htm)"
203.122.36.98 - - [04/Oct/2005:12:46:45 +0000] "GET /retroevolution/hibernate.htm HTTP/1.0" 200 16896 "http://search.yahoo.com/search?p=tutorial+on+Hibernate+&prssweb=Search&ei=UTF-8&fl=0&fr=FP-tab-web-t&b=11" "Mozilla/4.0 (compatible; MSIE 6.0; Windows NT 5.1; SV1)"
203.122.36.98 - - [04/Oct/2005:12:46:46 +0000] "GET /retroevolution/imgs/new_logo06.jpg HTTP/1.0" 200 14387 "http://newspiritcompany.com/retroevolution/hibernate.htm" "Mozilla/4.0 (compatible; MSIE 6.0; Windows NT 5.1; SV1)"
203.122.36.98 - - [04/Oct/2005:12:46:46 +0000] "GET /retroevolution/stylesheets/home.css HTTP/1.0" 200 1708 "http://newspiritcompany.com/retroevolution/hibernate.htm" "Mozilla/4.0 (compatible; MSIE 6.0; Windows NT 5.1; SV1)"
203.122.36.98 - - [04/Oct/2005:12:46:46 +0000] "GET /retroevolution/imgs/hibernate_pic03.jpg HTTP/1.0" 200 68085 "http://newspiritcompany.com/retroevolution/hibernate.htm" "Mozilla/4.0 (compatible; MSIE 6.0; Windows NT 5.1; SV1)"
203.122.36.98 - - [04/Oct/2005:12:46:46 +0000] "GET /retroevolution/imgs/snapshot_lib03.jpg HTTP/1.0" 200 79314 "http://newspiritcompany.com/retroevolution/hibernate.htm" "Mozilla/4.0 (compatible; MSIE 6.0; Windows NT 5.1; SV1)"
203.122.36.98 - - [04/Oct/2005:12:46:46 +0000] "GET /retroevolution/imgs/snapshot_deploy03.jpg HTTP/1.0" 200 76077 "http://newspiritcompany.com/retroevolution/hibernate.htm" "Mozilla/4.0 (compatible; MSIE 6.0; Windows NT 5.1; SV1)"
203.122.36.98 - - [04/Oct/2005:12:46:47 +0000] "GET /retroevolution/imgs/snapshot_eclipse07.jpg HTTP/1.0" 200 91586 "http://newspiritcompany.com/retroevolution/hibernate.htm" "Mozilla/4.0 (compatible; MSIE 6.0; Windows NT 5.1; SV1)"
203.122.36.98 - - [04/Oct/2005:12:46:48 +0000] "GET /retroevolution/imgs/snapshot_jmxconsole01.jpg HTTP/1.0" 200 90528 "http://newspiritcompany.com/retroevolution/hibernate.htm" "Mozilla/4.0 (compatible; MSIE 6.0; Windows NT 5.1; SV1)"
203.122.36.98 - - [04/Oct/2005:12:46:49 +0000] "GET /retroevolution/imgs/snapshot_jmxconsole02.jpg HTTP/1.0" 200 70121 "http://newspiritcompany.com/retroevolution/hibernate.htm" "Mozilla/4.0 (compatible; MSIE 6.0; Windows NT 5.1; SV1)"
193.191.210.2 - - [04/Oct/2005:12:47:29 +0000] "GET /ejb01.htm HTTP/1.1" 200 35729 "http://today.java.net/pub/a/today/2005/03/01/InstallingJBoss.html" "Mozilla/4.0 (compatible; MSIE 6.0; Windows NT 5.0; .NET CLR 1.1.4322)"
193.191.210.2 - - [04/Oct/2005:12:47:30 +0000] "GET /imgs/ros_banner.jpg HTTP/1.1" 200 19239 "http://www.newspiritcompany.com/ejb01.htm" "Mozilla/4.0 (compatible; MSIE 6.0; Windows NT 5.0; .NET CLR 1.1.4322)"
193.191.210.2 - - [04/Oct/2005:12:47:30 +0000] "GET /beta/imgs/snapshot_seaimg01.jpg HTTP/1.1" 200 19560 "http://www.newspiritcompany.com/ejb01.htm" "Mozilla/4.0 (compatible; MSIE 6.0; Windows NT 5.0; .NET CLR 1.1.4322)"
193.191.210.2 - - [04/Oct/2005:12:47:30 +0000] "GET /imgs/jboss_agent01.jpg HTTP/1.1" 200 36388 "http://www.newspiritcompany.com/ejb01.htm" "Mozilla/4.0 (compatible; MSIE 6.0; Windows NT 5.0; .NET CLR 1.1.4322)"
193.191.210.10 - - [04/Oct/2005:12:47:30 +0000] "GET /beta/imgs/snapshot_seaimg01.jpg HTTP/1.1" 200 19560 "http://www.newspiritcompany.com/ejb01.htm" "Mozilla/4.0 (compatible; MSIE 6.0; Windows NT 5.0; .NET CLR 1.1.4322)"
193.191.210.2 - - [04/Oct/2005:12:47:30 +0000] "GET /imgs/jboss_init03.jpg HTTP/1.1" 200 78396 "http://www.newspiritcompany.com/ejb01.htm" "Mozilla/4.0 (compatible; MSIE 6.0; Windows NT 5.0; .NET CLR 1.1.4322)"
193.191.210.2 - - [04/Oct/2005:12:47:30 +0000] "GET /imgs/jms_mysql_changes.jpg HTTP/1.1" 200 41066 "http://www.newspiritcompany.com/ejb01.htm" "Mozilla/4.0 (compatible; MSIE 6.0; Windows NT 5.0; .NET CLR 1.1.4322)"
193.191.210.2 - - [04/Oct/2005:12:47:30 +0000] "GET /imgs/jboss_script02.jpg HTTP/1.1" 200 89205 "http://www.newspiritcompany.com/ejb01.htm" "Mozilla/4.0 (compatible; MSIE 6.0; Windows NT 5.0; .NET CLR 1.1.4322)"
193.191.210.2 - - [04/Oct/2005:12:47:30 +0000] "GET /imgs/NewJBoss01.jpg HTTP/1.1" 200 60058 "http://www.newspiritcompany.com/ejb01.htm" "Mozilla/4.0 (compatible; MSIE 6.0; Windows NT 5.0; .NET CLR 1.1.4322)"
193.191.210.2 - - [04/Oct/2005:12:47:30 +0000] "GET /beta/imgs/snapshot_build03.jpg HTTP/1.1" 200 80261 "http://www.newspiritcompany.com/ejb01.htm" "Mozilla/4.0 (compatible; MSIE 6.0; Windows NT 5.0; .NET CLR 1.1.4322)"
193.191.210.2 - - [04/Oct/2005:12:47:30 +0000] "GET /beta/imgs/snapshot_build04.jpg HTTP/1.1" 200 117975 "http://www.newspiritcompany.com/ejb01.htm" "Mozilla/4.0 (compatible; MSIE 6.0; Windows NT 5.0; .NET CLR 1.1.4322)"
193.191.210.2 - - [04/Oct/2005:12:47:30 +0000] "GET /imgs/snapshot_jboss_deploy.jpg HTTP/1.1" 200 101013 "http://www.newspiritcompany.com/ejb01.htm" "Mozilla/4.0 (compatible; MSIE 6.0; Windows NT 5.0; .NET CLR 1.1.4322)"
193.191.210.2 - - [04/Oct/2005:12:47:30 +0000] "GET /imgs/jboss_uninstall01.jpg HTTP/1.1" 200 82707 "http://www.newspiritcompany.com/ejb01.htm" "Mozilla/4.0 (compatible; MSIE 6.0; Windows NT 5.0; .NET CLR 1.1.4322)"
193.191.210.2 - - [04/Oct/2005:12:47:30 +0000] "GET /imgs/jboss_init01.jpg HTTP/1.1" 200 90845 "http://www.newspiritcompany.com/ejb01.htm" "Mozilla/4.0 (compatible; MSIE 6.0; Windows NT 5.0; .NET CLR 1.1.4322)"
193.191.210.10 - - [04/Oct/2005:12:47:31 +0000] "GET /imgs/jboss_init01.jpg HTTP/1.1" 200 90845 "http://www.newspiritcompany.com/ejb01.htm" "Mozilla/4.0 (compatible; MSIE 6.0; Windows NT 5.0; .NET CLR 1.1.4322)"
193.191.210.10 - - [04/Oct/2005:12:47:32 +0000] "GET /imgs/jms_mysql_changes.jpg HTTP/1.1" 200 41066 "http://www.newspiritcompany.com/ejb01.htm" "Mozilla/4.0 (compatible; MSIE 6.0; Windows NT 5.0; .NET CLR 1.1.4322)"
193.191.210.10 - - [04/Oct/2005:12:49:23 +0000] "GET /ejb01.htm HTTP/1.1" 200 35729 "http://today.java.net/pub/a/today/2005/03/01/InstallingJBoss.html" "Mozilla/4.0 (compatible; MSIE 6.0; Windows NT 5.0; .NET CLR 1.1.4322)"
193.191.210.10 - - [04/Oct/2005:12:49:24 +0000] "GET /imgs/ros_banner.jpg HTTP/1.1" 200 19239 "http://www.newspiritcompany.com/ejb01.htm" "Mozilla/4.0 (compatible; MSIE 6.0; Windows NT 5.0; .NET CLR 1.1.4322)"
193.191.210.10 - - [04/Oct/2005:12:49:24 +0000] "GET /imgs/jboss_agent01.jpg HTTP/1.1" 200 36388 "http://www.newspiritcompany.com/ejb01.htm" "Mozilla/4.0 (compatible; MSIE 6.0; Windows NT 5.0; .NET CLR 1.1.4322)"
193.191.210.10 - - [04/Oct/2005:12:49:24 +0000] "GET /imgs/NewJBoss01.jpg HTTP/1.1" 200 60058 "http://www.newspiritcompany.com/ejb01.htm" "Mozilla/4.0 (compatible; MSIE 6.0; Windows NT 5.0; .NET CLR 1.1.4322)"
193.191.210.10 - - [04/Oct/2005:12:49:24 +0000] "GET /imgs/jboss_init03.jpg HTTP/1.1" 200 78396 "http://www.newspiritcompany.com/ejb01.htm" "Mozilla/4.0 (compatible; MSIE 6.0; Windows NT 5.0; .NET CLR 1.1.4322)"
193.191.210.10 - - [04/Oct/2005:12:49:24 +0000] "GET /imgs/jboss_script02.jpg HTTP/1.1" 200 89205 "http://www.newspiritcompany.com/ejb01.htm" "Mozilla/4.0 (compatible; MSIE 6.0; Windows NT 5.0; .NET CLR 1.1.4322)"
193.191.210.10 - - [04/Oct/2005:12:49:24 +0000] "GET /imgs/jboss_uninstall01.jpg HTTP/1.1" 200 82707 "http://www.newspiritcompany.com/ejb01.htm" "Mozilla/4.0 (compatible; MSIE 6.0; Windows NT 5.0; .NET CLR 1.1.4322)"
193.191.210.10 - - [04/Oct/2005:12:49:24 +0000] "GET /beta/imgs/snapshot_build03.jpg HTTP/1.1" 200 80261 "http://www.newspiritcompany.com/ejb01.htm" "Mozilla/4.0 (compatible; MSIE 6.0; Windows NT 5.0; .NET CLR 1.1.4322)"
193.191.210.10 - - [04/Oct/2005:12:49:24 +0000] "GET /imgs/snapshot_jboss_deploy.jpg HTTP/1.1" 200 101013 "http://www.newspiritcompany.com/ejb01.htm" "Mozilla/4.0 (compatible; MSIE 6.0; Windows NT 5.0; .NET CLR 1.1.4322)"
193.191.210.10 - - [04/Oct/2005:12:49:24 +0000] "GET /beta/imgs/snapshot_build04.jpg HTTP/1.1" 200 117975 "http://www.newspiritcompany.com/ejb01.htm" "Mozilla/4.0 (compatible; MSIE 6.0; Windows NT 5.0; .NET CLR 1.1.4322)"
207.46.98.42 - - [04/Oct/2005:12:50:17 +0000] "GET /retroevolution/vb/src/src/src/src/src/src/src/src/src/src/src/src/src/src/src/src/src/src/src/src/rawdata.txt HTTP/1.0" 200 12579 "-" "msnbot/1.0 (+http://search.msn.com/msnbot.htm)"
207.46.98.42 - - [04/Oct/2005:12:50:27 +0000] "GET /retroevolution/vb/src/src/src/src/src/src/src/src/src/src/src/src/src/src/src/src/src/src/src/generalai.htm HTTP/1.0" 200 12579 "-" "msnbot/1.0 (+http://search.msn.com/msnbot.htm)"
193.191.210.10 - - [04/Oct/2005:12:51:00 +0000] "GET /src/HelloTomClient.zip HTTP/1.1" 200 23695 "http://www.newspiritcompany.com/ejb01.htm" "Mozilla/4.0 (compatible; MSIE 6.0; Windows NT 5.0; .NET CLR 1.1.4322)"
193.172.58.11 - - [04/Oct/2005:12:53:03 +0000] "GET /retroevolution/src/hiberutil.htm HTTP/1.1" 200 5594 "-" "Opera/8.50 (Windows NT 5.1; U; en)"
193.172.58.11 - - [04/Oct/2005:12:53:03 +0000] "GET /favicon.ico HTTP/1.1" 404 209 "http://newspiritcompany.com/retroevolution/src/hiberutil.htm" "Opera/8.50 (Windows NT 5.1; U; en)"
66.246.218.107 - - [04/Oct/2005:12:53:34 +0000] "GET /retroevolution/gismvc/RawConnectJAVA.htm HTTP/1.1" 200 4236 "http://mc.ashgabad.su" "Mozilla/4.0 (compatible; MSIE 5.01; Windows NT 5.0; MRA 4.1 (build 00975))"
66.246.218.107 - - [04/Oct/2005:12:53:34 +0000] "GET /retroevolution/gismvc/RawConnectJAVA.htm HTTP/1.1" 412 218 "http://hydrocodone.mc.azerbaijan.su/buy-hydrocodone/359.nhtml" "Mozilla/4.0 (compatible; MSIE 5.01; Windows NT 5.0; MRA 4.1 (build 00975))"
212.109.44.52 - - [04/Oct/2005:13:01:33 +0000] "GET /imgs/save_junit_again01.jpg HTTP/1.0" 200 47509 "http://www.bloglines.com/myblogs_display?sub=12834154&site=2290085" "Mozilla/5.0 (Windows; U; Windows NT 5.0; en-US; rv:1.7.12) Gecko/20050915 Firefox/1.0.7"
207.46.98.42 - - [04/Oct/2005:13:02:17 +0000] "GET /retroevolution/vb/src/src/src/src/src/src/src/src/src/src/src/src/src/src/src/src/src/src/src/src/src/src/rawdata.txt HTTP/1.0" 200 12579 "-" "msnbot/1.0 (+http://search.msn.com/msnbot.htm)"
207.46.98.42 - - [04/Oct/2005:13:02:18 +0000] "GET /retroevolution/vb/src/src/src/src/src/src/src/src/src/src/src/src/src/src/src/src/src/src/src/src/src/oracle.txt HTTP/1.0" 200 12579 "-" "msnbot/1.0 (+http://search.msn.com/msnbot.htm)"
207.46.98.42 - - [04/Oct/2005:13:02:18 +0000] "GET /retroevolution/vb/src/src/src/src/src/src/src/src/src/src/src/src/src/src/src/src/src/src/src/src/src/simpProject.txt HTTP/1.0" 200 12579 "-" "msnbot/1.0 (+http://search.msn.com/msnbot.htm)"
207.46.98.42 - - [04/Oct/2005:13:02:18 +0000] "GET /retroevolution/vb/src/src/src/src/src/src/src/src/src/src/src/src/src/src/src/src/src/src/src/src/src/rawdata.txt HTTP/1.0" 200 12579 "-" "msnbot/1.0 (+http://search.msn.com/msnbot.htm)"
207.46.98.42 - - [04/Oct/2005:13:02:18 +0000] "GET /retroevolution/vb/src/src/src/src/src/src/src/src/src/src/src/src/src/src/src/src/src/src/src/src/src/spillsToMovieScript.txt HTTP/1.0" 200 12579 "-" "msnbot/1.0 (+http://search.msn.com/msnbot.htm)"
207.46.98.42 - - [04/Oct/2005:13:02:18 +0000] "GET /retroevolution/vb/src/src/src/src/src/src/src/src/src/src/src/src/src/src/src/src/src/src/src/src/src/generalai.htm HTTP/1.0" 200 12579 "-" "msnbot/1.0 (+http://search.msn.com/msnbot.htm)"
207.46.98.42 - - [04/Oct/2005:13:02:18 +0000] "GET /retroevolution/vb/src/src/src/src/src/src/src/src/src/src/src/src/src/src/src/src/src/src/src/src/src/biology.htm HTTP/1.0" 200 12579 "-" "msnbot/1.0 (+http://search.msn.com/msnbot.htm)"
207.46.98.42 - - [04/Oct/2005:13:02:18 +0000] "GET /retroevolution/vb/src/src/src/src/src/src/src/src/src/src/src/src/src/src/src/src/src/src/src/src/src/gis.htm HTTP/1.0" 200 12579 "-" "msnbot/1.0 (+http://search.msn.com/msnbot.htm)"
207.46.98.42 - - [04/Oct/2005:13:02:19 +0000] "GET /retroevolution/vb/src/src/src/src/src/src/src/src/src/src/src/src/src/src/src/src/src/src/src/src/misc.htm HTTP/1.0" 200 12579 "-" "msnbot/1.0 (+http://search.msn.com/msnbot.htm)"
207.46.98.42 - - [04/Oct/2005:13:02:19 +0000] "GET /retroevolution/vb/src/src/src/src/src/src/src/src/src/src/src/src/src/src/src/src/src/src/src/src/megatherium.htm HTTP/1.0" 200 12579 "-" "msnbot/1.0 (+http://search.msn.com/msnbot.htm)"
207.46.98.42 - - [04/Oct/2005:13:02:19 +0000] "GET /retroevolution/vb/src/src/src/src/src/src/src/src/src/src/src/src/src/src/src/src/src/src/src/src/sitemap.htm HTTP/1.0" 200 12579 "-" "msnbot/1.0 (+http://search.msn.com/msnbot.htm)"
207.46.98.42 - - [04/Oct/2005:13:02:19 +0000] "GET /retroevolution/vb/src/src/src/src/src/src/src/src/src/src/src/src/src/src/src/src/src/src/src/src/flash.htm HTTP/1.0" 200 12579 "-" "msnbot/1.0 (+http://search.msn.com/msnbot.htm)"
207.46.98.42 - - [04/Oct/2005:13:02:19 +0000] "GET /retroevolution/vb/src/src/src/src/src/src/src/src/src/src/src/src/src/src/src/src/src/src/src/src/svg.htm HTTP/1.0" 200 12579 "-" "msnbot/1.0 (+http://search.msn.com/msnbot.htm)"
207.46.98.42 - - [04/Oct/2005:13:02:20 +0000] "GET /retroevolution/vb/src/src/src/src/src/src/src/src/src/src/src/src/src/src/src/src/src/src/src/src/generalai.htm HTTP/1.0" 200 12579 "-" "msnbot/1.0 (+http://search.msn.com/msnbot.htm)"
207.46.98.42 - - [04/Oct/2005:13:02:20 +0000] "GET /retroevolution/vb/src/src/src/src/src/src/src/src/src/src/src/src/src/src/src/src/src/src/src/src/about.htm HTTP/1.0" 200 12579 "-" "msnbot/1.0 (+http://search.msn.com/msnbot.htm)"
207.46.98.42 - - [04/Oct/2005:13:02:20 +0000] "GET /retroevolution/vb/src/src/src/src/src/src/src/src/src/src/src/src/src/src/src/src/src/src/src/src/gis.htm HTTP/1.0" 200 12579 "-" "msnbot/1.0 (+http://search.msn.com/msnbot.htm)"
207.46.98.42 - - [04/Oct/2005:13:02:20 +0000] "GET /retroevolution/vb/src/src/src/src/src/src/src/src/src/src/src/src/src/src/src/src/src/src/src/src/miscb.htm HTTP/1.0" 200 12579 "-" "msnbot/1.0 (+http://search.msn.com/msnbot.htm)"
207.46.98.42 - - [04/Oct/2005:13:02:20 +0000] "GET /retroevolution/vb/src/src/src/src/src/src/src/src/src/src/src/src/src/src/src/src/src/src/src/src/oracle.txt HTTP/1.0" 200 12579 "-" "msnbot/1.0 (+http://search.msn.com/msnbot.htm)"
207.46.98.42 - - [04/Oct/2005:13:02:21 +0000] "GET /retroevolution/vb/src/src/src/src/src/src/src/src/src/src/src/src/src/src/src/src/src/src/src/src/simpProject.txt HTTP/1.0" 200 12579 "-" "msnbot/1.0 (+http://search.msn.com/msnbot.htm)"
207.46.98.42 - - [04/Oct/2005:13:02:21 +0000] "GET /retroevolution/vb/src/src/src/src/src/src/src/src/src/src/src/src/src/src/src/src/src/src/src/misc.htm HTTP/1.0" 200 12579 "-" "msnbot/1.0 (+http://search.msn.com/msnbot.htm)"
207.46.98.42 - - [04/Oct/2005:13:02:22 +0000] "GET /retroevolution/vb/src/src/src/src/src/src/src/src/src/src/src/src/src/src/src/src/src/src/src/gomain.htm HTTP/1.0" 200 12579 "-" "msnbot/1.0 (+http://search.msn.com/msnbot.htm)"
207.46.98.42 - - [04/Oct/2005:13:02:22 +0000] "GET /retroevolution/vb/src/src/src/src/src/src/src/src/src/src/src/src/src/src/src/src/src/src/src/miscb.htm HTTP/1.0" 200 12579 "-" "msnbot/1.0 (+http://search.msn.com/msnbot.htm)"
207.46.98.42 - - [04/Oct/2005:13:02:22 +0000] "GET /retroevolution/vb/src/src/src/src/src/src/src/src/src/src/src/src/src/src/src/src/src/src/src/gis.htm HTTP/1.0" 200 12579 "-" "msnbot/1.0 (+http://search.msn.com/msnbot.htm)"
207.46.98.42 - - [04/Oct/2005:13:02:22 +0000] "GET /retroevolution/vb/src/src/src/src/src/src/src/src/src/src/src/src/src/src/src/src/src/src/src/biology.htm HTTP/1.0" 200 12579 "-" "msnbot/1.0 (+http://search.msn.com/msnbot.htm)"
207.46.98.42 - - [04/Oct/2005:13:02:22 +0000] "GET /retroevolution/vb/src/src/src/src/src/src/src/src/src/src/src/src/src/src/src/src/src/src/src/about.htm HTTP/1.0" 200 12579 "-" "msnbot/1.0 (+http://search.msn.com/msnbot.htm)"
207.46.98.42 - - [04/Oct/2005:13:02:22 +0000] "GET /retroevolution/vb/src/src/src/src/src/src/src/src/src/src/src/src/src/src/src/src/src/src/src/svg.htm HTTP/1.0" 200 12579 "-" "msnbot/1.0 (+http://search.msn.com/msnbot.htm)"
207.46.98.42 - - [04/Oct/2005:13:02:23 +0000] "GET /retroevolution/vb/src/src/src/src/src/src/src/src/src/src/src/src/src/src/src/src/src/src/src/flash.htm HTTP/1.0" 200 12579 "-" "msnbot/1.0 (+http://search.msn.com/msnbot.htm)"
207.46.98.42 - - [04/Oct/2005:13:02:23 +0000] "GET /retroevolution/vb/src/src/src/src/src/src/src/src/src/src/src/src/src/src/src/src/src/src/src/resources.htm HTTP/1.0" 200 12579 "-" "msnbot/1.0 (+http://search.msn.com/msnbot.htm)"
