24.207.81.93 - - [05/Oct/2005:01:11:38 +0000] "GET /spiritweb.css HTTP/1.1" 200 1332 "http://www.newspiritcompany.com/opensource.htm" "Mozilla/5.0 (Windows; U; Windows NT 5.1; en-US; rv:1.7.12) Gecko/20050915 Firefox/1.0.7"
24.207.81.93 - - [05/Oct/2005:01:11:38 +0000] "GET /imgs/MainBanner01.jpg HTTP/1.1" 200 12473 "http://www.newspiritcompany.com/opensource.htm" "Mozilla/5.0 (Windows; U; Windows NT 5.1; en-US; rv:1.7.12) Gecko/20050915 Firefox/1.0.7"
24.207.81.93 - - [05/Oct/2005:01:11:38 +0000] "GET /imgs/transBlocks.jpg HTTP/1.1" 200 10068 "http://www.newspiritcompany.com/opensource.htm" "Mozilla/5.0 (Windows; U; Windows NT 5.1; en-US; rv:1.7.12) Gecko/20050915 Firefox/1.0.7"
24.207.81.93 - - [05/Oct/2005:01:11:38 +0000] "GET /imgs/forest001.jpg HTTP/1.1" 200 24899 "http://www.newspiritcompany.com/opensource.htm" "Mozilla/5.0 (Windows; U; Windows NT 5.1; en-US; rv:1.7.12) Gecko/20050915 Firefox/1.0.7"
24.207.81.93 - - [05/Oct/2005:01:11:39 +0000] "GET /imgs/marker_small01.gif HTTP/1.1" 200 191 "http://www.newspiritcompany.com/opensource.htm" "Mozilla/5.0 (Windows; U; Windows NT 5.1; en-US; rv:1.7.12) Gecko/20050915 Firefox/1.0.7"
24.207.81.93 - - [05/Oct/2005:01:11:39 +0000] "GET /imgs/lamp002.jpg HTTP/1.1" 200 15551 "http://www.newspiritcompany.com/opensource.htm" "Mozilla/5.0 (Windows; U; Windows NT 5.1; en-US; rv:1.7.12) Gecko/20050915 Firefox/1.0.7"
24.207.81.93 - - [05/Oct/2005:01:11:39 +0000] "GET /imgs/TrainMoving.jpg HTTP/1.1" 200 27532 "http://www.newspiritcompany.com/opensource.htm" "Mozilla/5.0 (Windows; U; Windows NT 5.1; en-US; rv:1.7.12) Gecko/20050915 Firefox/1.0.7"
24.207.81.93 - - [05/Oct/2005:01:11:40 +0000] "GET /favicon.ico HTTP/1.1" 404 183 "-" "Mozilla/5.0 (Windows; U; Windows NT 5.1; en-US; rv:1.7.12) Gecko/20050915 Firefox/1.0.7"
68.142.249.75 - - [05/Oct/2005:01:16:50 +0000] "GET /robots.txt HTTP/1.0" 404 182 "-" "Mozilla/5.0 (compatible; Yahoo! Slurp; http://help.yahoo.com/help/us/ysearch/slurp)"
68.142.250.73 - - [05/Oct/2005:01:16:50 +0000] "GET /blog/article/128/something-is-wrong-with-your-code HTTP/1.0" 200 5734 "-" "Mozilla/5.0 (compatible; Yahoo! Slurp; http://help.yahoo.com/help/us/ysearch/slurp)"
207.46.98.42 - - [05/Oct/2005:01:19:19 +0000] "GET /retroevolution/vb/src/src/src/src/src/src/src/src/src/src/src/src/src/src/src/src/src/src/src/src/src/src/src/src/src/src/gis.htm HTTP/1.0" 200 12579 "-" "msnbot/1.0 (+http://search.msn.com/msnbot.htm)"
207.46.98.42 - - [05/Oct/2005:01:19:19 +0000] "GET /retroevolution/vb/src/src/src/src/src/src/src/src/src/src/src/src/src/src/src/src/src/src/src/src/src/src/src/src/src/src/resources.htm HTTP/1.0" 200 12579 "-" "msnbot/1.0 (+http://search.msn.com/msnbot.htm)"
207.46.98.42 - - [05/Oct/2005:01:19:20 +0000] "GET /retroevolution/vb/src/src/src/src/src/src/src/src/src/src/src/src/src/src/src/src/src/src/src/src/src/src/src/src/src/megatherium.htm HTTP/1.0" 200 12579 "-" "msnbot/1.0 (+http://search.msn.com/msnbot.htm)"
207.46.98.42 - - [05/Oct/2005:01:19:24 +0000] "GET /retroevolution/vb/src/src/src/src/src/src/src/src/src/src/src/src/src/src/src/src/src/src/src/src/src/src/src/src/src/sitemap.htm HTTP/1.0" 200 12579 "-" "msnbot/1.0 (+http://search.msn.com/msnbot.htm)"
64.34.145.197 - - [05/Oct/2005:01:23:09 +0000] "GET /robots.txt HTTP/1.0" 404 182 "-" "SBIder/0.8-dev (SBIder; http://www.sitesell.com/sbider.html; http://support.sitesell.com/contact-support.html)"
64.34.145.197 - - [05/Oct/2005:01:23:09 +0000] "GET /robots.txt HTTP/1.0" 404 182 "-" "SBIder/0.8-dev (SBIder; http://www.sitesell.com/sbider.html; http://support.sitesell.com/contact-support.html)"
64.34.145.197 - - [05/Oct/2005:01:23:19 +0000] "GET /sitemap.htm HTTP/1.0" 200 3072 "-" "SBIder/0.8-dev (SBIder; http://www.sitesell.com/sbider.html; http://support.sitesell.com/contact-support.html)"
64.34.145.197 - - [05/Oct/2005:01:23:28 +0000] "GET /shotgun.htm HTTP/1.0" 200 3786 "-" "SBIder/0.8-dev (SBIder; http://www.sitesell.com/sbider.html; http://support.sitesell.com/contact-support.html)"
64.34.145.197 - - [05/Oct/2005:01:23:38 +0000] "GET /news.htm HTTP/1.0" 200 425 "-" "SBIder/0.8-dev (SBIder; http://www.sitesell.com/sbider.html; http://support.sitesell.com/contact-support.html)"
68.142.249.185 - - [05/Oct/2005:01:23:43 +0000] "GET /retroevolution/fileio/OutputFactory.htm HTTP/1.0" 200 1293 "-" "Mozilla/5.0 (compatible; Yahoo! Slurp; http://help.yahoo.com/help/us/ysearch/slurp)"
64.34.145.197 - - [05/Oct/2005:01:23:52 +0000] "GET /blog/ HTTP/1.0" 200 8953 "-" "SBIder/0.8-dev (SBIder; http://www.sitesell.com/sbider.html; http://support.sitesell.com/contact-support.html)"
64.34.145.197 - - [05/Oct/2005:01:24:08 +0000] "GET /software.htm HTTP/1.0" 200 3373 "-" "SBIder/0.8-dev (SBIder; http://www.sitesell.com/sbider.html; http://support.sitesell.com/contact-support.html)"
66.246.218.107 - - [05/Oct/2005:01:26:19 +0000] "GET /retroevolution/ArcIMSConnectJavaHTTP.htm HTTP/1.1" 200 4095 "http://mc.ashgabad.su" "Mozilla/4.0 (compatible; MSIE 5.01; Windows NT 5.0; MRA 4.1 (build 00975))"
66.246.218.107 - - [05/Oct/2005:01:26:19 +0000] "GET /retroevolution/ArcIMSConnectJavaHTTP.htm HTTP/1.1" 412 216 "http://hydrocodone.mc.azerbaijan.su/buy-hydrocodone/188.nhtml" "Mozilla/4.0 (compatible; MSIE 5.01; Windows NT 5.0; MRA 4.1 (build 00975))"
68.142.249.51 - - [05/Oct/2005:01:41:18 +0000] "GET /robots.txt HTTP/1.0" 404 182 "-" "Mozilla/5.0 (compatible; Yahoo! Slurp; http://help.yahoo.com/help/us/ysearch/slurp)"
68.142.249.12 - - [05/Oct/2005:01:41:18 +0000] "GET /stop_poverty_now.html HTTP/1.0" 304 - "-" "Mozilla/5.0 (compatible; Yahoo! Slurp; http://help.yahoo.com/help/us/ysearch/slurp)"
207.46.98.42 - - [05/Oct/2005:01:54:16 +0000] "GET /retroevolution/vb/src/src/src/src/src/src/src/src/src/src/src/src/src/src/src/src/src/src/src/src/src/src/src/src/src/src/flash.htm HTTP/1.0" 200 12579 "-" "msnbot/1.0 (+http://search.msn.com/msnbot.htm)"
207.46.98.42 - - [05/Oct/2005:01:54:16 +0000] "GET /retroevolution/vb/src/src/src/src/src/src/src/src/src/src/src/src/src/src/src/src/src/src/src/src/src/src/src/src/src/src/miscb.htm HTTP/1.0" 200 12579 "-" "msnbot/1.0 (+http://search.msn.com/msnbot.htm)"
207.46.98.42 - - [05/Oct/2005:01:54:16 +0000] "GET /retroevolution/vb/src/src/src/src/src/src/src/src/src/src/src/src/src/src/src/src/src/src/src/src/src/src/src/src/src/src/generalai.htm HTTP/1.0" 200 12579 "-" "msnbot/1.0 (+http://search.msn.com/msnbot.htm)"
66.246.218.107 - - [05/Oct/2005:01:55:06 +0000] "GET /retroevolution/gismvc/RawConnectJAVA.htm HTTP/1.1" 200 4236 "http://mc.ashgabad.su" "Mozilla/4.0 (compatible; MSIE 5.01; Windows NT 5.0; MRA 4.1 (build 00975))"
66.246.218.107 - - [05/Oct/2005:01:55:06 +0000] "GET /retroevolution/gismvc/RawConnectJAVA.htm HTTP/1.1" 412 218 "http://hydrocodone.mc.azerbaijan.su/buy-hydrocodone/223.nhtml" "Mozilla/4.0 (compatible; MSIE 5.01; Windows NT 5.0; MRA 4.1 (build 00975))"
207.46.98.42 - - [05/Oct/2005:01:55:25 +0000] "GET /retroevolution/vb/src/src/src/src/src/src/src/src/src/src/src/src/src/src/src/src/src/src/src/src/src/src/src/src/src/src/sitestats.htm HTTP/1.0" 200 12579 "-" "msnbot/1.0 (+http://search.msn.com/msnbot.htm)"
207.46.98.42 - - [05/Oct/2005:01:56:41 +0000] "GET /retroevolution/vb/src/src/src/src/src/src/src/src/src/src/src/src/src/src/src/src/src/src/src/src/src/src/src/src/src/src/src/spillsToMovieScript.txt HTTP/1.0" 200 12579 "-" "msnbot/1.0 (+http://search.msn.com/msnbot.htm)"
207.46.98.42 - - [05/Oct/2005:01:56:41 +0000] "GET /retroevolution/vb/src/src/src/src/src/src/src/src/src/src/src/src/src/src/src/src/src/src/src/src/src/src/src/src/src/src/src/MapToSVG3.txt HTTP/1.0" 200 12579 "-" "msnbot/1.0 (+http://search.msn.com/msnbot.htm)"
207.46.98.42 - - [05/Oct/2005:01:56:41 +0000] "GET /retroevolution/vb/src/src/src/src/src/src/src/src/src/src/src/src/src/src/src/src/src/src/src/src/src/src/src/src/src/src/src/rawdata.txt HTTP/1.0" 200 12579 "-" "msnbot/1.0 (+http://search.msn.com/msnbot.htm)"
207.46.98.42 - - [05/Oct/2005:01:56:42 +0000] "GET /retroevolution/vb/src/src/src/src/src/src/src/src/src/src/src/src/src/src/src/src/src/src/src/src/src/src/src/src/src/src/megatherium.htm HTTP/1.0" 200 12579 "-" "msnbot/1.0 (+http://search.msn.com/msnbot.htm)"
207.46.98.42 - - [05/Oct/2005:01:56:42 +0000] "GET /retroevolution/vb/src/src/src/src/src/src/src/src/src/src/src/src/src/src/src/src/src/src/src/src/src/src/src/src/src/src/sitemap.htm HTTP/1.0" 200 12579 "-" "msnbot/1.0 (+http://search.msn.com/msnbot.htm)"
207.46.98.42 - - [05/Oct/2005:01:56:43 +0000] "GET /retroevolution/vb/src/src/src/src/src/src/src/src/src/src/src/src/src/src/src/src/src/src/src/src/src/src/src/src/src/src/gomain.htm HTTP/1.0" 200 12579 "-" "msnbot/1.0 (+http://search.msn.com/msnbot.htm)"
66.249.65.43 - - [05/Oct/2005:01:56:46 +0000] "GET /robots.txt HTTP/1.1" 404 182 "-" "Mozilla/5.0 (compatible; Googlebot/2.1; +http://www.google.com/bot.html)"
66.249.65.43 - - [05/Oct/2005:01:56:46 +0000] "GET /sitemap.xml.gz HTTP/1.1" 200 15263 "-" "Mozilla/5.0 (compatible; Googlebot/2.1; +http://www.google.com/bot.html)"
207.7.108.165 - - [05/Oct/2005:02:00:38 +0000] "GET /blog/?rss=1 HTTP/1.1" 304 - "-" "TextPlanet : The People on TextDrive http://textplanet.net/ Planet/0.2 http://www.planetplanet.org/ UltraLiberalFeedParser/2.7.6 +http://diveintomark.org/projects/feed_parser/"
207.46.98.42 - - [05/Oct/2005:02:01:05 +0000] "GET /retroevolution/vb/src/src/src/src/src/src/src/src/src/src/src/src/src/src/src/src/src/src/src/src/src/src/src/src/src/src/src/oracle.txt HTTP/1.0" 200 12579 "-" "msnbot/1.0 (+http://search.msn.com/msnbot.htm)"
207.46.98.42 - - [05/Oct/2005:02:01:05 +0000] "GET /retroevolution/vb/src/src/src/src/src/src/src/src/src/src/src/src/src/src/src/src/src/src/src/src/src/src/src/src/src/src/about.htm HTTP/1.0" 200 12579 "-" "msnbot/1.0 (+http://search.msn.com/msnbot.htm)"
207.46.98.42 - - [05/Oct/2005:02:01:05 +0000] "GET /retroevolution/vb/src/src/src/src/src/src/src/src/src/src/src/src/src/src/src/src/src/src/src/src/src/src/src/src/src/src/misc.htm HTTP/1.0" 200 12579 "-" "msnbot/1.0 (+http://search.msn.com/msnbot.htm)"
207.46.98.42 - - [05/Oct/2005:02:01:14 +0000] "GET /retroevolution/vb/src/src/src/src/src/src/src/src/src/src/src/src/src/src/src/src/src/src/src/src/src/src/src/src/src/src/src/simpProject.txt HTTP/1.0" 200 12579 "-" "msnbot/1.0 (+http://search.msn.com/msnbot.htm)"
207.46.98.42 - - [05/Oct/2005:02:01:14 +0000] "GET /retroevolution/vb/src/src/src/src/src/src/src/src/src/src/src/src/src/src/src/src/src/src/src/src/src/src/src/src/src/src/biology.htm HTTP/1.0" 200 12579 "-" "msnbot/1.0 (+http://search.msn.com/msnbot.htm)"
207.46.98.42 - - [05/Oct/2005:02:01:14 +0000] "GET /retroevolution/vb/src/src/src/src/src/src/src/src/src/src/src/src/src/src/src/src/src/src/src/src/src/src/src/src/src/src/svg.htm HTTP/1.0" 200 12579 "-" "msnbot/1.0 (+http://search.msn.com/msnbot.htm)"
68.142.250.64 - - [05/Oct/2005:02:09:58 +0000] "GET /lispstart.html HTTP/1.0" 304 - "-" "Mozilla/5.0 (compatible; Yahoo! Slurp; http://help.yahoo.com/help/us/ysearch/slurp)"
66.249.65.43 - - [05/Oct/2005:02:15:47 +0000] "GET /robots.txt HTTP/1.1" 404 182 "-" "Mozilla/5.0 (compatible; Googlebot/2.1; +http://www.google.com/bot.html)"
66.249.65.43 - - [05/Oct/2005:02:15:47 +0000] "GET /sitemap.xml.gz HTTP/1.1" 200 15263 "-" "Mozilla/5.0 (compatible; Googlebot/2.1; +http://www.google.com/bot.html)"
24.99.72.157 - - [05/Oct/2005:02:18:33 +0000] "GET / HTTP/1.1" 200 1788 "-" "Mozilla/5.0 (Windows; U; Windows NT 5.1; en-US; rv:1.7.10) Gecko/20050716 Firefox/1.0.6"
24.99.72.157 - - [05/Oct/2005:02:18:34 +0000] "GET /favicon.ico HTTP/1.1" 404 183 "-" "Mozilla/5.0 (Windows; U; Windows NT 5.1; en-US; rv:1.7.10) Gecko/20050716 Firefox/1.0.6"
24.99.72.157 - - [05/Oct/2005:02:18:36 +0000] "GET /blog HTTP/1.1" 301 198 "http://www.newspiritcompany.com/" "Mozilla/5.0 (Windows; U; Windows NT 5.1; en-US; rv:1.7.10) Gecko/20050716 Firefox/1.0.6"
24.99.72.157 - - [05/Oct/2005:02:18:36 +0000] "GET /blog/ HTTP/1.1" 200 8953 "http://www.newspiritcompany.com/" "Mozilla/5.0 (Windows; U; Windows NT 5.1; en-US; rv:1.7.10) Gecko/20050716 Firefox/1.0.6"
24.99.72.157 - - [05/Oct/2005:02:18:37 +0000] "GET /blog/textpattern/css.php?s=default HTTP/1.1" 200 895 "http://newspiritcompany.com/blog/" "Mozilla/5.0 (Windows; U; Windows NT 5.1; en-US; rv:1.7.10) Gecko/20050716 Firefox/1.0.6"
24.99.72.157 - - [05/Oct/2005:02:18:38 +0000] "GET /imgs/new_background_grey.gif HTTP/1.1" 304 - "http://newspiritcompany.com/blog/" "Mozilla/5.0 (Windows; U; Windows NT 5.1; en-US; rv:1.7.10) Gecko/20050716 Firefox/1.0.6"
24.99.72.157 - - [05/Oct/2005:02:18:39 +0000] "GET /favicon.ico HTTP/1.1" 404 183 "-" "Mozilla/5.0 (Windows; U; Windows NT 5.1; en-US; rv:1.7.10) Gecko/20050716 Firefox/1.0.6"
24.99.72.157 - - [05/Oct/2005:02:18:40 +0000] "GET /favicon.ico HTTP/1.1" 404 183 "-" "Mozilla/5.0 (Windows; U; Windows NT 5.1; en-US; rv:1.7.10) Gecko/20050716 Firefox/1.0.6"
24.99.72.157 - - [05/Oct/2005:02:18:42 +0000] "GET /blog/textpattern/index.php HTTP/1.1" 200 3491 "-" "Mozilla/5.0 (Windows; U; Windows NT 5.1; en-US; rv:1.7.10) Gecko/20050716 Firefox/1.0.6"
24.99.72.157 - - [05/Oct/2005:02:18:43 +0000] "GET /favicon.ico HTTP/1.1" 404 183 "-" "Mozilla/5.0 (Windows; U; Windows NT 5.1; en-US; rv:1.7.10) Gecko/20050716 Firefox/1.0.6"
24.99.72.157 - - [05/Oct/2005:02:23:19 +0000] "POST /blog/textpattern/index.php HTTP/1.1" 200 3524 "http://newspiritcompany.com/blog/textpattern/index.php" "Mozilla/5.0 (Windows; U; Windows NT 5.1; en-US; rv:1.7.10) Gecko/20050716 Firefox/1.0.6"
72.25.105.149 - - [05/Oct/2005:04:28:11 +0000] "GET /favicon.ico HTTP/1.1" 404 183 "-" "Mozilla/5.0 (Windows; U; Windows NT 5.0; en-US; rv:1.7.12) Gecko/20050915 Firefox/1.0.7"
72.25.105.149 - - [05/Oct/2005:04:28:18 +0000] "GET /favicon.ico HTTP/1.1" 404 183 "-" "Mozilla/5.0 (Windows; U; Windows NT 5.0; en-US; rv:1.7.12) Gecko/20050915 Firefox/1.0.7"
68.142.251.87 - - [05/Oct/2005:04:28:18 +0000] "GET /blog/article/124/atlanta-companies-revisted HTTP/1.0" 200 1405 "-" "Mozilla/5.0 (compatible; Yahoo! Slurp; http://help.yahoo.com/help/us/ysearch/slurp)"
72.25.105.149 - - [05/Oct/2005:04:29:17 +0000] "GET /favicon.ico HTTP/1.1" 404 183 "-" "Mozilla/5.0 (Windows; U; Windows NT 5.0; en-US; rv:1.7.12) Gecko/20050915 Firefox/1.0.7"
24.99.72.157 - - [05/Oct/2005:04:30:10 +0000] "GET / HTTP/1.1" 200 1789 "-" "Mozilla/5.0 (Windows; U; Windows NT 5.1; en-US; rv:1.7.10) Gecko/20050716 Firefox/1.0.6"
24.99.72.157 - - [05/Oct/2005:04:30:11 +0000] "GET /favicon.ico HTTP/1.1" 404 183 "-" "Mozilla/5.0 (Windows; U; Windows NT 5.1; en-US; rv:1.7.10) Gecko/20050716 Firefox/1.0.6"
24.99.72.157 - - [05/Oct/2005:04:30:12 +0000] "GET /newprojects.html HTTP/1.1" 200 1314 "http://www.newspiritcompany.com/" "Mozilla/5.0 (Windows; U; Windows NT 5.1; en-US; rv:1.7.10) Gecko/20050716 Firefox/1.0.6"
24.99.72.157 - - [05/Oct/2005:04:30:12 +0000] "GET /favicon.ico HTTP/1.1" 404 183 "-" "Mozilla/5.0 (Windows; U; Windows NT 5.1; en-US; rv:1.7.10) Gecko/20050716 Firefox/1.0.6"
24.99.72.157 - - [05/Oct/2005:04:30:18 +0000] "GET /src/HTTPFileWalkParseOct.zip HTTP/1.1" 200 107950 "http://www.newspiritcompany.com/newprojects.html" "Mozilla/5.0 (Windows; U; Windows NT 5.1; en-US; rv:1.7.10) Gecko/20050716 Firefox/1.0.6"
24.99.72.157 - - [05/Oct/2005:04:31:58 +0000] "HEAD /src/HTTPFileWalkParseOct.zip HTTP/1.1" 200 - "-" "Mozilla/5.0 (Windows; U; Windows NT 5.1; en-US; rv:1.7.10) Gecko/20050716 Firefox/1.0.6"
24.99.72.157 - - [05/Oct/2005:04:31:59 +0000] "GET /src/HTTPFileWalkParseOct.zip HTTP/1.1" 200 107950 "http://www.newspiritcompany.com/newprojects.html" "Mozilla/5.0 (Windows; U; Windows NT 5.1; en-US; rv:1.7.10) Gecko/20050716 Firefox/1.0.6"
66.249.65.43 - - [05/Oct/2005:04:32:03 +0000] "GET /sitemap.xml.gz HTTP/1.1" 200 15263 "-" "Mozilla/5.0 (compatible; Googlebot/2.1; +http://www.google.com/bot.html)"
66.194.6.76 - - [05/Oct/2005:04:38:55 +0000] "GET / HTTP/1.1" 200 4013 "-" "Mozilla/5.0 (compatible; Konqueror/3.0-rc3; i686 Linux; 20020404)"
221.216.70.17 - - [05/Oct/2005:04:44:52 +0000] "GET /ejb01.htm HTTP/1.1" 200 12171 "http://today.java.net/pub/a/today/2005/03/01/InstallingJBoss.html" "Mozilla/4.0 (compatible; MSIE 6.0; Windows NT 5.1; Maxthon)"
221.216.70.17 - - [05/Oct/2005:04:44:53 +0000] "GET /imgs/ros_banner.jpg HTTP/1.1" 200 19239 "http://www.newspiritcompany.com/ejb01.htm" "Mozilla/4.0 (compatible; MSIE 6.0; Windows NT 5.1; Maxthon)"
221.216.70.17 - - [05/Oct/2005:04:44:53 +0000] "GET /beta/imgs/snapshot_seaimg01.jpg HTTP/1.1" 200 19560 "http://www.newspiritcompany.com/ejb01.htm" "Mozilla/4.0 (compatible; MSIE 6.0; Windows NT 5.1; Maxthon)"
221.216.70.17 - - [05/Oct/2005:04:44:53 +0000] "GET /imgs/NewJBoss01.jpg HTTP/1.1" 200 60058 "http://www.newspiritcompany.com/ejb01.htm" "Mozilla/4.0 (compatible; MSIE 6.0; Windows NT 5.1; Maxthon)"
221.216.70.17 - - [05/Oct/2005:04:44:55 +0000] "GET /imgs/jboss_agent01.jpg HTTP/1.1" 200 36388 "http://www.newspiritcompany.com/ejb01.htm" "Mozilla/4.0 (compatible; MSIE 6.0; Windows NT 5.1; Maxthon)"
221.216.70.17 - - [05/Oct/2005:04:44:53 +0000] "GET /imgs/jboss_init01.jpg HTTP/1.1" 200 90845 "http://www.newspiritcompany.com/ejb01.htm" "Mozilla/4.0 (compatible; MSIE 6.0; Windows NT 5.1; Maxthon)"
221.216.70.17 - - [05/Oct/2005:04:44:54 +0000] "GET /imgs/jboss_init03.jpg HTTP/1.1" 200 78396 "http://www.newspiritcompany.com/ejb01.htm" "Mozilla/4.0 (compatible; MSIE 6.0; Windows NT 5.1; Maxthon)"
221.216.70.17 - - [05/Oct/2005:04:44:53 +0000] "GET /imgs/jboss_script02.jpg HTTP/1.1" 200 89205 "http://www.newspiritcompany.com/ejb01.htm" "Mozilla/4.0 (compatible; MSIE 6.0; Windows NT 5.1; Maxthon)"
221.216.70.17 - - [05/Oct/2005:04:44:58 +0000] "GET /imgs/jms_mysql_changes.jpg HTTP/1.1" 200 41066 "http://www.newspiritcompany.com/ejb01.htm" "Mozilla/4.0 (compatible; MSIE 6.0; Windows NT 5.1; Maxthon)"
221.216.70.17 - - [05/Oct/2005:04:44:56 +0000] "GET /imgs/jboss_uninstall01.jpg HTTP/1.1" 200 82707 "http://www.newspiritcompany.com/ejb01.htm" "Mozilla/4.0 (compatible; MSIE 6.0; Windows NT 5.1; Maxthon)"
221.216.70.17 - - [05/Oct/2005:04:45:00 +0000] "GET /beta/imgs/snapshot_build03.jpg HTTP/1.1" 200 80261 "http://www.newspiritcompany.com/ejb01.htm" "Mozilla/4.0 (compatible; MSIE 6.0; Windows NT 5.1; Maxthon)"
221.216.70.17 - - [05/Oct/2005:04:44:59 +0000] "GET /imgs/snapshot_jboss_deploy.jpg HTTP/1.1" 200 101013 "http://www.newspiritcompany.com/ejb01.htm" "Mozilla/4.0 (compatible; MSIE 6.0; Windows NT 5.1; Maxthon)"
221.216.70.17 - - [05/Oct/2005:04:45:00 +0000] "GET /beta/imgs/snapshot_build04.jpg HTTP/1.1" 200 117975 "http://www.newspiritcompany.com/ejb01.htm" "Mozilla/4.0 (compatible; MSIE 6.0; Windows NT 5.1; Maxthon)"
221.216.70.17 - - [05/Oct/2005:04:45:14 +0000] "GET /favicon.ico HTTP/1.1" 404 183 "-" "Mozilla/4.0 (compatible; MSIE 6.0; Windows NT 5.1; Maxthon)"
221.216.70.17 - - [05/Oct/2005:04:46:54 +0000] "GET /withspring.html HTTP/1.1" 200 3507 "http://www.newspiritcompany.com/ejb01.htm" "Mozilla/4.0 (compatible; MSIE 6.0; Windows NT 5.1; Maxthon)"
221.216.70.17 - - [05/Oct/2005:04:46:59 +0000] "GET /projorangetempl.css HTTP/1.1" 200 831 "http://www.newspiritcompany.com/withspring.html" "Mozilla/4.0 (compatible; MSIE 6.0; Windows NT 5.1; Maxthon)"
221.216.70.17 - - [05/Oct/2005:04:47:00 +0000] "GET /imgs/spring_code01.jpg HTTP/1.1" 200 19449 "http://www.newspiritcompany.com/withspring.html" "Mozilla/4.0 (compatible; MSIE 6.0; Windows NT 5.1; Maxthon)"
221.216.70.17 - - [05/Oct/2005:04:47:00 +0000] "GET /imgs/spring_diagram01.jpg HTTP/1.1" 200 36128 "http://www.newspiritcompany.com/withspring.html" "Mozilla/4.0 (compatible; MSIE 6.0; Windows NT 5.1; Maxthon)"
221.216.70.17 - - [05/Oct/2005:04:47:00 +0000] "GET /imgs/CarPicture03.jpg HTTP/1.1" 200 52268 "http://www.newspiritcompany.com/withspring.html" "Mozilla/4.0 (compatible; MSIE 6.0; Windows NT 5.1; Maxthon)"
221.216.70.17 - - [05/Oct/2005:04:47:00 +0000] "GET /imgs/spring_cluster01.jpg HTTP/1.1" 200 73893 "http://www.newspiritcompany.com/withspring.html" "Mozilla/4.0 (compatible; MSIE 6.0; Windows NT 5.1; Maxthon)"
221.216.70.17 - - [05/Oct/2005:04:47:07 +0000] "GET /favicon.ico HTTP/1.1" 404 183 "-" "Mozilla/4.0 (compatible; MSIE 6.0; Windows NT 5.1; Maxthon)"
64.34.145.199 - - [05/Oct/2005:04:48:47 +0000] "GET /robots.txt HTTP/1.0" 404 182 "-" "SBIder/0.8-dev (SBIder; http://www.sitesell.com/sbider.html; http://support.sitesell.com/contact-support.html)"
64.34.145.199 - - [05/Oct/2005:04:48:47 +0000] "GET /blog/ HTTP/1.0" 200 8999 "-" "SBIder/0.8-dev (SBIder; http://www.sitesell.com/sbider.html; http://support.sitesell.com/contact-support.html)"
64.34.145.199 - - [05/Oct/2005:04:49:11 +0000] "GET /spiritforum/ HTTP/1.0" 200 1760 "-" "SBIder/0.8-dev (SBIder; http://www.sitesell.com/sbider.html; http://support.sitesell.com/contact-support.html)"
66.246.218.107 - - [05/Oct/2005:04:53:49 +0000] "GET /retroevolution/gismvc/RawConnectJAVA.htm HTTP/1.1" 412 218 "http://hydrocodone.mc.azerbaijan.su/buy-hydrocodone/801.nhtml" "Mozilla/4.0 (compatible; MSIE 5.01; Windows NT 5.0; MRA 4.1 (build 00975))"
66.246.218.107 - - [05/Oct/2005:04:53:48 +0000] "GET /retroevolution/gismvc/RawConnectJAVA.htm HTTP/1.1" 200 4236 "http://mc.ashgabad.su" "Mozilla/4.0 (compatible; MSIE 5.01; Windows NT 5.0; MRA 4.1 (build 00975))"
207.7.108.165 - - [05/Oct/2005:05:01:00 +0000] "GET /blog/?rss=1 HTTP/1.1" 304 - "-" "TextPlanet : The People on TextDrive http://textplanet.net/ Planet/0.2 http://www.planetplanet.org/ UltraLiberalFeedParser/2.7.6 +http://diveintomark.org/projects/feed_parser/"
24.99.72.157 - - [05/Oct/2005:05:03:57 +0000] "OPTIONS /svn/NewSpiritCompany/NumbersProject/Numbers HTTP/1.1" 401 290 "-" "SVN/1.2.3 (r15833) neon/0.24.7"
66.249.65.43 - - [05/Oct/2005:18:37:57 +0000] "GET /sitemap.xml.gz HTTP/1.1" 200 15263 "-" "Mozilla/5.0 (compatible; Googlebot/2.1; +http://www.google.com/bot.html)"
64.180.189.115 - - [05/Oct/2005:18:38:34 +0000] "GET /imgs/opensource_development_stack01_sm.jpg HTTP/1.1" 200 50328 "http://www.jroller.com/page/berlinbrown/20050826" "Mozilla/5.0 (Windows; U; Windows NT 5.1; en-US; rv:1.7.8) Gecko/20050511 Firefox/1.0.4"
64.180.189.115 - - [05/Oct/2005:18:38:35 +0000] "GET /imgs/codegen_usecase_sm.jpg HTTP/1.1" 200 35646 "http://www.jroller.com/page/berlinbrown/20050826" "Mozilla/5.0 (Windows; U; Windows NT 5.1; en-US; rv:1.7.8) Gecko/20050511 Firefox/1.0.4"
64.180.189.115 - - [05/Oct/2005:18:38:35 +0000] "GET /imgs/usecase_lisp.jpg HTTP/1.1" 200 28966 "http://www.jroller.com/page/berlinbrown/20050826" "Mozilla/5.0 (Windows; U; Windows NT 5.1; en-US; rv:1.7.8) Gecko/20050511 Firefox/1.0.4"
64.180.189.115 - - [05/Oct/2005:18:38:34 +0000] "GET /imgs/xml_gives_crash01.jpg HTTP/1.1" 200 69434 "http://www.jroller.com/page/berlinbrown/20050826" "Mozilla/5.0 (Windows; U; Windows NT 5.1; en-US; rv:1.7.8) Gecko/20050511 Firefox/1.0.4"
64.180.189.115 - - [05/Oct/2005:18:38:36 +0000] "GET /imgs/phoenix_flow03_small.jpg HTTP/1.1" 200 21846 "http://www.jroller.com/page/berlinbrown/20050826" "Mozilla/5.0 (Windows; U; Windows NT 5.1; en-US; rv:1.7.8) Gecko/20050511 Firefox/1.0.4"
64.180.189.115 - - [05/Oct/2005:18:38:36 +0000] "GET /imgs/codegen_view02.jpg HTTP/1.1" 200 22728 "http://www.jroller.com/page/berlinbrown/20050826" "Mozilla/5.0 (Windows; U; Windows NT 5.1; en-US; rv:1.7.8) Gecko/20050511 Firefox/1.0.4"
64.180.189.115 - - [05/Oct/2005:18:38:37 +0000] "GET /imgs/final_product09.jpg HTTP/1.1" 200 47002 "http://www.jroller.com/page/berlinbrown/20050826" "Mozilla/5.0 (Windows; U; Windows NT 5.1; en-US; rv:1.7.8) Gecko/20050511 Firefox/1.0.4"
64.180.189.115 - - [05/Oct/2005:18:38:36 +0000] "GET /imgs/simple_lisp_code.jpg HTTP/1.1" 200 102833 "http://www.jroller.com/page/berlinbrown/20050826" "Mozilla/5.0 (Windows; U; Windows NT 5.1; en-US; rv:1.7.8) Gecko/20050511 Firefox/1.0.4"
85.165.111.254 - - [05/Oct/2005:18:47:44 +0000] "GET /os1/Hardware.htm HTTP/1.1" 200 1564 "http://www.google.com/search?hl=en&lr=&q=outb+x21" "Mozilla/4.0 (compatible; MSIE 6.0; Windows NT 5.1; SV1; .NET CLR 1.1.4322)"
65.214.44.78 - - [05/Oct/2005:18:48:31 +0000] "GET /ejb/session_HelloWorldSessionBean.html HTTP/1.0" 304 - "-" "Mozilla/2.0 (compatible; Ask Jeeves/Teoma; +http://sp.ask.com/docs/about/tech_crawling.html)"
